Archive member included to satisfy reference by file (symbol)

c:/altera/15.1/nios2eds/bin/gnu/h-x86_64-mingw32/bin/../lib/gcc/nios2-elf/4.9.2/../../../../../H-x86_64-mingw32/nios2-elf/lib/mhw-mulx\libc.a(lib_a-exit.o)
                              obj/default/advanced_boot_copier.o (exit)
c:/altera/15.1/nios2eds/bin/gnu/h-x86_64-mingw32/bin/../lib/gcc/nios2-elf/4.9.2/../../../../../H-x86_64-mingw32/nios2-elf/lib/mhw-mulx\libc.a(lib_a-impure.o)
                              c:/altera/15.1/nios2eds/bin/gnu/h-x86_64-mingw32/bin/../lib/gcc/nios2-elf/4.9.2/../../../../../H-x86_64-mingw32/nios2-elf/lib/mhw-mulx\libc.a(lib_a-exit.o) (_global_impure_ptr)
c:/altera/15.1/nios2eds/bin/gnu/h-x86_64-mingw32/bin/../lib/gcc/nios2-elf/4.9.2/../../../../../H-x86_64-mingw32/nios2-elf/lib/mhw-mulx\libc.a(lib_a-memcpy.o)
                              obj/default/advanced_boot_copier.o (memcpy)
c:/altera/15.1/nios2eds/bin/gnu/h-x86_64-mingw32/bin/../lib/gcc/nios2-elf/4.9.2/../../../../../H-x86_64-mingw32/nios2-elf/lib/mhw-mulx\libc.a(lib_a-__call_atexit.o)
                              c:/altera/15.1/nios2eds/bin/gnu/h-x86_64-mingw32/bin/../lib/gcc/nios2-elf/4.9.2/../../../../../H-x86_64-mingw32/nios2-elf/lib/mhw-mulx\libc.a(lib_a-exit.o) (__call_exitprocs)
../boot_bsp/\libhal_bsp.a(alt_dcache_flush_all.o)
                              obj/default/advanced_boot_copier.o (alt_dcache_flush_all)
../boot_bsp/\libhal_bsp.a(alt_exit.o)
                              c:/altera/15.1/nios2eds/bin/gnu/h-x86_64-mingw32/bin/../lib/gcc/nios2-elf/4.9.2/../../../../../H-x86_64-mingw32/nios2-elf/lib/mhw-mulx\libc.a(lib_a-exit.o) (_exit)
../boot_bsp/\libhal_bsp.a(alt_icache_flush_all.o)
                              obj/default/advanced_boot_copier.o (alt_icache_flush_all)
../boot_bsp/\libhal_bsp.a(alt_load.o)
                              ../boot_bsp//obj/HAL/src/crt0.o (alt_load)
../boot_bsp/\libhal_bsp.a(alt_usleep.o)
                              obj/default/advanced_boot_copier.o (usleep)
../boot_bsp/\libhal_bsp.a(alt_sys_init.o)
                              obj/default/advanced_boot_copier.o (alt_irq_init)
../boot_bsp/\libhal_bsp.a(altera_avalon_jtag_uart_fd.o)
                              ../boot_bsp/\libhal_bsp.a(alt_sys_init.o) (altera_avalon_jtag_uart_read_fd)
../boot_bsp/\libhal_bsp.a(altera_avalon_jtag_uart_init.o)
                              ../boot_bsp/\libhal_bsp.a(alt_sys_init.o) (altera_avalon_jtag_uart_init)
../boot_bsp/\libhal_bsp.a(altera_avalon_jtag_uart_ioctl.o)
                              ../boot_bsp/\libhal_bsp.a(altera_avalon_jtag_uart_fd.o) (altera_avalon_jtag_uart_ioctl)
../boot_bsp/\libhal_bsp.a(altera_avalon_jtag_uart_read.o)
                              ../boot_bsp/\libhal_bsp.a(altera_avalon_jtag_uart_fd.o) (altera_avalon_jtag_uart_read)
../boot_bsp/\libhal_bsp.a(altera_avalon_jtag_uart_write.o)
                              ../boot_bsp/\libhal_bsp.a(altera_avalon_jtag_uart_fd.o) (altera_avalon_jtag_uart_write)
../boot_bsp/\libhal_bsp.a(altera_avalon_timer_sc.o)
                              ../boot_bsp/\libhal_bsp.a(alt_sys_init.o) (alt_avalon_timer_sc_init)
../boot_bsp/\libhal_bsp.a(altera_avalon_uart_fd.o)
                              ../boot_bsp/\libhal_bsp.a(alt_sys_init.o) (altera_avalon_uart_read_fd)
../boot_bsp/\libhal_bsp.a(altera_avalon_uart_init.o)
                              ../boot_bsp/\libhal_bsp.a(alt_sys_init.o) (altera_avalon_uart_init)
../boot_bsp/\libhal_bsp.a(altera_avalon_uart_read.o)
                              ../boot_bsp/\libhal_bsp.a(altera_avalon_uart_fd.o) (altera_avalon_uart_read)
../boot_bsp/\libhal_bsp.a(altera_avalon_uart_write.o)
                              ../boot_bsp/\libhal_bsp.a(altera_avalon_uart_fd.o) (altera_avalon_uart_write)
../boot_bsp/\libhal_bsp.a(alt_alarm_start.o)
                              ../boot_bsp/\libhal_bsp.a(altera_avalon_jtag_uart_init.o) (alt_alarm_start)
../boot_bsp/\libhal_bsp.a(alt_busy_sleep.o)
                              ../boot_bsp/\libhal_bsp.a(alt_usleep.o) (alt_busy_sleep)
../boot_bsp/\libhal_bsp.a(alt_dev.o)
                              ../boot_bsp/\libhal_bsp.a(alt_sys_init.o) (alt_dev_list)
../boot_bsp/\libhal_bsp.a(alt_dev_llist_insert.o)
                              ../boot_bsp/\libhal_bsp.a(alt_sys_init.o) (alt_dev_llist_insert)
../boot_bsp/\libhal_bsp.a(alt_errno.o)
                              ../boot_bsp/\libhal_bsp.a(altera_avalon_uart_read.o) (alt_errno)
../boot_bsp/\libhal_bsp.a(alt_icache_flush.o)
                              ../boot_bsp/\libhal_bsp.a(alt_icache_flush_all.o) (alt_icache_flush)
../boot_bsp/\libhal_bsp.a(alt_iic.o)
                              ../boot_bsp/\libhal_bsp.a(altera_avalon_jtag_uart_init.o) (alt_ic_isr_register)
../boot_bsp/\libhal_bsp.a(alt_iic_isr_register.o)
                              ../boot_bsp/\libhal_bsp.a(alt_iic.o) (alt_iic_isr_register)
../boot_bsp/\libhal_bsp.a(alt_irq_entry.o)
                              ../boot_bsp/\libhal_bsp.a(alt_iic_isr_register.o) (alt_irq_entry)
../boot_bsp/\libhal_bsp.a(alt_irq_handler.o)
                              ../boot_bsp/\libhal_bsp.a(alt_iic_isr_register.o) (alt_irq)
../boot_bsp/\libhal_bsp.a(alt_irq_vars.o)
                              ../boot_bsp/\libhal_bsp.a(alt_iic.o) (alt_irq_active)
../boot_bsp/\libhal_bsp.a(alt_tick.o)
                              ../boot_bsp/\libhal_bsp.a(altera_avalon_jtag_uart_init.o) (_alt_tick_rate)
../boot_bsp/\libhal_bsp.a(altera_nios2_qsys_irq.o)
                              ../boot_bsp/\libhal_bsp.a(alt_sys_init.o) (altera_nios2_qsys_irq_init)
../boot_bsp/\libhal_bsp.a(alt_exception_entry.o)
                              ../boot_bsp/\libhal_bsp.a(alt_irq_entry.o) (alt_exception)
c:/altera/15.1/nios2eds/bin/gnu/h-x86_64-mingw32/bin/../lib/gcc/nios2-elf/4.9.2/../../../../../H-x86_64-mingw32/nios2-elf/lib/mhw-mulx\libc.a(lib_a-int_errno.o)
                              ../boot_bsp/\libhal_bsp.a(altera_avalon_uart_read.o) (errno)
c:/altera/15.1/nios2eds/bin/gnu/h-x86_64-mingw32/bin/../lib/gcc/nios2-elf/4.9.2/mhw-mulx\libgcc.a(lib2-divmod.o)
                              ../boot_bsp/\libhal_bsp.a(alt_busy_sleep.o) (__udivsi3)

Allocating common symbols
Common symbol       size              file

alt_irq             0x100             ../boot_bsp/\libhal_bsp.a(alt_irq_handler.o)
errno               0x4               c:/altera/15.1/nios2eds/bin/gnu/h-x86_64-mingw32/bin/../lib/gcc/nios2-elf/4.9.2/../../../../../H-x86_64-mingw32/nios2-elf/lib/mhw-mulx\libc.a(lib_a-int_errno.o)
flash_image_ptr_1   0x4               obj/default/advanced_boot_copier.o
flash_image_ptr_2   0x4               obj/default/advanced_boot_copier.o

Memory Configuration

Name             Origin             Length             Attributes
constants        0x0000000000002000 0x0000000000000020
reset            0x0000000000400000 0x0000000000000020
onchip_memory2_0 0x0000000000400020 0x00000000000fffe0
sdram            0x0000000002000000 0x0000000001000000
flash_tristate_controller_0 0x0000000003000000 0x0000000001000000
*default*        0x0000000000000000 0xffffffffffffffff

Linker script and memory map

LOAD ../boot_bsp//obj/HAL/src/crt0.o
LOAD obj/default/advanced_boot_copier.o
LOAD c:/altera/15.1/nios2eds/bin/gnu/h-x86_64-mingw32/bin/../lib/gcc/nios2-elf/4.9.2/../../../../../H-x86_64-mingw32/nios2-elf/lib/mhw-mulx\libstdc++.a
LOAD c:/altera/15.1/nios2eds/bin/gnu/h-x86_64-mingw32/bin/../lib/gcc/nios2-elf/4.9.2/../../../../../H-x86_64-mingw32/nios2-elf/lib/mhw-mulx\libm.a
LOAD c:/altera/15.1/nios2eds/bin/gnu/h-x86_64-mingw32/bin/../lib/gcc/nios2-elf/4.9.2/mhw-mulx\libgcc.a
START GROUP
LOAD c:/altera/15.1/nios2eds/bin/gnu/h-x86_64-mingw32/bin/../lib/gcc/nios2-elf/4.9.2/../../../../../H-x86_64-mingw32/nios2-elf/lib/mhw-mulx\libc.a
LOAD c:/altera/15.1/nios2eds/bin/gnu/h-x86_64-mingw32/bin/../lib/gcc/nios2-elf/4.9.2/mhw-mulx\libgcc.a
LOAD ../boot_bsp/\libhal_bsp.a
LOAD c:/altera/15.1/nios2eds/bin/gnu/h-x86_64-mingw32/bin/../lib/gcc/nios2-elf/4.9.2/../../../../../H-x86_64-mingw32/nios2-elf/lib/mhw-mulx\libm.a
END GROUP
LOAD c:/altera/15.1/nios2eds/bin/gnu/h-x86_64-mingw32/bin/../lib/gcc/nios2-elf/4.9.2/mhw-mulx\libgcc.a
                0x0000000000002000                __alt_mem_constants = 0x2000
                0x0000000000400000                __alt_mem_onchip_memory2_0 = 0x400000
                0x0000000002000000                __alt_mem_sdram = 0x2000000
                0x0000000003000000                __alt_mem_flash_tristate_controller_0 = 0x3000000

.entry          0x0000000000400000       0x20
 *(.entry)
 .entry         0x0000000000400000       0x20 ../boot_bsp//obj/HAL/src/crt0.o
                0x0000000000400000                __reset

.exceptions     0x0000000000400020      0x19c
                0x0000000000400020                PROVIDE (__ram_exceptions_start, ABSOLUTE (.))
                0x0000000000400020                . = ALIGN (0x20)
 *(.irq)
 *(.exceptions.entry.label)
 .exceptions.entry.label
                0x0000000000400020        0x0 ../boot_bsp/\libhal_bsp.a(alt_irq_entry.o)
                0x0000000000400020                alt_irq_entry
 .exceptions.entry.label
                0x0000000000400020        0x0 ../boot_bsp/\libhal_bsp.a(alt_exception_entry.o)
                0x0000000000400020                alt_exception
 *(.exceptions.entry.user)
 *(.exceptions.entry.ecc_fatal)
 *(.exceptions.entry)
 .exceptions.entry
                0x0000000000400020       0x54 ../boot_bsp/\libhal_bsp.a(alt_exception_entry.o)
 *(.exceptions.irqtest.user)
 *(.exceptions.irqtest)
 .exceptions.irqtest
                0x0000000000400074       0x10 ../boot_bsp/\libhal_bsp.a(alt_irq_entry.o)
 *(.exceptions.irqhandler.user)
 *(.exceptions.irqhandler)
 .exceptions.irqhandler
                0x0000000000400084        0x4 ../boot_bsp/\libhal_bsp.a(alt_irq_entry.o)
 *(.exceptions.irqreturn.user)
 *(.exceptions.irqreturn)
 .exceptions.irqreturn
                0x0000000000400088        0x4 ../boot_bsp/\libhal_bsp.a(alt_irq_entry.o)
 *(.exceptions.notirq.label)
 .exceptions.notirq.label
                0x000000000040008c        0x0 ../boot_bsp/\libhal_bsp.a(alt_irq_entry.o)
 *(.exceptions.notirq.user)
 *(.exceptions.notirq)
 .exceptions.notirq
                0x000000000040008c        0x8 ../boot_bsp/\libhal_bsp.a(alt_exception_entry.o)
 *(.exceptions.soft.user)
 *(.exceptions.soft)
 *(.exceptions.unknown.user)
 *(.exceptions.unknown)
 .exceptions.unknown
                0x0000000000400094        0x4 ../boot_bsp/\libhal_bsp.a(alt_exception_entry.o)
 *(.exceptions.exit.label)
 .exceptions.exit.label
                0x0000000000400098        0x0 ../boot_bsp/\libhal_bsp.a(alt_irq_entry.o)
 .exceptions.exit.label
                0x0000000000400098        0x0 ../boot_bsp/\libhal_bsp.a(alt_exception_entry.o)
 *(.exceptions.exit.user)
 *(.exceptions.exit)
 .exceptions.exit
                0x0000000000400098       0x54 ../boot_bsp/\libhal_bsp.a(alt_exception_entry.o)
 *(.exceptions)
 .exceptions    0x00000000004000ec       0xd0 ../boot_bsp/\libhal_bsp.a(alt_irq_handler.o)
                0x00000000004000ec                alt_irq_handler
                0x00000000004001bc                PROVIDE (__ram_exceptions_end, ABSOLUTE (.))
                0x0000000000400020                PROVIDE (__flash_exceptions_start, LOADADDR (.exceptions))

.text           0x00000000004001bc     0x293c
                0x00000000004001bc                PROVIDE (stext, ABSOLUTE (.))
 *(.interp)
 *(.hash)
 *(.dynsym)
 *(.dynstr)
 *(.gnu.version)
 *(.gnu.version_d)
 *(.gnu.version_r)
 *(.rel.init)
 *(.rela.init)
 *(.rel.text .rel.text.* .rel.gnu.linkonce.t.*)
 *(.rela.text .rela.text.* .rela.gnu.linkonce.t.*)
 *(.rel.fini)
 *(.rela.fini)
 *(.rel.rodata .rel.rodata.* .rel.gnu.linkonce.r.*)
 *(.rela.rodata .rela.rodata.* .rela.gnu.linkonce.r.*)
 *(.rel.data .rel.data.* .rel.gnu.linkonce.d.*)
 *(.rela.data .rela.data.* .rela.gnu.linkonce.d.*)
 *(.rel.tdata .rel.tdata.* .rel.gnu.linkonce.td.*)
 *(.rela.tdata .rela.tdata.* .rela.gnu.linkonce.td.*)
 *(.rel.tbss .rel.tbss.* .rel.gnu.linkonce.tb.*)
 *(.rela.tbss .rela.tbss.* .rela.gnu.linkonce.tb.*)
 *(.rel.ctors)
 *(.rela.ctors)
 *(.rel.dtors)
 *(.rela.dtors)
 *(.rel.got)
 *(.rela.got)
 *(.rel.sdata .rel.sdata.* .rel.gnu.linkonce.s.*)
 *(.rela.sdata .rela.sdata.* .rela.gnu.linkonce.s.*)
 *(.rel.sbss .rel.sbss.* .rel.gnu.linkonce.sb.*)
 *(.rela.sbss .rela.sbss.* .rela.gnu.linkonce.sb.*)
 *(.rel.sdata2 .rel.sdata2.* .rel.gnu.linkonce.s2.*)
 *(.rela.sdata2 .rela.sdata2.* .rela.gnu.linkonce.s2.*)
 *(.rel.sbss2 .rel.sbss2.* .rel.gnu.linkonce.sb2.*)
 *(.rela.sbss2 .rela.sbss2.* .rela.gnu.linkonce.sb2.*)
 *(.rel.bss .rel.bss.* .rel.gnu.linkonce.b.*)
 *(.rela.bss .rela.bss.* .rela.gnu.linkonce.b.*)
 *(.rel.plt)
 *(.rela.plt)
 *(.rel.dyn)
 *(.init)
 *(.plt)
 *(.text .stub .text.* .gnu.linkonce.t.*)
 .text          0x00000000004001bc       0x4c ../boot_bsp//obj/HAL/src/crt0.o
                0x00000000004001bc                _start
 .text          0x0000000000400208      0x4f4 obj/default/advanced_boot_copier.o
                0x0000000000400208                main
                0x0000000000400208                alt_main
                0x0000000000400294                JumpFromBootCopier
                0x00000000004002f8                CopyFromFlash
                0x000000000040033c                LoadFlashImage
                0x0000000000400468                PickFlashImage
                0x0000000000400540                ValidateFlashImage
                0x00000000004005e0                FlashCalcCRC32
 .text          0x00000000004006fc        0x0 c:/altera/15.1/nios2eds/bin/gnu/h-x86_64-mingw32/bin/../lib/gcc/nios2-elf/4.9.2/../../../../../H-x86_64-mingw32/nios2-elf/lib/mhw-mulx\libc.a(lib_a-exit.o)
 .text.exit     0x00000000004006fc       0x38 c:/altera/15.1/nios2eds/bin/gnu/h-x86_64-mingw32/bin/../lib/gcc/nios2-elf/4.9.2/../../../../../H-x86_64-mingw32/nios2-elf/lib/mhw-mulx\libc.a(lib_a-exit.o)
                0x00000000004006fc                exit
 .text          0x0000000000400734        0x0 c:/altera/15.1/nios2eds/bin/gnu/h-x86_64-mingw32/bin/../lib/gcc/nios2-elf/4.9.2/../../../../../H-x86_64-mingw32/nios2-elf/lib/mhw-mulx\libc.a(lib_a-impure.o)
 .text          0x0000000000400734        0x0 c:/altera/15.1/nios2eds/bin/gnu/h-x86_64-mingw32/bin/../lib/gcc/nios2-elf/4.9.2/../../../../../H-x86_64-mingw32/nios2-elf/lib/mhw-mulx\libc.a(lib_a-memcpy.o)
 .text.memcpy   0x0000000000400734      0x138 c:/altera/15.1/nios2eds/bin/gnu/h-x86_64-mingw32/bin/../lib/gcc/nios2-elf/4.9.2/../../../../../H-x86_64-mingw32/nios2-elf/lib/mhw-mulx\libc.a(lib_a-memcpy.o)
                0x0000000000400734                memcpy
 .text          0x000000000040086c        0x0 c:/altera/15.1/nios2eds/bin/gnu/h-x86_64-mingw32/bin/../lib/gcc/nios2-elf/4.9.2/../../../../../H-x86_64-mingw32/nios2-elf/lib/mhw-mulx\libc.a(lib_a-__call_atexit.o)
 .text.__call_exitprocs
                0x000000000040086c      0x194 c:/altera/15.1/nios2eds/bin/gnu/h-x86_64-mingw32/bin/../lib/gcc/nios2-elf/4.9.2/../../../../../H-x86_64-mingw32/nios2-elf/lib/mhw-mulx\libc.a(lib_a-__call_atexit.o)
                0x000000000040086c                __call_exitprocs
 .text          0x0000000000400a00       0x44 ../boot_bsp/\libhal_bsp.a(alt_dcache_flush_all.o)
                0x0000000000400a00                alt_dcache_flush_all
 .text          0x0000000000400a44       0x34 ../boot_bsp/\libhal_bsp.a(alt_exit.o)
                0x0000000000400a44                _exit
 .text          0x0000000000400a78       0x30 ../boot_bsp/\libhal_bsp.a(alt_icache_flush_all.o)
                0x0000000000400a78                alt_icache_flush_all
 .text          0x0000000000400aa8       0xe4 ../boot_bsp/\libhal_bsp.a(alt_load.o)
                0x0000000000400b0c                alt_load
 .text          0x0000000000400b8c       0x30 ../boot_bsp/\libhal_bsp.a(alt_usleep.o)
                0x0000000000400b8c                usleep
 .text          0x0000000000400bbc      0x108 ../boot_bsp/\libhal_bsp.a(alt_sys_init.o)
                0x0000000000400bf4                alt_irq_init
                0x0000000000400c28                alt_sys_init
 .text          0x0000000000400cc4      0x164 ../boot_bsp/\libhal_bsp.a(altera_avalon_jtag_uart_fd.o)
                0x0000000000400cc4                altera_avalon_jtag_uart_read_fd
                0x0000000000400d24                altera_avalon_jtag_uart_write_fd
                0x0000000000400d84                altera_avalon_jtag_uart_close_fd
                0x0000000000400dd4                altera_avalon_jtag_uart_ioctl_fd
 .text          0x0000000000400e28      0x3d8 ../boot_bsp/\libhal_bsp.a(altera_avalon_jtag_uart_init.o)
                0x0000000000400e28                altera_avalon_jtag_uart_init
                0x0000000000401198                altera_avalon_jtag_uart_close
 .text          0x0000000000401200       0xec ../boot_bsp/\libhal_bsp.a(altera_avalon_jtag_uart_ioctl.o)
                0x0000000000401200                altera_avalon_jtag_uart_ioctl
 .text          0x00000000004012ec      0x20c ../boot_bsp/\libhal_bsp.a(altera_avalon_jtag_uart_read.o)
                0x00000000004012ec                altera_avalon_jtag_uart_read
 .text          0x00000000004014f8      0x218 ../boot_bsp/\libhal_bsp.a(altera_avalon_jtag_uart_write.o)
                0x00000000004014f8                altera_avalon_jtag_uart_write
 .text          0x0000000000401710       0xfc ../boot_bsp/\libhal_bsp.a(altera_avalon_timer_sc.o)
                0x0000000000401784                alt_avalon_timer_sc_init
 .text          0x000000000040180c      0x110 ../boot_bsp/\libhal_bsp.a(altera_avalon_uart_fd.o)
                0x000000000040180c                altera_avalon_uart_read_fd
                0x000000000040186c                altera_avalon_uart_write_fd
                0x00000000004018cc                altera_avalon_uart_close_fd
 .text          0x000000000040191c      0x3b8 ../boot_bsp/\libhal_bsp.a(altera_avalon_uart_init.o)
                0x000000000040191c                altera_avalon_uart_init
                0x0000000000401c80                altera_avalon_uart_close
 .text          0x0000000000401cd4      0x22c ../boot_bsp/\libhal_bsp.a(altera_avalon_uart_read.o)
                0x0000000000401d24                altera_avalon_uart_read
 .text          0x0000000000401f00      0x1fc ../boot_bsp/\libhal_bsp.a(altera_avalon_uart_write.o)
                0x0000000000401f50                altera_avalon_uart_write
 .text          0x00000000004020fc      0x140 ../boot_bsp/\libhal_bsp.a(alt_alarm_start.o)
                0x00000000004020fc                alt_alarm_start
 .text          0x000000000040223c      0x158 ../boot_bsp/\libhal_bsp.a(alt_busy_sleep.o)
                0x000000000040223c                alt_busy_sleep
 .text          0x0000000000402394       0x2c ../boot_bsp/\libhal_bsp.a(alt_dev.o)
 .text          0x00000000004023c0       0xf4 ../boot_bsp/\libhal_bsp.a(alt_dev_llist_insert.o)
                0x0000000000402410                alt_dev_llist_insert
 .text          0x00000000004024b4        0x0 ../boot_bsp/\libhal_bsp.a(alt_errno.o)
 .text          0x00000000004024b4       0x8c ../boot_bsp/\libhal_bsp.a(alt_icache_flush.o)
                0x00000000004024b4                alt_icache_flush
 .text          0x0000000000402540      0x1e0 ../boot_bsp/\libhal_bsp.a(alt_iic.o)
                0x0000000000402540                alt_ic_isr_register
                0x0000000000402590                alt_ic_irq_enable
                0x0000000000402630                alt_ic_irq_disable
                0x00000000004026d4                alt_ic_irq_enabled
 .text          0x0000000000402720       0xf0 ../boot_bsp/\libhal_bsp.a(alt_iic_isr_register.o)
                0x0000000000402720                alt_iic_isr_register
 .text          0x0000000000402810        0x0 ../boot_bsp/\libhal_bsp.a(alt_irq_entry.o)
 .text          0x0000000000402810        0x0 ../boot_bsp/\libhal_bsp.a(alt_irq_handler.o)
 .text          0x0000000000402810        0x0 ../boot_bsp/\libhal_bsp.a(alt_irq_vars.o)
 .text          0x0000000000402810      0x19c ../boot_bsp/\libhal_bsp.a(alt_tick.o)
                0x0000000000402810                alt_alarm_stop
                0x00000000004028a8                alt_tick
 .text          0x00000000004029ac       0x20 ../boot_bsp/\libhal_bsp.a(altera_nios2_qsys_irq.o)
                0x00000000004029ac                altera_nios2_qsys_irq_init
 .text          0x00000000004029cc        0x0 ../boot_bsp/\libhal_bsp.a(alt_exception_entry.o)
 .text          0x00000000004029cc        0x0 c:/altera/15.1/nios2eds/bin/gnu/h-x86_64-mingw32/bin/../lib/gcc/nios2-elf/4.9.2/../../../../../H-x86_64-mingw32/nios2-elf/lib/mhw-mulx\libc.a(lib_a-int_errno.o)
 .text          0x00000000004029cc      0x12c c:/altera/15.1/nios2eds/bin/gnu/h-x86_64-mingw32/bin/../lib/gcc/nios2-elf/4.9.2/mhw-mulx\libgcc.a(lib2-divmod.o)
                0x0000000000402a38                __divsi3
                0x0000000000402a8c                __modsi3
                0x0000000000402ae8                __udivsi3
                0x0000000000402af0                __umodsi3
 *(.gnu.warning.*)
 *(.fini)
                0x0000000000402af8                PROVIDE (__etext, ABSOLUTE (.))
                0x0000000000402af8                PROVIDE (_etext, ABSOLUTE (.))
                0x0000000000402af8                PROVIDE (etext, ABSOLUTE (.))
 *(.eh_frame_hdr)
                0x0000000000402af8                . = ALIGN (0x4)
                0x0000000000402af8                PROVIDE (__preinit_array_start, ABSOLUTE (.))
 *(.preinit_array)
                0x0000000000402af8                PROVIDE (__preinit_array_end, ABSOLUTE (.))
                0x0000000000402af8                PROVIDE (__init_array_start, ABSOLUTE (.))
 *(.init_array)
                0x0000000000402af8                PROVIDE (__init_array_end, ABSOLUTE (.))
                0x0000000000402af8                PROVIDE (__fini_array_start, ABSOLUTE (.))
 *(.fini_array)
                0x0000000000402af8                PROVIDE (__fini_array_end, ABSOLUTE (.))
 *(.eh_frame)
 *(.gcc_except_table .gcc_except_table.*)
 *(.dynamic)
                0x0000000000402af8                PROVIDE (__CTOR_LIST__, ABSOLUTE (.))
 *(.ctors)
 *(SORT(.ctors.*))
                0x0000000000402af8                PROVIDE (__CTOR_END__, ABSOLUTE (.))
                0x0000000000402af8                PROVIDE (__DTOR_LIST__, ABSOLUTE (.))
 *(.dtors)
 *(SORT(.dtors.*))
                0x0000000000402af8                PROVIDE (__DTOR_END__, ABSOLUTE (.))
 *(.jcr)
                0x0000000000402af8                . = ALIGN (0x4)

.rodata         0x0000000000402af8       0x40
                0x0000000000402af8                PROVIDE (__ram_rodata_start, ABSOLUTE (.))
                0x0000000000402af8                . = ALIGN (0x4)
 *(.rodata .rodata.* .gnu.linkonce.r.*)
 .rodata.str1.4
                0x0000000000402af8        0x4 c:/altera/15.1/nios2eds/bin/gnu/h-x86_64-mingw32/bin/../lib/gcc/nios2-elf/4.9.2/../../../../../H-x86_64-mingw32/nios2-elf/lib/mhw-mulx\libc.a(lib_a-impure.o)
 .rodata        0x0000000000402afc       0x30 ../boot_bsp/\libhal_bsp.a(alt_sys_init.o)
 .rodata        0x0000000000402b2c        0xc ../boot_bsp/\libhal_bsp.a(alt_dev.o)
 *(.rodata1)
                0x0000000000402b38                . = ALIGN (0x4)
                0x0000000000402b38                PROVIDE (__ram_rodata_end, ABSOLUTE (.))
                0x0000000000402af8                PROVIDE (__flash_rodata_start, LOADADDR (.rodata))

.rwdata         0x0000000000402b38     0x17e0 load address 0x0000000000404318
                0x0000000000402b38                PROVIDE (__ram_rwdata_start, ABSOLUTE (.))
                0x0000000000402b38                . = ALIGN (0x4)
 *(.got.plt)
 *(.got)
 *(.data1)
 *(.data .data.* .gnu.linkonce.d.*)
 .data          0x0000000000402b38        0x0 ../boot_bsp//obj/HAL/src/crt0.o
 .data          0x0000000000402b38        0x0 obj/default/advanced_boot_copier.o
 .data          0x0000000000402b38        0x0 c:/altera/15.1/nios2eds/bin/gnu/h-x86_64-mingw32/bin/../lib/gcc/nios2-elf/4.9.2/../../../../../H-x86_64-mingw32/nios2-elf/lib/mhw-mulx\libc.a(lib_a-exit.o)
 .data          0x0000000000402b38        0x0 c:/altera/15.1/nios2eds/bin/gnu/h-x86_64-mingw32/bin/../lib/gcc/nios2-elf/4.9.2/../../../../../H-x86_64-mingw32/nios2-elf/lib/mhw-mulx\libc.a(lib_a-impure.o)
 .data.impure_data
                0x0000000000402b38      0x424 c:/altera/15.1/nios2eds/bin/gnu/h-x86_64-mingw32/bin/../lib/gcc/nios2-elf/4.9.2/../../../../../H-x86_64-mingw32/nios2-elf/lib/mhw-mulx\libc.a(lib_a-impure.o)
 .data          0x0000000000402f5c        0x0 c:/altera/15.1/nios2eds/bin/gnu/h-x86_64-mingw32/bin/../lib/gcc/nios2-elf/4.9.2/../../../../../H-x86_64-mingw32/nios2-elf/lib/mhw-mulx\libc.a(lib_a-memcpy.o)
 .data          0x0000000000402f5c        0x0 c:/altera/15.1/nios2eds/bin/gnu/h-x86_64-mingw32/bin/../lib/gcc/nios2-elf/4.9.2/../../../../../H-x86_64-mingw32/nios2-elf/lib/mhw-mulx\libc.a(lib_a-__call_atexit.o)
 .data          0x0000000000402f5c        0x0 ../boot_bsp/\libhal_bsp.a(alt_dcache_flush_all.o)
 .data          0x0000000000402f5c        0x0 ../boot_bsp/\libhal_bsp.a(alt_exit.o)
 .data          0x0000000000402f5c        0x0 ../boot_bsp/\libhal_bsp.a(alt_icache_flush_all.o)
 .data          0x0000000000402f5c        0x0 ../boot_bsp/\libhal_bsp.a(alt_load.o)
 .data          0x0000000000402f5c        0x0 ../boot_bsp/\libhal_bsp.a(alt_usleep.o)
 .data          0x0000000000402f5c     0x11e8 ../boot_bsp/\libhal_bsp.a(alt_sys_init.o)
 .data          0x0000000000404144        0x0 ../boot_bsp/\libhal_bsp.a(altera_avalon_jtag_uart_fd.o)
 .data          0x0000000000404144        0x0 ../boot_bsp/\libhal_bsp.a(altera_avalon_jtag_uart_init.o)
 .data          0x0000000000404144        0x0 ../boot_bsp/\libhal_bsp.a(altera_avalon_jtag_uart_ioctl.o)
 .data          0x0000000000404144        0x0 ../boot_bsp/\libhal_bsp.a(altera_avalon_jtag_uart_read.o)
 .data          0x0000000000404144        0x0 ../boot_bsp/\libhal_bsp.a(altera_avalon_jtag_uart_write.o)
 .data          0x0000000000404144        0x0 ../boot_bsp/\libhal_bsp.a(altera_avalon_timer_sc.o)
 .data          0x0000000000404144        0x0 ../boot_bsp/\libhal_bsp.a(altera_avalon_uart_fd.o)
 .data          0x0000000000404144        0x0 ../boot_bsp/\libhal_bsp.a(altera_avalon_uart_init.o)
 .data          0x0000000000404144        0x0 ../boot_bsp/\libhal_bsp.a(altera_avalon_uart_read.o)
 .data          0x0000000000404144        0x0 ../boot_bsp/\libhal_bsp.a(altera_avalon_uart_write.o)
 .data          0x0000000000404144        0x0 ../boot_bsp/\libhal_bsp.a(alt_alarm_start.o)
 .data          0x0000000000404144        0x0 ../boot_bsp/\libhal_bsp.a(alt_busy_sleep.o)
 .data          0x0000000000404144      0x1a8 ../boot_bsp/\libhal_bsp.a(alt_dev.o)
                0x0000000000404144                alt_dev_null
                0x000000000040416c                alt_fd_list
 .data          0x00000000004042ec        0x0 ../boot_bsp/\libhal_bsp.a(alt_dev_llist_insert.o)
 .data          0x00000000004042ec        0x0 ../boot_bsp/\libhal_bsp.a(alt_errno.o)
 .data          0x00000000004042ec        0x0 ../boot_bsp/\libhal_bsp.a(alt_icache_flush.o)
 .data          0x00000000004042ec        0x0 ../boot_bsp/\libhal_bsp.a(alt_iic.o)
 .data          0x00000000004042ec        0x0 ../boot_bsp/\libhal_bsp.a(alt_iic_isr_register.o)
 .data          0x00000000004042ec        0x0 ../boot_bsp/\libhal_bsp.a(alt_irq_entry.o)
 .data          0x00000000004042ec        0x0 ../boot_bsp/\libhal_bsp.a(alt_irq_handler.o)
 .data          0x00000000004042ec        0x0 ../boot_bsp/\libhal_bsp.a(alt_irq_vars.o)
 .data          0x00000000004042ec        0x0 ../boot_bsp/\libhal_bsp.a(alt_tick.o)
 .data          0x00000000004042ec        0x0 ../boot_bsp/\libhal_bsp.a(altera_nios2_qsys_irq.o)
 .data          0x00000000004042ec        0x0 ../boot_bsp/\libhal_bsp.a(alt_exception_entry.o)
 .data          0x00000000004042ec        0x0 c:/altera/15.1/nios2eds/bin/gnu/h-x86_64-mingw32/bin/../lib/gcc/nios2-elf/4.9.2/../../../../../H-x86_64-mingw32/nios2-elf/lib/mhw-mulx\libc.a(lib_a-int_errno.o)
 .data          0x00000000004042ec        0x0 c:/altera/15.1/nios2eds/bin/gnu/h-x86_64-mingw32/bin/../lib/gcc/nios2-elf/4.9.2/mhw-mulx\libgcc.a(lib2-divmod.o)
                0x000000000040c2ec                _gp = ABSOLUTE ((. + 0x8000))
                0x000000000040c2ec                PROVIDE (gp, _gp)
 *(.rwdata .rwdata.*)
 *(.sdata .sdata.* .gnu.linkonce.s.*)
 .sdata._global_impure_ptr
                0x00000000004042ec        0x4 c:/altera/15.1/nios2eds/bin/gnu/h-x86_64-mingw32/bin/../lib/gcc/nios2-elf/4.9.2/../../../../../H-x86_64-mingw32/nios2-elf/lib/mhw-mulx\libc.a(lib_a-impure.o)
                0x00000000004042ec                _global_impure_ptr
 .sdata._impure_ptr
                0x00000000004042f0        0x4 c:/altera/15.1/nios2eds/bin/gnu/h-x86_64-mingw32/bin/../lib/gcc/nios2-elf/4.9.2/../../../../../H-x86_64-mingw32/nios2-elf/lib/mhw-mulx\libc.a(lib_a-impure.o)
                0x00000000004042f0                _impure_ptr
 .sdata         0x00000000004042f4       0x14 ../boot_bsp/\libhal_bsp.a(alt_dev.o)
                0x00000000004042f4                alt_fs_list
                0x00000000004042fc                alt_dev_list
                0x0000000000404304                alt_max_fd
 .sdata         0x0000000000404308        0x4 ../boot_bsp/\libhal_bsp.a(alt_errno.o)
                0x0000000000404308                alt_errno
 .sdata         0x000000000040430c        0x4 ../boot_bsp/\libhal_bsp.a(alt_irq_vars.o)
                0x000000000040430c                alt_priority_mask
 .sdata         0x0000000000404310        0x8 ../boot_bsp/\libhal_bsp.a(alt_tick.o)
                0x0000000000404310                alt_alarm_list
 *(.sdata2 .sdata2.* .gnu.linkonce.s2.*)
                0x0000000000404318                . = ALIGN (0x4)
                0x0000000000404318                _edata = ABSOLUTE (.)
                0x0000000000404318                PROVIDE (edata, ABSOLUTE (.))
                0x0000000000404318                PROVIDE (__ram_rwdata_end, ABSOLUTE (.))
                0x0000000000404318                PROVIDE (__flash_rwdata_start, LOADADDR (.rwdata))

.bss            0x0000000000405af8      0x118
                0x0000000000405af8                __bss_start = ABSOLUTE (.)
                0x0000000000405af8                PROVIDE (__sbss_start, ABSOLUTE (.))
                0x0000000000405af8                PROVIDE (___sbss_start, ABSOLUTE (.))
 *(.dynsbss)
 *(.sbss .sbss.* .gnu.linkonce.sb.*)
 .sbss          0x0000000000405af8        0x8 obj/default/advanced_boot_copier.o
                0x0000000000405af8                flash_image_ptr_1
                0x0000000000405afc                flash_image_ptr_2
 .sbss          0x0000000000405b00        0x4 ../boot_bsp/\libhal_bsp.a(alt_irq_vars.o)
                0x0000000000405b00                alt_irq_active
 .sbss          0x0000000000405b04        0x8 ../boot_bsp/\libhal_bsp.a(alt_tick.o)
                0x0000000000405b04                _alt_tick_rate
                0x0000000000405b08                _alt_nticks
 .sbss          0x0000000000405b0c        0x4 c:/altera/15.1/nios2eds/bin/gnu/h-x86_64-mingw32/bin/../lib/gcc/nios2-elf/4.9.2/../../../../../H-x86_64-mingw32/nios2-elf/lib/mhw-mulx\libc.a(lib_a-int_errno.o)
                0x0000000000405b0c                errno
 *(.sbss2 .sbss2.* .gnu.linkonce.sb2.*)
 *(.scommon)
                0x0000000000405b10                PROVIDE (__sbss_end, ABSOLUTE (.))
                0x0000000000405b10                PROVIDE (___sbss_end, ABSOLUTE (.))
 *(.dynbss)
 *(.bss .bss.* .gnu.linkonce.b.*)
 .bss           0x0000000000405b10        0x0 ../boot_bsp//obj/HAL/src/crt0.o
 .bss           0x0000000000405b10        0x0 obj/default/advanced_boot_copier.o
 .bss           0x0000000000405b10        0x0 c:/altera/15.1/nios2eds/bin/gnu/h-x86_64-mingw32/bin/../lib/gcc/nios2-elf/4.9.2/../../../../../H-x86_64-mingw32/nios2-elf/lib/mhw-mulx\libc.a(lib_a-exit.o)
 .bss           0x0000000000405b10        0x0 c:/altera/15.1/nios2eds/bin/gnu/h-x86_64-mingw32/bin/../lib/gcc/nios2-elf/4.9.2/../../../../../H-x86_64-mingw32/nios2-elf/lib/mhw-mulx\libc.a(lib_a-impure.o)
 .bss           0x0000000000405b10        0x0 c:/altera/15.1/nios2eds/bin/gnu/h-x86_64-mingw32/bin/../lib/gcc/nios2-elf/4.9.2/../../../../../H-x86_64-mingw32/nios2-elf/lib/mhw-mulx\libc.a(lib_a-memcpy.o)
 .bss           0x0000000000405b10        0x0 c:/altera/15.1/nios2eds/bin/gnu/h-x86_64-mingw32/bin/../lib/gcc/nios2-elf/4.9.2/../../../../../H-x86_64-mingw32/nios2-elf/lib/mhw-mulx\libc.a(lib_a-__call_atexit.o)
 .bss           0x0000000000405b10        0x0 ../boot_bsp/\libhal_bsp.a(alt_dcache_flush_all.o)
 .bss           0x0000000000405b10        0x0 ../boot_bsp/\libhal_bsp.a(alt_exit.o)
 .bss           0x0000000000405b10        0x0 ../boot_bsp/\libhal_bsp.a(alt_icache_flush_all.o)
 .bss           0x0000000000405b10        0x0 ../boot_bsp/\libhal_bsp.a(alt_load.o)
 .bss           0x0000000000405b10        0x0 ../boot_bsp/\libhal_bsp.a(alt_usleep.o)
 .bss           0x0000000000405b10        0x0 ../boot_bsp/\libhal_bsp.a(alt_sys_init.o)
 .bss           0x0000000000405b10        0x0 ../boot_bsp/\libhal_bsp.a(altera_avalon_jtag_uart_fd.o)
 .bss           0x0000000000405b10        0x0 ../boot_bsp/\libhal_bsp.a(altera_avalon_jtag_uart_init.o)
 .bss           0x0000000000405b10        0x0 ../boot_bsp/\libhal_bsp.a(altera_avalon_jtag_uart_ioctl.o)
 .bss           0x0000000000405b10        0x0 ../boot_bsp/\libhal_bsp.a(altera_avalon_jtag_uart_read.o)
 .bss           0x0000000000405b10        0x0 ../boot_bsp/\libhal_bsp.a(altera_avalon_jtag_uart_write.o)
 .bss           0x0000000000405b10        0x0 ../boot_bsp/\libhal_bsp.a(altera_avalon_timer_sc.o)
 .bss           0x0000000000405b10        0x0 ../boot_bsp/\libhal_bsp.a(altera_avalon_uart_fd.o)
 .bss           0x0000000000405b10        0x0 ../boot_bsp/\libhal_bsp.a(altera_avalon_uart_init.o)
 .bss           0x0000000000405b10        0x0 ../boot_bsp/\libhal_bsp.a(altera_avalon_uart_read.o)
 .bss           0x0000000000405b10        0x0 ../boot_bsp/\libhal_bsp.a(altera_avalon_uart_write.o)
 .bss           0x0000000000405b10        0x0 ../boot_bsp/\libhal_bsp.a(alt_alarm_start.o)
 .bss           0x0000000000405b10        0x0 ../boot_bsp/\libhal_bsp.a(alt_busy_sleep.o)
 .bss           0x0000000000405b10        0x0 ../boot_bsp/\libhal_bsp.a(alt_dev.o)
 .bss           0x0000000000405b10        0x0 ../boot_bsp/\libhal_bsp.a(alt_dev_llist_insert.o)
 .bss           0x0000000000405b10        0x0 ../boot_bsp/\libhal_bsp.a(alt_errno.o)
 .bss           0x0000000000405b10        0x0 ../boot_bsp/\libhal_bsp.a(alt_icache_flush.o)
 .bss           0x0000000000405b10        0x0 ../boot_bsp/\libhal_bsp.a(alt_iic.o)
 .bss           0x0000000000405b10        0x0 ../boot_bsp/\libhal_bsp.a(alt_iic_isr_register.o)
 .bss           0x0000000000405b10        0x0 ../boot_bsp/\libhal_bsp.a(alt_irq_entry.o)
 .bss           0x0000000000405b10        0x0 ../boot_bsp/\libhal_bsp.a(alt_irq_handler.o)
 .bss           0x0000000000405b10        0x0 ../boot_bsp/\libhal_bsp.a(alt_irq_vars.o)
 .bss           0x0000000000405b10        0x0 ../boot_bsp/\libhal_bsp.a(alt_tick.o)
 .bss           0x0000000000405b10        0x0 ../boot_bsp/\libhal_bsp.a(altera_nios2_qsys_irq.o)
 .bss           0x0000000000405b10        0x0 ../boot_bsp/\libhal_bsp.a(alt_exception_entry.o)
 .bss           0x0000000000405b10        0x0 c:/altera/15.1/nios2eds/bin/gnu/h-x86_64-mingw32/bin/../lib/gcc/nios2-elf/4.9.2/../../../../../H-x86_64-mingw32/nios2-elf/lib/mhw-mulx\libc.a(lib_a-int_errno.o)
 .bss           0x0000000000405b10        0x0 c:/altera/15.1/nios2eds/bin/gnu/h-x86_64-mingw32/bin/../lib/gcc/nios2-elf/4.9.2/mhw-mulx\libgcc.a(lib2-divmod.o)
 *(COMMON)
 COMMON         0x0000000000405b10      0x100 ../boot_bsp/\libhal_bsp.a(alt_irq_handler.o)
                0x0000000000405b10                alt_irq
                0x0000000000405c10                . = ALIGN (0x4)
                0x0000000000405c10                __bss_end = ABSOLUTE (.)

.constants      0x0000000000002000        0x0 load address 0x0000000000405c10
                0x0000000000002000                PROVIDE (_alt_partition_constants_start, ABSOLUTE (.))
 *(.constants .constants. constants.*)
                0x0000000000002000                . = ALIGN (0x4)
                0x0000000000002000                PROVIDE (_alt_partition_constants_end, ABSOLUTE (.))
                0x0000000000405c10                PROVIDE (_alt_partition_constants_load_addr, LOADADDR (.constants))

.onchip_memory2_0
                0x0000000000405c10        0x0
                0x0000000000405c10                PROVIDE (_alt_partition_onchip_memory2_0_start, ABSOLUTE (.))
 *(.onchip_memory2_0 .onchip_memory2_0. onchip_memory2_0.*)
                0x0000000000405c10                . = ALIGN (0x4)
                0x0000000000405c10                PROVIDE (_alt_partition_onchip_memory2_0_end, ABSOLUTE (.))
                0x0000000000405c10                _end = ABSOLUTE (.)
                0x0000000000405c10                end = ABSOLUTE (.)
                0x0000000000405c10                __alt_stack_base = ABSOLUTE (.)
                0x0000000000405c10                PROVIDE (_alt_partition_onchip_memory2_0_load_addr, LOADADDR (.onchip_memory2_0))

.sdram          0x0000000002000000        0x0 load address 0x0000000000405c10
                0x0000000002000000                PROVIDE (_alt_partition_sdram_start, ABSOLUTE (.))
 *(.sdram .sdram. sdram.*)
                0x0000000002000000                . = ALIGN (0x4)
                0x0000000002000000                PROVIDE (_alt_partition_sdram_end, ABSOLUTE (.))
                0x0000000000405c10                PROVIDE (_alt_partition_sdram_load_addr, LOADADDR (.sdram))

.flash_tristate_controller_0
                0x0000000003000000        0x0 load address 0x0000000000405c10
                0x0000000003000000                PROVIDE (_alt_partition_flash_tristate_controller_0_start, ABSOLUTE (.))
 *(.flash_tristate_controller_0 .flash_tristate_controller_0. flash_tristate_controller_0.*)
                0x0000000003000000                . = ALIGN (0x4)
                0x0000000003000000                PROVIDE (_alt_partition_flash_tristate_controller_0_end, ABSOLUTE (.))
                0x0000000000405c10                PROVIDE (_alt_partition_flash_tristate_controller_0_load_addr, LOADADDR (.flash_tristate_controller_0))

.stab
 *(.stab)

.stabstr
 *(.stabstr)

.stab.excl
 *(.stab.excl)

.stab.exclstr
 *(.stab.exclstr)

.stab.index
 *(.stab.index)

.stab.indexstr
 *(.stab.indexstr)

.comment        0x0000000000000000       0x23
 *(.comment)
 .comment       0x0000000000000000       0x23 obj/default/advanced_boot_copier.o
                                         0x24 (size before relaxing)
 .comment       0x0000000000000000       0x24 c:/altera/15.1/nios2eds/bin/gnu/h-x86_64-mingw32/bin/../lib/gcc/nios2-elf/4.9.2/../../../../../H-x86_64-mingw32/nios2-elf/lib/mhw-mulx\libc.a(lib_a-exit.o)
 .comment       0x0000000000000000       0x24 c:/altera/15.1/nios2eds/bin/gnu/h-x86_64-mingw32/bin/../lib/gcc/nios2-elf/4.9.2/../../../../../H-x86_64-mingw32/nios2-elf/lib/mhw-mulx\libc.a(lib_a-impure.o)
 .comment       0x0000000000000000       0x24 c:/altera/15.1/nios2eds/bin/gnu/h-x86_64-mingw32/bin/../lib/gcc/nios2-elf/4.9.2/../../../../../H-x86_64-mingw32/nios2-elf/lib/mhw-mulx\libc.a(lib_a-memcpy.o)
 .comment       0x0000000000000000       0x24 c:/altera/15.1/nios2eds/bin/gnu/h-x86_64-mingw32/bin/../lib/gcc/nios2-elf/4.9.2/../../../../../H-x86_64-mingw32/nios2-elf/lib/mhw-mulx\libc.a(lib_a-__call_atexit.o)
 .comment       0x0000000000000000       0x24 ../boot_bsp/\libhal_bsp.a(alt_dcache_flush_all.o)
 .comment       0x0000000000000000       0x24 ../boot_bsp/\libhal_bsp.a(alt_exit.o)
 .comment       0x0000000000000000       0x24 ../boot_bsp/\libhal_bsp.a(alt_icache_flush_all.o)
 .comment       0x0000000000000000       0x24 ../boot_bsp/\libhal_bsp.a(alt_load.o)
 .comment       0x0000000000000000       0x24 ../boot_bsp/\libhal_bsp.a(alt_usleep.o)
 .comment       0x0000000000000000       0x24 ../boot_bsp/\libhal_bsp.a(alt_sys_init.o)
 .comment       0x0000000000000000       0x24 ../boot_bsp/\libhal_bsp.a(altera_avalon_jtag_uart_fd.o)
 .comment       0x0000000000000000       0x24 ../boot_bsp/\libhal_bsp.a(altera_avalon_jtag_uart_init.o)
 .comment       0x0000000000000000       0x24 ../boot_bsp/\libhal_bsp.a(altera_avalon_jtag_uart_ioctl.o)
 .comment       0x0000000000000000       0x24 ../boot_bsp/\libhal_bsp.a(altera_avalon_jtag_uart_read.o)
 .comment       0x0000000000000000       0x24 ../boot_bsp/\libhal_bsp.a(altera_avalon_jtag_uart_write.o)
 .comment       0x0000000000000000       0x24 ../boot_bsp/\libhal_bsp.a(altera_avalon_timer_sc.o)
 .comment       0x0000000000000000       0x24 ../boot_bsp/\libhal_bsp.a(altera_avalon_uart_fd.o)
 .comment       0x0000000000000000       0x24 ../boot_bsp/\libhal_bsp.a(altera_avalon_uart_init.o)
 .comment       0x0000000000000000       0x24 ../boot_bsp/\libhal_bsp.a(altera_avalon_uart_read.o)
 .comment       0x0000000000000000       0x24 ../boot_bsp/\libhal_bsp.a(altera_avalon_uart_write.o)
 .comment       0x0000000000000000       0x24 ../boot_bsp/\libhal_bsp.a(alt_alarm_start.o)
 .comment       0x0000000000000000       0x24 ../boot_bsp/\libhal_bsp.a(alt_busy_sleep.o)
 .comment       0x0000000000000000       0x24 ../boot_bsp/\libhal_bsp.a(alt_dev.o)
 .comment       0x0000000000000000       0x24 ../boot_bsp/\libhal_bsp.a(alt_dev_llist_insert.o)
 .comment       0x0000000000000000       0x24 ../boot_bsp/\libhal_bsp.a(alt_errno.o)
 .comment       0x0000000000000000       0x24 ../boot_bsp/\libhal_bsp.a(alt_icache_flush.o)
 .comment       0x0000000000000000       0x24 ../boot_bsp/\libhal_bsp.a(alt_iic.o)
 .comment       0x0000000000000000       0x24 ../boot_bsp/\libhal_bsp.a(alt_iic_isr_register.o)
 .comment       0x0000000000000000       0x24 ../boot_bsp/\libhal_bsp.a(alt_irq_handler.o)
 .comment       0x0000000000000000       0x24 ../boot_bsp/\libhal_bsp.a(alt_irq_vars.o)
 .comment       0x0000000000000000       0x24 ../boot_bsp/\libhal_bsp.a(alt_tick.o)
 .comment       0x0000000000000000       0x24 ../boot_bsp/\libhal_bsp.a(altera_nios2_qsys_irq.o)
 .comment       0x0000000000000000       0x24 c:/altera/15.1/nios2eds/bin/gnu/h-x86_64-mingw32/bin/../lib/gcc/nios2-elf/4.9.2/../../../../../H-x86_64-mingw32/nios2-elf/lib/mhw-mulx\libc.a(lib_a-int_errno.o)
 .comment       0x0000000000000000       0x24 c:/altera/15.1/nios2eds/bin/gnu/h-x86_64-mingw32/bin/../lib/gcc/nios2-elf/4.9.2/mhw-mulx\libgcc.a(lib2-divmod.o)

.debug
 *(.debug)

.line
 *(.line)

.debug_srcinfo
 *(.debug_srcinfo)

.debug_sfnames
 *(.debug_sfnames)

.debug_aranges  0x0000000000000000      0x4d0
 *(.debug_aranges)
 .debug_aranges
                0x0000000000000000       0x28 ../boot_bsp//obj/HAL/src/crt0.o
 .debug_aranges
                0x0000000000000028       0x20 obj/default/advanced_boot_copier.o
 .debug_aranges
                0x0000000000000048       0x20 c:/altera/15.1/nios2eds/bin/gnu/h-x86_64-mingw32/bin/../lib/gcc/nios2-elf/4.9.2/../../../../../H-x86_64-mingw32/nios2-elf/lib/mhw-mulx\libc.a(lib_a-exit.o)
 .debug_aranges
                0x0000000000000068       0x18 c:/altera/15.1/nios2eds/bin/gnu/h-x86_64-mingw32/bin/../lib/gcc/nios2-elf/4.9.2/../../../../../H-x86_64-mingw32/nios2-elf/lib/mhw-mulx\libc.a(lib_a-impure.o)
 .debug_aranges
                0x0000000000000080       0x20 c:/altera/15.1/nios2eds/bin/gnu/h-x86_64-mingw32/bin/../lib/gcc/nios2-elf/4.9.2/../../../../../H-x86_64-mingw32/nios2-elf/lib/mhw-mulx\libc.a(lib_a-memcpy.o)
 .debug_aranges
                0x00000000000000a0       0x20 c:/altera/15.1/nios2eds/bin/gnu/h-x86_64-mingw32/bin/../lib/gcc/nios2-elf/4.9.2/../../../../../H-x86_64-mingw32/nios2-elf/lib/mhw-mulx\libc.a(lib_a-__call_atexit.o)
 .debug_aranges
                0x00000000000000c0       0x20 ../boot_bsp/\libhal_bsp.a(alt_dcache_flush_all.o)
 .debug_aranges
                0x00000000000000e0       0x20 ../boot_bsp/\libhal_bsp.a(alt_exit.o)
 .debug_aranges
                0x0000000000000100       0x20 ../boot_bsp/\libhal_bsp.a(alt_icache_flush_all.o)
 .debug_aranges
                0x0000000000000120       0x20 ../boot_bsp/\libhal_bsp.a(alt_load.o)
 .debug_aranges
                0x0000000000000140       0x20 ../boot_bsp/\libhal_bsp.a(alt_usleep.o)
 .debug_aranges
                0x0000000000000160       0x20 ../boot_bsp/\libhal_bsp.a(alt_sys_init.o)
 .debug_aranges
                0x0000000000000180       0x20 ../boot_bsp/\libhal_bsp.a(altera_avalon_jtag_uart_fd.o)
 .debug_aranges
                0x00000000000001a0       0x20 ../boot_bsp/\libhal_bsp.a(altera_avalon_jtag_uart_init.o)
 .debug_aranges
                0x00000000000001c0       0x20 ../boot_bsp/\libhal_bsp.a(altera_avalon_jtag_uart_ioctl.o)
 .debug_aranges
                0x00000000000001e0       0x20 ../boot_bsp/\libhal_bsp.a(altera_avalon_jtag_uart_read.o)
 .debug_aranges
                0x0000000000000200       0x20 ../boot_bsp/\libhal_bsp.a(altera_avalon_jtag_uart_write.o)
 .debug_aranges
                0x0000000000000220       0x20 ../boot_bsp/\libhal_bsp.a(altera_avalon_timer_sc.o)
 .debug_aranges
                0x0000000000000240       0x20 ../boot_bsp/\libhal_bsp.a(altera_avalon_uart_fd.o)
 .debug_aranges
                0x0000000000000260       0x20 ../boot_bsp/\libhal_bsp.a(altera_avalon_uart_init.o)
 .debug_aranges
                0x0000000000000280       0x20 ../boot_bsp/\libhal_bsp.a(altera_avalon_uart_read.o)
 .debug_aranges
                0x00000000000002a0       0x20 ../boot_bsp/\libhal_bsp.a(altera_avalon_uart_write.o)
 .debug_aranges
                0x00000000000002c0       0x20 ../boot_bsp/\libhal_bsp.a(alt_alarm_start.o)
 .debug_aranges
                0x00000000000002e0       0x20 ../boot_bsp/\libhal_bsp.a(alt_busy_sleep.o)
 .debug_aranges
                0x0000000000000300       0x20 ../boot_bsp/\libhal_bsp.a(alt_dev.o)
 .debug_aranges
                0x0000000000000320       0x20 ../boot_bsp/\libhal_bsp.a(alt_dev_llist_insert.o)
 .debug_aranges
                0x0000000000000340       0x18 ../boot_bsp/\libhal_bsp.a(alt_errno.o)
 .debug_aranges
                0x0000000000000358       0x20 ../boot_bsp/\libhal_bsp.a(alt_icache_flush.o)
 .debug_aranges
                0x0000000000000378       0x20 ../boot_bsp/\libhal_bsp.a(alt_iic.o)
 .debug_aranges
                0x0000000000000398       0x20 ../boot_bsp/\libhal_bsp.a(alt_iic_isr_register.o)
 .debug_aranges
                0x00000000000003b8       0x30 ../boot_bsp/\libhal_bsp.a(alt_irq_entry.o)
 .debug_aranges
                0x00000000000003e8       0x20 ../boot_bsp/\libhal_bsp.a(alt_irq_handler.o)
 .debug_aranges
                0x0000000000000408       0x18 ../boot_bsp/\libhal_bsp.a(alt_irq_vars.o)
 .debug_aranges
                0x0000000000000420       0x20 ../boot_bsp/\libhal_bsp.a(alt_tick.o)
 .debug_aranges
                0x0000000000000440       0x20 ../boot_bsp/\libhal_bsp.a(altera_nios2_qsys_irq.o)
 .debug_aranges
                0x0000000000000460       0x38 ../boot_bsp/\libhal_bsp.a(alt_exception_entry.o)
 .debug_aranges
                0x0000000000000498       0x18 c:/altera/15.1/nios2eds/bin/gnu/h-x86_64-mingw32/bin/../lib/gcc/nios2-elf/4.9.2/../../../../../H-x86_64-mingw32/nios2-elf/lib/mhw-mulx\libc.a(lib_a-int_errno.o)
 .debug_aranges
                0x00000000000004b0       0x20 c:/altera/15.1/nios2eds/bin/gnu/h-x86_64-mingw32/bin/../lib/gcc/nios2-elf/4.9.2/mhw-mulx\libgcc.a(lib2-divmod.o)

.debug_pubnames
 *(.debug_pubnames)

.debug_info     0x0000000000000000     0x659b
 *(.debug_info .gnu.linkonce.wi.*)
 .debug_info    0x0000000000000000       0x97 ../boot_bsp//obj/HAL/src/crt0.o
 .debug_info    0x0000000000000097      0x425 obj/default/advanced_boot_copier.o
 .debug_info    0x00000000000004bc      0x8ef c:/altera/15.1/nios2eds/bin/gnu/h-x86_64-mingw32/bin/../lib/gcc/nios2-elf/4.9.2/../../../../../H-x86_64-mingw32/nios2-elf/lib/mhw-mulx\libc.a(lib_a-exit.o)
 .debug_info    0x0000000000000dab      0x89f c:/altera/15.1/nios2eds/bin/gnu/h-x86_64-mingw32/bin/../lib/gcc/nios2-elf/4.9.2/../../../../../H-x86_64-mingw32/nios2-elf/lib/mhw-mulx\libc.a(lib_a-impure.o)
 .debug_info    0x000000000000164a      0x133 c:/altera/15.1/nios2eds/bin/gnu/h-x86_64-mingw32/bin/../lib/gcc/nios2-elf/4.9.2/../../../../../H-x86_64-mingw32/nios2-elf/lib/mhw-mulx\libc.a(lib_a-memcpy.o)
 .debug_info    0x000000000000177d      0x964 c:/altera/15.1/nios2eds/bin/gnu/h-x86_64-mingw32/bin/../lib/gcc/nios2-elf/4.9.2/../../../../../H-x86_64-mingw32/nios2-elf/lib/mhw-mulx\libc.a(lib_a-__call_atexit.o)
 .debug_info    0x00000000000020e1       0x9e ../boot_bsp/\libhal_bsp.a(alt_dcache_flush_all.o)
 .debug_info    0x000000000000217f       0xe5 ../boot_bsp/\libhal_bsp.a(alt_exit.o)
 .debug_info    0x0000000000002264       0x8b ../boot_bsp/\libhal_bsp.a(alt_icache_flush_all.o)
 .debug_info    0x00000000000022ef      0x13e ../boot_bsp/\libhal_bsp.a(alt_load.o)
 .debug_info    0x000000000000242d       0xa9 ../boot_bsp/\libhal_bsp.a(alt_usleep.o)
 .debug_info    0x00000000000024d6      0x5c2 ../boot_bsp/\libhal_bsp.a(alt_sys_init.o)
 .debug_info    0x0000000000002a98      0x527 ../boot_bsp/\libhal_bsp.a(altera_avalon_jtag_uart_fd.o)
 .debug_info    0x0000000000002fbf      0x3a1 ../boot_bsp/\libhal_bsp.a(altera_avalon_jtag_uart_init.o)
 .debug_info    0x0000000000003360      0x279 ../boot_bsp/\libhal_bsp.a(altera_avalon_jtag_uart_ioctl.o)
 .debug_info    0x00000000000035d9      0x342 ../boot_bsp/\libhal_bsp.a(altera_avalon_jtag_uart_read.o)
 .debug_info    0x000000000000391b      0x339 ../boot_bsp/\libhal_bsp.a(altera_avalon_jtag_uart_write.o)
 .debug_info    0x0000000000003c54      0x21f ../boot_bsp/\libhal_bsp.a(altera_avalon_timer_sc.o)
 .debug_info    0x0000000000003e73      0x440 ../boot_bsp/\libhal_bsp.a(altera_avalon_uart_fd.o)
 .debug_info    0x00000000000042b3      0x32c ../boot_bsp/\libhal_bsp.a(altera_avalon_uart_init.o)
 .debug_info    0x00000000000045df      0x312 ../boot_bsp/\libhal_bsp.a(altera_avalon_uart_read.o)
 .debug_info    0x00000000000048f1      0x317 ../boot_bsp/\libhal_bsp.a(altera_avalon_uart_write.o)
 .debug_info    0x0000000000004c08      0x2c5 ../boot_bsp/\libhal_bsp.a(alt_alarm_start.o)
 .debug_info    0x0000000000004ecd       0xd0 ../boot_bsp/\libhal_bsp.a(alt_busy_sleep.o)
 .debug_info    0x0000000000004f9d      0x495 ../boot_bsp/\libhal_bsp.a(alt_dev.o)
 .debug_info    0x0000000000005432      0x1a2 ../boot_bsp/\libhal_bsp.a(alt_dev_llist_insert.o)
 .debug_info    0x00000000000055d4       0x9f ../boot_bsp/\libhal_bsp.a(alt_errno.o)
 .debug_info    0x0000000000005673       0xd5 ../boot_bsp/\libhal_bsp.a(alt_icache_flush.o)
 .debug_info    0x0000000000005748      0x349 ../boot_bsp/\libhal_bsp.a(alt_iic.o)
 .debug_info    0x0000000000005a91      0x1e8 ../boot_bsp/\libhal_bsp.a(alt_iic_isr_register.o)
 .debug_info    0x0000000000005c79       0xa0 ../boot_bsp/\libhal_bsp.a(alt_irq_entry.o)
 .debug_info    0x0000000000005d19      0x180 ../boot_bsp/\libhal_bsp.a(alt_irq_handler.o)
 .debug_info    0x0000000000005e99       0x88 ../boot_bsp/\libhal_bsp.a(alt_irq_vars.o)
 .debug_info    0x0000000000005f21      0x292 ../boot_bsp/\libhal_bsp.a(alt_tick.o)
 .debug_info    0x00000000000061b3       0x8b ../boot_bsp/\libhal_bsp.a(altera_nios2_qsys_irq.o)
 .debug_info    0x000000000000623e       0xa6 ../boot_bsp/\libhal_bsp.a(alt_exception_entry.o)
 .debug_info    0x00000000000062e4       0x83 c:/altera/15.1/nios2eds/bin/gnu/h-x86_64-mingw32/bin/../lib/gcc/nios2-elf/4.9.2/../../../../../H-x86_64-mingw32/nios2-elf/lib/mhw-mulx\libc.a(lib_a-int_errno.o)
 .debug_info    0x0000000000006367      0x234 c:/altera/15.1/nios2eds/bin/gnu/h-x86_64-mingw32/bin/../lib/gcc/nios2-elf/4.9.2/mhw-mulx\libgcc.a(lib2-divmod.o)

.debug_abbrev   0x0000000000000000     0x257f
 *(.debug_abbrev)
 .debug_abbrev  0x0000000000000000       0x12 ../boot_bsp//obj/HAL/src/crt0.o
 .debug_abbrev  0x0000000000000012      0x197 obj/default/advanced_boot_copier.o
 .debug_abbrev  0x00000000000001a9      0x1f5 c:/altera/15.1/nios2eds/bin/gnu/h-x86_64-mingw32/bin/../lib/gcc/nios2-elf/4.9.2/../../../../../H-x86_64-mingw32/nios2-elf/lib/mhw-mulx\libc.a(lib_a-exit.o)
 .debug_abbrev  0x000000000000039e      0x18f c:/altera/15.1/nios2eds/bin/gnu/h-x86_64-mingw32/bin/../lib/gcc/nios2-elf/4.9.2/../../../../../H-x86_64-mingw32/nios2-elf/lib/mhw-mulx\libc.a(lib_a-impure.o)
 .debug_abbrev  0x000000000000052d       0x9c c:/altera/15.1/nios2eds/bin/gnu/h-x86_64-mingw32/bin/../lib/gcc/nios2-elf/4.9.2/../../../../../H-x86_64-mingw32/nios2-elf/lib/mhw-mulx\libc.a(lib_a-memcpy.o)
 .debug_abbrev  0x00000000000005c9      0x22e c:/altera/15.1/nios2eds/bin/gnu/h-x86_64-mingw32/bin/../lib/gcc/nios2-elf/4.9.2/../../../../../H-x86_64-mingw32/nios2-elf/lib/mhw-mulx\libc.a(lib_a-__call_atexit.o)
 .debug_abbrev  0x00000000000007f7       0x5a ../boot_bsp/\libhal_bsp.a(alt_dcache_flush_all.o)
 .debug_abbrev  0x0000000000000851       0xa6 ../boot_bsp/\libhal_bsp.a(alt_exit.o)
 .debug_abbrev  0x00000000000008f7       0x42 ../boot_bsp/\libhal_bsp.a(alt_icache_flush_all.o)
 .debug_abbrev  0x0000000000000939       0x9f ../boot_bsp/\libhal_bsp.a(alt_load.o)
 .debug_abbrev  0x00000000000009d8       0x60 ../boot_bsp/\libhal_bsp.a(alt_usleep.o)
 .debug_abbrev  0x0000000000000a38      0x190 ../boot_bsp/\libhal_bsp.a(alt_sys_init.o)
 .debug_abbrev  0x0000000000000bc8      0x127 ../boot_bsp/\libhal_bsp.a(altera_avalon_jtag_uart_fd.o)
 .debug_abbrev  0x0000000000000cef      0x197 ../boot_bsp/\libhal_bsp.a(altera_avalon_jtag_uart_init.o)
 .debug_abbrev  0x0000000000000e86      0x111 ../boot_bsp/\libhal_bsp.a(altera_avalon_jtag_uart_ioctl.o)
 .debug_abbrev  0x0000000000000f97      0x1ac ../boot_bsp/\libhal_bsp.a(altera_avalon_jtag_uart_read.o)
 .debug_abbrev  0x0000000000001143      0x1a8 ../boot_bsp/\libhal_bsp.a(altera_avalon_jtag_uart_write.o)
 .debug_abbrev  0x00000000000012eb      0x155 ../boot_bsp/\libhal_bsp.a(altera_avalon_timer_sc.o)
 .debug_abbrev  0x0000000000001440      0x109 ../boot_bsp/\libhal_bsp.a(altera_avalon_uart_fd.o)
 .debug_abbrev  0x0000000000001549      0x178 ../boot_bsp/\libhal_bsp.a(altera_avalon_uart_init.o)
 .debug_abbrev  0x00000000000016c1      0x183 ../boot_bsp/\libhal_bsp.a(altera_avalon_uart_read.o)
 .debug_abbrev  0x0000000000001844      0x18a ../boot_bsp/\libhal_bsp.a(altera_avalon_uart_write.o)
 .debug_abbrev  0x00000000000019ce      0x162 ../boot_bsp/\libhal_bsp.a(alt_alarm_start.o)
 .debug_abbrev  0x0000000000001b30       0x7e ../boot_bsp/\libhal_bsp.a(alt_busy_sleep.o)
 .debug_abbrev  0x0000000000001bae       0xd9 ../boot_bsp/\libhal_bsp.a(alt_dev.o)
 .debug_abbrev  0x0000000000001c87      0x114 ../boot_bsp/\libhal_bsp.a(alt_dev_llist_insert.o)
 .debug_abbrev  0x0000000000001d9b       0x5a ../boot_bsp/\libhal_bsp.a(alt_errno.o)
 .debug_abbrev  0x0000000000001df5       0x8c ../boot_bsp/\libhal_bsp.a(alt_icache_flush.o)
 .debug_abbrev  0x0000000000001e81      0x163 ../boot_bsp/\libhal_bsp.a(alt_iic.o)
 .debug_abbrev  0x0000000000001fe4      0x169 ../boot_bsp/\libhal_bsp.a(alt_iic_isr_register.o)
 .debug_abbrev  0x000000000000214d       0x12 ../boot_bsp/\libhal_bsp.a(alt_irq_entry.o)
 .debug_abbrev  0x000000000000215f      0x122 ../boot_bsp/\libhal_bsp.a(alt_irq_handler.o)
 .debug_abbrev  0x0000000000002281       0x40 ../boot_bsp/\libhal_bsp.a(alt_irq_vars.o)
 .debug_abbrev  0x00000000000022c1      0x15a ../boot_bsp/\libhal_bsp.a(alt_tick.o)
 .debug_abbrev  0x000000000000241b       0x42 ../boot_bsp/\libhal_bsp.a(altera_nios2_qsys_irq.o)
 .debug_abbrev  0x000000000000245d       0x12 ../boot_bsp/\libhal_bsp.a(alt_exception_entry.o)
 .debug_abbrev  0x000000000000246f       0x37 c:/altera/15.1/nios2eds/bin/gnu/h-x86_64-mingw32/bin/../lib/gcc/nios2-elf/4.9.2/../../../../../H-x86_64-mingw32/nios2-elf/lib/mhw-mulx\libc.a(lib_a-int_errno.o)
 .debug_abbrev  0x00000000000024a6       0xd9 c:/altera/15.1/nios2eds/bin/gnu/h-x86_64-mingw32/bin/../lib/gcc/nios2-elf/4.9.2/mhw-mulx\libgcc.a(lib2-divmod.o)

.debug_line     0x0000000000000000     0x252f
 *(.debug_line)
 .debug_line    0x0000000000000000       0x72 ../boot_bsp//obj/HAL/src/crt0.o
 .debug_line    0x0000000000000072      0x238 obj/default/advanced_boot_copier.o
 .debug_line    0x00000000000002aa      0x1fc c:/altera/15.1/nios2eds/bin/gnu/h-x86_64-mingw32/bin/../lib/gcc/nios2-elf/4.9.2/../../../../../H-x86_64-mingw32/nios2-elf/lib/mhw-mulx\libc.a(lib_a-exit.o)
 .debug_line    0x00000000000004a6      0x160 c:/altera/15.1/nios2eds/bin/gnu/h-x86_64-mingw32/bin/../lib/gcc/nios2-elf/4.9.2/../../../../../H-x86_64-mingw32/nios2-elf/lib/mhw-mulx\libc.a(lib_a-impure.o)
 .debug_line    0x0000000000000606      0x185 c:/altera/15.1/nios2eds/bin/gnu/h-x86_64-mingw32/bin/../lib/gcc/nios2-elf/4.9.2/../../../../../H-x86_64-mingw32/nios2-elf/lib/mhw-mulx\libc.a(lib_a-memcpy.o)
 .debug_line    0x000000000000078b      0x241 c:/altera/15.1/nios2eds/bin/gnu/h-x86_64-mingw32/bin/../lib/gcc/nios2-elf/4.9.2/../../../../../H-x86_64-mingw32/nios2-elf/lib/mhw-mulx\libc.a(lib_a-__call_atexit.o)
 .debug_line    0x00000000000009cc       0x61 ../boot_bsp/\libhal_bsp.a(alt_dcache_flush_all.o)
 .debug_line    0x0000000000000a2d       0x71 ../boot_bsp/\libhal_bsp.a(alt_exit.o)
 .debug_line    0x0000000000000a9e       0x50 ../boot_bsp/\libhal_bsp.a(alt_icache_flush_all.o)
 .debug_line    0x0000000000000aee       0x8d ../boot_bsp/\libhal_bsp.a(alt_load.o)
 .debug_line    0x0000000000000b7b       0xa5 ../boot_bsp/\libhal_bsp.a(alt_usleep.o)
 .debug_line    0x0000000000000c20      0x189 ../boot_bsp/\libhal_bsp.a(alt_sys_init.o)
 .debug_line    0x0000000000000da9      0x12f ../boot_bsp/\libhal_bsp.a(altera_avalon_jtag_uart_fd.o)
 .debug_line    0x0000000000000ed8      0x180 ../boot_bsp/\libhal_bsp.a(altera_avalon_jtag_uart_init.o)
 .debug_line    0x0000000000001058      0x12e ../boot_bsp/\libhal_bsp.a(altera_avalon_jtag_uart_ioctl.o)
 .debug_line    0x0000000000001186      0x16a ../boot_bsp/\libhal_bsp.a(altera_avalon_jtag_uart_read.o)
 .debug_line    0x00000000000012f0      0x16a ../boot_bsp/\libhal_bsp.a(altera_avalon_jtag_uart_write.o)
 .debug_line    0x000000000000145a       0xfd ../boot_bsp/\libhal_bsp.a(altera_avalon_timer_sc.o)
 .debug_line    0x0000000000001557       0xee ../boot_bsp/\libhal_bsp.a(altera_avalon_uart_fd.o)
 .debug_line    0x0000000000001645      0x18a ../boot_bsp/\libhal_bsp.a(altera_avalon_uart_init.o)
 .debug_line    0x00000000000017cf      0x17f ../boot_bsp/\libhal_bsp.a(altera_avalon_uart_read.o)
 .debug_line    0x000000000000194e      0x166 ../boot_bsp/\libhal_bsp.a(altera_avalon_uart_write.o)
 .debug_line    0x0000000000001ab4       0xfa ../boot_bsp/\libhal_bsp.a(alt_alarm_start.o)
 .debug_line    0x0000000000001bae       0xa0 ../boot_bsp/\libhal_bsp.a(alt_busy_sleep.o)
 .debug_line    0x0000000000001c4e       0xf0 ../boot_bsp/\libhal_bsp.a(alt_dev.o)
 .debug_line    0x0000000000001d3e       0xd0 ../boot_bsp/\libhal_bsp.a(alt_dev_llist_insert.o)
 .debug_line    0x0000000000001e0e       0x51 ../boot_bsp/\libhal_bsp.a(alt_errno.o)
 .debug_line    0x0000000000001e5f       0x81 ../boot_bsp/\libhal_bsp.a(alt_icache_flush.o)
 .debug_line    0x0000000000001ee0       0xef ../boot_bsp/\libhal_bsp.a(alt_iic.o)
 .debug_line    0x0000000000001fcf       0xdb ../boot_bsp/\libhal_bsp.a(alt_iic_isr_register.o)
 .debug_line    0x00000000000020aa       0x6b ../boot_bsp/\libhal_bsp.a(alt_irq_entry.o)
 .debug_line    0x0000000000002115       0xaa ../boot_bsp/\libhal_bsp.a(alt_irq_handler.o)
 .debug_line    0x00000000000021bf       0x50 ../boot_bsp/\libhal_bsp.a(alt_irq_vars.o)
 .debug_line    0x000000000000220f       0xfe ../boot_bsp/\libhal_bsp.a(alt_tick.o)
 .debug_line    0x000000000000230d       0x51 ../boot_bsp/\libhal_bsp.a(altera_nios2_qsys_irq.o)
 .debug_line    0x000000000000235e       0xab ../boot_bsp/\libhal_bsp.a(alt_exception_entry.o)
 .debug_line    0x0000000000002409       0x5f c:/altera/15.1/nios2eds/bin/gnu/h-x86_64-mingw32/bin/../lib/gcc/nios2-elf/4.9.2/../../../../../H-x86_64-mingw32/nios2-elf/lib/mhw-mulx\libc.a(lib_a-int_errno.o)
 .debug_line    0x0000000000002468       0xc7 c:/altera/15.1/nios2eds/bin/gnu/h-x86_64-mingw32/bin/../lib/gcc/nios2-elf/4.9.2/mhw-mulx\libgcc.a(lib2-divmod.o)

.debug_frame    0x0000000000000000      0xb50
 *(.debug_frame)
 .debug_frame   0x0000000000000000      0x120 obj/default/advanced_boot_copier.o
 .debug_frame   0x0000000000000120       0x28 c:/altera/15.1/nios2eds/bin/gnu/h-x86_64-mingw32/bin/../lib/gcc/nios2-elf/4.9.2/../../../../../H-x86_64-mingw32/nios2-elf/lib/mhw-mulx\libc.a(lib_a-exit.o)
 .debug_frame   0x0000000000000148       0x30 c:/altera/15.1/nios2eds/bin/gnu/h-x86_64-mingw32/bin/../lib/gcc/nios2-elf/4.9.2/../../../../../H-x86_64-mingw32/nios2-elf/lib/mhw-mulx\libc.a(lib_a-memcpy.o)
 .debug_frame   0x0000000000000178       0x54 c:/altera/15.1/nios2eds/bin/gnu/h-x86_64-mingw32/bin/../lib/gcc/nios2-elf/4.9.2/../../../../../H-x86_64-mingw32/nios2-elf/lib/mhw-mulx\libc.a(lib_a-__call_atexit.o)
 .debug_frame   0x00000000000001cc       0x34 ../boot_bsp/\libhal_bsp.a(alt_dcache_flush_all.o)
 .debug_frame   0x0000000000000200       0x2c ../boot_bsp/\libhal_bsp.a(alt_exit.o)
 .debug_frame   0x000000000000022c       0x38 ../boot_bsp/\libhal_bsp.a(alt_icache_flush_all.o)
 .debug_frame   0x0000000000000264       0x5c ../boot_bsp/\libhal_bsp.a(alt_load.o)
 .debug_frame   0x00000000000002c0       0x38 ../boot_bsp/\libhal_bsp.a(alt_usleep.o)
 .debug_frame   0x00000000000002f8       0x88 ../boot_bsp/\libhal_bsp.a(alt_sys_init.o)
 .debug_frame   0x0000000000000380       0xb0 ../boot_bsp/\libhal_bsp.a(altera_avalon_jtag_uart_fd.o)
 .debug_frame   0x0000000000000430       0xa4 ../boot_bsp/\libhal_bsp.a(altera_avalon_jtag_uart_init.o)
 .debug_frame   0x00000000000004d4       0x34 ../boot_bsp/\libhal_bsp.a(altera_avalon_jtag_uart_ioctl.o)
 .debug_frame   0x0000000000000508       0x38 ../boot_bsp/\libhal_bsp.a(altera_avalon_jtag_uart_read.o)
 .debug_frame   0x0000000000000540       0x38 ../boot_bsp/\libhal_bsp.a(altera_avalon_jtag_uart_write.o)
 .debug_frame   0x0000000000000578       0x60 ../boot_bsp/\libhal_bsp.a(altera_avalon_timer_sc.o)
 .debug_frame   0x00000000000005d8       0x88 ../boot_bsp/\libhal_bsp.a(altera_avalon_uart_fd.o)
 .debug_frame   0x0000000000000660       0xcc ../boot_bsp/\libhal_bsp.a(altera_avalon_uart_init.o)
 .debug_frame   0x000000000000072c       0x60 ../boot_bsp/\libhal_bsp.a(altera_avalon_uart_read.o)
 .debug_frame   0x000000000000078c       0x60 ../boot_bsp/\libhal_bsp.a(altera_avalon_uart_write.o)
 .debug_frame   0x00000000000007ec       0x34 ../boot_bsp/\libhal_bsp.a(alt_alarm_start.o)
 .debug_frame   0x0000000000000820       0x38 ../boot_bsp/\libhal_bsp.a(alt_busy_sleep.o)
 .debug_frame   0x0000000000000858       0x34 ../boot_bsp/\libhal_bsp.a(alt_dev.o)
 .debug_frame   0x000000000000088c       0x60 ../boot_bsp/\libhal_bsp.a(alt_dev_llist_insert.o)
 .debug_frame   0x00000000000008ec       0x34 ../boot_bsp/\libhal_bsp.a(alt_icache_flush.o)
 .debug_frame   0x0000000000000920       0xa4 ../boot_bsp/\libhal_bsp.a(alt_iic.o)
 .debug_frame   0x00000000000009c4       0x38 ../boot_bsp/\libhal_bsp.a(alt_iic_isr_register.o)
 .debug_frame   0x00000000000009fc       0x38 ../boot_bsp/\libhal_bsp.a(alt_irq_handler.o)
 .debug_frame   0x0000000000000a34       0x5c ../boot_bsp/\libhal_bsp.a(alt_tick.o)
 .debug_frame   0x0000000000000a90       0x34 ../boot_bsp/\libhal_bsp.a(altera_nios2_qsys_irq.o)
 .debug_frame   0x0000000000000ac4       0x8c c:/altera/15.1/nios2eds/bin/gnu/h-x86_64-mingw32/bin/../lib/gcc/nios2-elf/4.9.2/mhw-mulx\libgcc.a(lib2-divmod.o)

.debug_str      0x0000000000000000     0x18f7
 *(.debug_str)
 .debug_str     0x0000000000000000      0x31b obj/default/advanced_boot_copier.o
                                        0x373 (size before relaxing)
 .debug_str     0x000000000000031b      0x4c7 c:/altera/15.1/nios2eds/bin/gnu/h-x86_64-mingw32/bin/../lib/gcc/nios2-elf/4.9.2/../../../../../H-x86_64-mingw32/nios2-elf/lib/mhw-mulx\libc.a(lib_a-exit.o)
                                        0x5ac (size before relaxing)
 .debug_str     0x00000000000007e2       0xd4 c:/altera/15.1/nios2eds/bin/gnu/h-x86_64-mingw32/bin/../lib/gcc/nios2-elf/4.9.2/../../../../../H-x86_64-mingw32/nios2-elf/lib/mhw-mulx\libc.a(lib_a-impure.o)
                                        0x5a3 (size before relaxing)
 .debug_str     0x00000000000008b6       0xf8 c:/altera/15.1/nios2eds/bin/gnu/h-x86_64-mingw32/bin/../lib/gcc/nios2-elf/4.9.2/../../../../../H-x86_64-mingw32/nios2-elf/lib/mhw-mulx\libc.a(lib_a-memcpy.o)
                                        0x1f9 (size before relaxing)
 .debug_str     0x00000000000009ae       0x65 c:/altera/15.1/nios2eds/bin/gnu/h-x86_64-mingw32/bin/../lib/gcc/nios2-elf/4.9.2/../../../../../H-x86_64-mingw32/nios2-elf/lib/mhw-mulx\libc.a(lib_a-__call_atexit.o)
                                        0x5d0 (size before relaxing)
 .debug_str     0x0000000000000a13       0x97 ../boot_bsp/\libhal_bsp.a(alt_dcache_flush_all.o)
                                        0x15b (size before relaxing)
 .debug_str     0x0000000000000aaa       0x2a ../boot_bsp/\libhal_bsp.a(alt_exit.o)
                                        0x157 (size before relaxing)
 .debug_str     0x0000000000000ad4       0x34 ../boot_bsp/\libhal_bsp.a(alt_icache_flush_all.o)
                                        0x15b (size before relaxing)
 .debug_str     0x0000000000000b08       0xe9 ../boot_bsp/\libhal_bsp.a(alt_load.o)
                                        0x218 (size before relaxing)
 .debug_str     0x0000000000000bf1       0x27 ../boot_bsp/\libhal_bsp.a(alt_usleep.o)
                                        0x14e (size before relaxing)
 .debug_str     0x0000000000000c18      0x24c ../boot_bsp/\libhal_bsp.a(alt_sys_init.o)
                                        0x437 (size before relaxing)
 .debug_str     0x0000000000000e64       0xb2 ../boot_bsp/\libhal_bsp.a(altera_avalon_jtag_uart_fd.o)
                                        0x3aa (size before relaxing)
 .debug_str     0x0000000000000f16       0xde ../boot_bsp/\libhal_bsp.a(altera_avalon_jtag_uart_init.o)
                                        0x33e (size before relaxing)
 .debug_str     0x0000000000000ff4       0x4a ../boot_bsp/\libhal_bsp.a(altera_avalon_jtag_uart_ioctl.o)
                                        0x299 (size before relaxing)
 .debug_str     0x000000000000103e       0x5b ../boot_bsp/\libhal_bsp.a(altera_avalon_jtag_uart_read.o)
                                        0x2ee (size before relaxing)
 .debug_str     0x0000000000001099       0x4a ../boot_bsp/\libhal_bsp.a(altera_avalon_jtag_uart_write.o)
                                        0x2ef (size before relaxing)
 .debug_str     0x00000000000010e3       0x6d ../boot_bsp/\libhal_bsp.a(altera_avalon_timer_sc.o)
                                        0x251 (size before relaxing)
 .debug_str     0x0000000000001150       0x77 ../boot_bsp/\libhal_bsp.a(altera_avalon_uart_fd.o)
                                        0x2fb (size before relaxing)
 .debug_str     0x00000000000011c7       0xb1 ../boot_bsp/\libhal_bsp.a(altera_avalon_uart_init.o)
                                        0x2bd (size before relaxing)
 .debug_str     0x0000000000001278       0x5d ../boot_bsp/\libhal_bsp.a(altera_avalon_uart_read.o)
                                        0x29e (size before relaxing)
 .debug_str     0x00000000000012d5       0x49 ../boot_bsp/\libhal_bsp.a(altera_avalon_uart_write.o)
                                        0x292 (size before relaxing)
 .debug_str     0x000000000000131e       0x5f ../boot_bsp/\libhal_bsp.a(alt_alarm_start.o)
                                        0x284 (size before relaxing)
 .debug_str     0x000000000000137d       0x42 ../boot_bsp/\libhal_bsp.a(alt_busy_sleep.o)
                                        0x171 (size before relaxing)
 .debug_str     0x00000000000013bf      0x125 ../boot_bsp/\libhal_bsp.a(alt_dev.o)
                                        0x30b (size before relaxing)
 .debug_str     0x00000000000014e4       0x34 ../boot_bsp/\libhal_bsp.a(alt_dev_llist_insert.o)
                                        0x1d2 (size before relaxing)
 .debug_str     0x0000000000001518       0x14 ../boot_bsp/\libhal_bsp.a(alt_errno.o)
                                        0x14b (size before relaxing)
 .debug_str     0x000000000000152c       0x2c ../boot_bsp/\libhal_bsp.a(alt_icache_flush.o)
                                        0x161 (size before relaxing)
 .debug_str     0x0000000000001558       0xbd ../boot_bsp/\libhal_bsp.a(alt_iic.o)
                                        0x244 (size before relaxing)
 .debug_str     0x0000000000001615       0x4c ../boot_bsp/\libhal_bsp.a(alt_iic_isr_register.o)
                                        0x1ee (size before relaxing)
 .debug_str     0x0000000000001661       0x3a ../boot_bsp/\libhal_bsp.a(alt_irq_handler.o)
                                        0x19d (size before relaxing)
 .debug_str     0x000000000000169b       0x17 ../boot_bsp/\libhal_bsp.a(alt_irq_vars.o)
                                        0x14c (size before relaxing)
 .debug_str     0x00000000000016b2       0x4a ../boot_bsp/\libhal_bsp.a(alt_tick.o)
                                        0x258 (size before relaxing)
 .debug_str     0x00000000000016fc       0x3b ../boot_bsp/\libhal_bsp.a(altera_nios2_qsys_irq.o)
                                        0x162 (size before relaxing)
 .debug_str     0x0000000000001737       0x3f c:/altera/15.1/nios2eds/bin/gnu/h-x86_64-mingw32/bin/../lib/gcc/nios2-elf/4.9.2/../../../../../H-x86_64-mingw32/nios2-elf/lib/mhw-mulx\libc.a(lib_a-int_errno.o)
                                        0x1cb (size before relaxing)
 .debug_str     0x0000000000001776      0x181 c:/altera/15.1/nios2eds/bin/gnu/h-x86_64-mingw32/bin/../lib/gcc/nios2-elf/4.9.2/mhw-mulx\libgcc.a(lib2-divmod.o)
                                        0x1cc (size before relaxing)

.debug_loc      0x0000000000000000      0x6d9
 *(.debug_loc)
 .debug_loc     0x0000000000000000       0x1e c:/altera/15.1/nios2eds/bin/gnu/h-x86_64-mingw32/bin/../lib/gcc/nios2-elf/4.9.2/../../../../../H-x86_64-mingw32/nios2-elf/lib/mhw-mulx\libc.a(lib_a-exit.o)
 .debug_loc     0x000000000000001e      0x2a2 c:/altera/15.1/nios2eds/bin/gnu/h-x86_64-mingw32/bin/../lib/gcc/nios2-elf/4.9.2/../../../../../H-x86_64-mingw32/nios2-elf/lib/mhw-mulx\libc.a(lib_a-memcpy.o)
 .debug_loc     0x00000000000002c0      0x1a6 c:/altera/15.1/nios2eds/bin/gnu/h-x86_64-mingw32/bin/../lib/gcc/nios2-elf/4.9.2/../../../../../H-x86_64-mingw32/nios2-elf/lib/mhw-mulx\libc.a(lib_a-__call_atexit.o)
 .debug_loc     0x0000000000000466      0x273 c:/altera/15.1/nios2eds/bin/gnu/h-x86_64-mingw32/bin/../lib/gcc/nios2-elf/4.9.2/mhw-mulx\libgcc.a(lib2-divmod.o)

.debug_macinfo
 *(.debug_macinfo)

.debug_weaknames
 *(.debug_weaknames)

.debug_funcnames
 *(.debug_funcnames)

.debug_typenames
 *(.debug_typenames)

.debug_varnames
 *(.debug_varnames)

.debug_alt_sim_info
                0x0000000000000000       0x60
 *(.debug_alt_sim_info)
 .debug_alt_sim_info
                0x0000000000000000       0x30 ../boot_bsp//obj/HAL/src/crt0.o
 .debug_alt_sim_info
                0x0000000000000030       0x30 ../boot_bsp/\libhal_bsp.a(alt_busy_sleep.o)
                0x0000000000500000                __alt_data_end = 0x500000
                0x0000000000500000                PROVIDE (__alt_stack_pointer, __alt_data_end)
                0x0000000000405c10                PROVIDE (__alt_stack_limit, __alt_stack_base)
                0x0000000000405c10                PROVIDE (__alt_heap_start, end)
                0x0000000000500000                PROVIDE (__alt_heap_limit, 0x500000)
OUTPUT(bootloader.elf elf32-littlenios2)

.debug_ranges   0x0000000000000000       0xd0
 .debug_ranges  0x0000000000000000       0x20 ../boot_bsp//obj/HAL/src/crt0.o
 .debug_ranges  0x0000000000000020       0x10 c:/altera/15.1/nios2eds/bin/gnu/h-x86_64-mingw32/bin/../lib/gcc/nios2-elf/4.9.2/../../../../../H-x86_64-mingw32/nios2-elf/lib/mhw-mulx\libc.a(lib_a-exit.o)
 .debug_ranges  0x0000000000000030       0x10 c:/altera/15.1/nios2eds/bin/gnu/h-x86_64-mingw32/bin/../lib/gcc/nios2-elf/4.9.2/../../../../../H-x86_64-mingw32/nios2-elf/lib/mhw-mulx\libc.a(lib_a-memcpy.o)
 .debug_ranges  0x0000000000000040       0x28 c:/altera/15.1/nios2eds/bin/gnu/h-x86_64-mingw32/bin/../lib/gcc/nios2-elf/4.9.2/../../../../../H-x86_64-mingw32/nios2-elf/lib/mhw-mulx\libc.a(lib_a-__call_atexit.o)
 .debug_ranges  0x0000000000000068       0x28 ../boot_bsp/\libhal_bsp.a(alt_irq_entry.o)
 .debug_ranges  0x0000000000000090       0x10 ../boot_bsp/\libhal_bsp.a(alt_irq_handler.o)
 .debug_ranges  0x00000000000000a0       0x30 ../boot_bsp/\libhal_bsp.a(alt_exception_entry.o)
