Archive member included to satisfy reference by file (symbol)

c:/altera/15.1/nios2eds/bin/gnu/h-x86_64-mingw32/bin/../lib/gcc/nios2-elf/4.9.2/../../../../../H-x86_64-mingw32/nios2-elf/lib/mhw-mulx\libm.a(lib_a-s_ceil.o)
                              obj/default/common/src/ipg_sfp.o (ceil)
c:/altera/15.1/nios2eds/bin/gnu/h-x86_64-mingw32/bin/../lib/gcc/nios2-elf/4.9.2/../../../../../H-x86_64-mingw32/nios2-elf/lib/mhw-mulx\libm.a(lib_a-s_floor.o)
                              obj/default/common/src/ipg_sfp.o (floor)
c:/altera/15.1/nios2eds/bin/gnu/h-x86_64-mingw32/bin/../lib/gcc/nios2-elf/4.9.2/../../../../../H-x86_64-mingw32/nios2-elf/lib/mhw-mulx\libm.a(lib_a-sf_infinity.o)
                              obj/default/common/src/ipg_sfp.o (infinityf)
c:/altera/15.1/nios2eds/bin/gnu/h-x86_64-mingw32/bin/../lib/gcc/nios2-elf/4.9.2/../../../../../H-x86_64-mingw32/nios2-elf/lib/mhw-mulx\libm.a(lib_a-w_log10.o)
                              obj/default/common/src/ipg_sfp.o (log10)
c:/altera/15.1/nios2eds/bin/gnu/h-x86_64-mingw32/bin/../lib/gcc/nios2-elf/4.9.2/../../../../../H-x86_64-mingw32/nios2-elf/lib/mhw-mulx\libm.a(lib_a-e_log10.o)
                              c:/altera/15.1/nios2eds/bin/gnu/h-x86_64-mingw32/bin/../lib/gcc/nios2-elf/4.9.2/../../../../../H-x86_64-mingw32/nios2-elf/lib/mhw-mulx\libm.a(lib_a-w_log10.o) (__ieee754_log10)
c:/altera/15.1/nios2eds/bin/gnu/h-x86_64-mingw32/bin/../lib/gcc/nios2-elf/4.9.2/../../../../../H-x86_64-mingw32/nios2-elf/lib/mhw-mulx\libm.a(lib_a-s_fpclassify.o)
                              c:/altera/15.1/nios2eds/bin/gnu/h-x86_64-mingw32/bin/../lib/gcc/nios2-elf/4.9.2/../../../../../H-x86_64-mingw32/nios2-elf/lib/mhw-mulx\libm.a(lib_a-w_log10.o) (__fpclassifyd)
c:/altera/15.1/nios2eds/bin/gnu/h-x86_64-mingw32/bin/../lib/gcc/nios2-elf/4.9.2/../../../../../H-x86_64-mingw32/nios2-elf/lib/mhw-mulx\libm.a(lib_a-s_lib_ver.o)
                              c:/altera/15.1/nios2eds/bin/gnu/h-x86_64-mingw32/bin/../lib/gcc/nios2-elf/4.9.2/../../../../../H-x86_64-mingw32/nios2-elf/lib/mhw-mulx\libm.a(lib_a-w_log10.o) (__fdlib_version)
c:/altera/15.1/nios2eds/bin/gnu/h-x86_64-mingw32/bin/../lib/gcc/nios2-elf/4.9.2/../../../../../H-x86_64-mingw32/nios2-elf/lib/mhw-mulx\libm.a(lib_a-s_matherr.o)
                              c:/altera/15.1/nios2eds/bin/gnu/h-x86_64-mingw32/bin/../lib/gcc/nios2-elf/4.9.2/../../../../../H-x86_64-mingw32/nios2-elf/lib/mhw-mulx\libm.a(lib_a-w_log10.o) (matherr)
c:/altera/15.1/nios2eds/bin/gnu/h-x86_64-mingw32/bin/../lib/gcc/nios2-elf/4.9.2/../../../../../H-x86_64-mingw32/nios2-elf/lib/mhw-mulx\libm.a(lib_a-s_nan.o)
                              c:/altera/15.1/nios2eds/bin/gnu/h-x86_64-mingw32/bin/../lib/gcc/nios2-elf/4.9.2/../../../../../H-x86_64-mingw32/nios2-elf/lib/mhw-mulx\libm.a(lib_a-w_log10.o) (nan)
c:/altera/15.1/nios2eds/bin/gnu/h-x86_64-mingw32/bin/../lib/gcc/nios2-elf/4.9.2/../../../../../H-x86_64-mingw32/nios2-elf/lib/mhw-mulx\libm.a(lib_a-e_log.o)
                              c:/altera/15.1/nios2eds/bin/gnu/h-x86_64-mingw32/bin/../lib/gcc/nios2-elf/4.9.2/../../../../../H-x86_64-mingw32/nios2-elf/lib/mhw-mulx\libm.a(lib_a-e_log10.o) (__ieee754_log)
c:/altera/15.1/nios2eds/bin/gnu/h-x86_64-mingw32/bin/../lib/gcc/nios2-elf/4.9.2/mhw-mulx\libgcc.a(_fixunsdfsi.o)
                              obj/default/common/src/ipg_sfp.o (__fixunsdfsi)
c:/altera/15.1/nios2eds/bin/gnu/h-x86_64-mingw32/bin/../lib/gcc/nios2-elf/4.9.2/mhw-mulx\libgcc.a(_floatundisf.o)
                              obj/default/common/src/ipg_pfc.o (__floatundisf)
c:/altera/15.1/nios2eds/bin/gnu/h-x86_64-mingw32/bin/../lib/gcc/nios2-elf/4.9.2/mhw-mulx\libgcc.a(_floatundidf.o)
                              obj/default/ipglb_adapter.o (__floatundidf)
c:/altera/15.1/nios2eds/bin/gnu/h-x86_64-mingw32/bin/../lib/gcc/nios2-elf/4.9.2/mhw-mulx\libgcc.a(divsf3.o)
                              obj/default/common/src/ipg_pfc.o (__divsf3)
c:/altera/15.1/nios2eds/bin/gnu/h-x86_64-mingw32/bin/../lib/gcc/nios2-elf/4.9.2/mhw-mulx\libgcc.a(gesf2.o)
                              obj/default/Middlewares/KURS/src/kurs_core.o (__gtsf2)
c:/altera/15.1/nios2eds/bin/gnu/h-x86_64-mingw32/bin/../lib/gcc/nios2-elf/4.9.2/mhw-mulx\libgcc.a(lesf2.o)
                              obj/default/Middlewares/KURS/src/kurs_core.o (__ltsf2)
c:/altera/15.1/nios2eds/bin/gnu/h-x86_64-mingw32/bin/../lib/gcc/nios2-elf/4.9.2/mhw-mulx\libgcc.a(mulsf3.o)
                              obj/default/Middlewares/KURS/src/kurs_helper.o (__mulsf3)
c:/altera/15.1/nios2eds/bin/gnu/h-x86_64-mingw32/bin/../lib/gcc/nios2-elf/4.9.2/mhw-mulx\libgcc.a(subsf3.o)
                              obj/default/Middlewares/KURS/src/kurs_core.o (__subsf3)
c:/altera/15.1/nios2eds/bin/gnu/h-x86_64-mingw32/bin/../lib/gcc/nios2-elf/4.9.2/mhw-mulx\libgcc.a(fixsfsi.o)
                              obj/default/common/src/ipg_mcp9808.o (__fixsfsi)
c:/altera/15.1/nios2eds/bin/gnu/h-x86_64-mingw32/bin/../lib/gcc/nios2-elf/4.9.2/mhw-mulx\libgcc.a(floatsisf.o)
[...]
Memory Configuration

Name             Origin             Length             Attributes
constants        0x0000000000002000 0x0000000000000020
onchip_memory2_0_BEFORE_EXCEPTION 0x0000000000400000 0x0000000000000020
onchip_memory2_0 0x0000000000400020 0x00000000000003e0
boot_ocram       0x0000000000400400 0x00000000000186a0
app_sdram        0x0000000002000000 0x0000000001000000
reset            0x0000000003000000 0x0000000000000020
boot_cfi         0x0000000003000020 0x000000000023ffe0
img1_cfi         0x0000000003240000 0x0000000000200000
img2_cfi         0x0000000003440000 0x0000000000200000
lng_cfi          0x0000000003640000 0x0000000000200000
user_cfi         0x0000000003840000 0x0000000000200000
*default*        0x0000000000000000 0xffffffffffffffff

Linker script and memory map

LOAD ../bsp//obj/HAL/src/crt0.o
LOAD obj/default/Middlewares/KURS/src/kurs_core.o
LOAD obj/default/Middlewares/KURS/src/kurs_helper.o
LOAD obj/default/Middlewares/KURS/src/kurs_processor.o
LOAD obj/default/Middlewares/KURS/src/kurs_remote_update.o
LOAD obj/default/Middlewares/KURS/src/kurs_user_prefs.o
LOAD obj/default/Middlewares/KURS/src/lld_S29GLxxxP.o
LOAD obj/default/cfi_flash.o
LOAD obj/default/common/src/ipg_als.o
LOAD obj/default/common/src/ipg_delay.o
LOAD obj/default/common/src/ipg_ge_mac.o
LOAD obj/default/common/src/ipg_ge_pcs.o
LOAD obj/default/common/src/ipg_gfp.o
LOAD obj/default/common/src/ipg_i2c.o
LOAD obj/default/common/src/ipg_mcp9808.o
LOAD obj/default/common/src/ipg_mdio.o
LOAD obj/default/common/src/ipg_pca9516.o
LOAD obj/default/common/src/ipg_pca9547.o
LOAD obj/default/common/src/ipg_pfc.o
LOAD obj/default/common/src/ipg_sfp.o
LOAD obj/default/common/src/ipg_sfpp.o
LOAD obj/default/common/src/ipg_si5326.o
LOAD obj/default/common/src/ipg_si5338.o
LOAD obj/default/common/src/ipg_si5375.o
LOAD obj/default/common/src/ipg_uart.o
LOAD obj/default/common/src/ipglb_interface.o
LOAD obj/default/common/src/ipglb_port.o
LOAD obj/default/common/src/ipglb_prot2_processor.o
LOAD obj/default/common/src/ipglb_protocol_2.o
LOAD obj/default/common/src/ipglb_transceiver.o
LOAD obj/default/common/src/odu2_wrapper.o
LOAD obj/default/common/src/opu4_mapper.o
LOAD obj/default/common/src/sls_avalon_i2c_m.o
LOAD obj/default/common/src/sls_open.o
LOAD obj/default/common/src/sls_read.o
LOAD obj/default/common/src/sls_write.o
LOAD obj/default/common/src/stm1416.o
LOAD obj/default/ipg_aps.o
LOAD obj/default/ipglb_adapter.o
LOAD obj/default/ipglb_otu2_brick_dual.o
LOAD obj/default/ipglb_otu2_framer.o
LOAD obj/default/logger.o
LOAD obj/default/main.o
LOAD obj/default/ring_buffer.o
LOAD obj/default/scheduler.o
LOAD c:/altera/15.1/nios2eds/bin/gnu/h-x86_64-mingw32/bin/../lib/gcc/nios2-elf/4.9.2/../../../../../H-x86_64-mingw32/nios2-elf/lib/mhw-mulx\libstdc++.a
LOAD c:/altera/15.1/nios2eds/bin/gnu/h-x86_64-mingw32/bin/../lib/gcc/nios2-elf/4.9.2/../../../../../H-x86_64-mingw32/nios2-elf/lib/mhw-mulx\libm.a
LOAD c:/altera/15.1/nios2eds/bin/gnu/h-x86_64-mingw32/bin/../lib/gcc/nios2-elf/4.9.2/mhw-mulx\libgcc.a
START GROUP
LOAD c:/altera/15.1/nios2eds/bin/gnu/h-x86_64-mingw32/bin/../lib/gcc/nios2-elf/4.9.2/../../../../../H-x86_64-mingw32/nios2-elf/lib/mhw-mulx\libc.a
LOAD c:/altera/15.1/nios2eds/bin/gnu/h-x86_64-mingw32/bin/../lib/gcc/nios2-elf/4.9.2/mhw-mulx\libgcc.a
LOAD ../bsp/\libhal_bsp.a
LOAD c:/altera/15.1/nios2eds/bin/gnu/h-x86_64-mingw32/bin/../lib/gcc/nios2-elf/4.9.2/../../../../../H-x86_64-mingw32/nios2-elf/lib/mhw-mulx\libm.a
END GROUP
LOAD c:/altera/15.1/nios2eds/bin/gnu/h-x86_64-mingw32/bin/../lib/gcc/nios2-elf/4.9.2/mhw-mulx\libgcc.a
                0x0000000000002000                __alt_mem_constants = 0x2000
                0x0000000000400000                __alt_mem_onchip_memory2_0 = 0x400000
                0x0000000002000000                __alt_mem_sdram = 0x2000000
                0x0000000003000000                __alt_mem_flash_tristate_controller_0 = 0x3000000

.entry          0x0000000000400000       0x20
 *(.entry)
 .entry         0x0000000000400000       0x20 ../bsp//obj/HAL/src/crt0.o
                0x0000000000400000                __reset
                0x000000000040001c                _exit

.exceptions     0x0000000000400020      0x19c load address 0x0000000002000000
                0x0000000000400020                PROVIDE (__ram_exceptions_start, ABSOLUTE (.))
                0x0000000000400020                . = ALIGN (0x20)
 *(.irq)
 *(.exceptions.entry.label)
 .exceptions.entry.label
                0x0000000000400020        0x0 ../bsp/\libhal_bsp.a(alt_irq_entry.o)
                0x0000000000400020                alt_irq_entry
 .exceptions.entry.label
                0x0000000000400020        0x0 ../bsp/\libhal_bsp.a(alt_exception_entry.o)
                0x0000000000400020                alt_exception
 *(.exceptions.entry.user)
 *(.exceptions.entry.ecc_fatal)
 *(.exceptions.entry)
 .exceptions.entry
                0x0000000000400020       0x54 ../bsp/\libhal_bsp.a(alt_exception_entry.o)
 *(.exceptions.irqtest.user)
 *(.exceptions.irqtest)
 .exceptions.irqtest
                0x0000000000400074       0x10 ../bsp/\libhal_bsp.a(alt_irq_entry.o)
 *(.exceptions.irqhandler.user)
 *(.exceptions.irqhandler)
 .exceptions.irqhandler
                0x0000000000400084        0x4 ../bsp/\libhal_bsp.a(alt_irq_entry.o)
 *(.exceptions.irqreturn.user)
 *(.exceptions.irqreturn)
 .exceptions.irqreturn
                0x0000000000400088        0x4 ../bsp/\libhal_bsp.a(alt_irq_entry.o)
 *(.exceptions.notirq.label)
 .exceptions.notirq.label
                0x000000000040008c        0x0 ../bsp/\libhal_bsp.a(alt_irq_entry.o)
 *(.exceptions.notirq.user)
 *(.exceptions.notirq)
 .exceptions.notirq
                0x000000000040008c        0x8 ../bsp/\libhal_bsp.a(alt_exception_entry.o)
 *(.exceptions.soft.user)
 *(.exceptions.soft)
 *(.exceptions.unknown.user)
 *(.exceptions.unknown)
 .exceptions.unknown
                0x0000000000400094        0x4 ../bsp/\libhal_bsp.a(alt_exception_entry.o)
 *(.exceptions.exit.label)
 .exceptions.exit.label
                0x0000000000400098        0x0 ../bsp/\libhal_bsp.a(alt_irq_entry.o)
 .exceptions.exit.label
                0x0000000000400098        0x0 ../bsp/\libhal_bsp.a(alt_exception_entry.o)
 *(.exceptions.exit.user)
 *(.exceptions.exit)
 .exceptions.exit
                0x0000000000400098       0x54 ../bsp/\libhal_bsp.a(alt_exception_entry.o)
 *(.exceptions)
 .exceptions    0x00000000004000ec       0xd0 ../bsp/\libhal_bsp.a(alt_irq_handler.o)
                0x00000000004000ec                alt_irq_handler
                0x00000000004001bc                PROVIDE (__ram_exceptions_end, ABSOLUTE (.))
                0x0000000002000000                PROVIDE (__flash_exceptions_start, LOADADDR (.exceptions))

.text           0x000000000200019c    0x48404
                0x000000000200019c                PROVIDE (stext, ABSOLUTE (.))
 *(.interp)
 *(.hash)
 *(.dynsym)
 *(.dynstr)
 *(.gnu.version)
 *(.gnu.version_d)
 *(.gnu.version_r)
 *(.rel.init)
 *(.rela.init)
 *(.rel.text .rel.text.* .rel.gnu.linkonce.t.*)
 *(.rela.text .rela.text.* .rela.gnu.linkonce.t.*)
 *(.rel.fini)
 *(.rela.fini)
 *(.rel.rodata .rel.rodata.* .rel.gnu.linkonce.r.*)
 *(.rela.rodata .rela.rodata.* .rela.gnu.linkonce.r.*)
 *(.rel.data .rel.data.* .rel.gnu.linkonce.d.*)
 *(.rela.data .rela.data.* .rela.gnu.linkonce.d.*)
 *(.rel.tdata .rel.tdata.* .rel.gnu.linkonce.td.*)
 *(.rela.tdata .rela.tdata.* .rela.gnu.linkonce.td.*)
 *(.rel.tbss .rel.tbss.* .rel.gnu.linkonce.tb.*)
 *(.rela.tbss .rela.tbss.* .rela.gnu.linkonce.tb.*)
 *(.rel.ctors)
 *(.rela.ctors)
 *(.rel.dtors)
 *(.rela.dtors)
 *(.rel.got)
 *(.rela.got)
 *(.rel.sdata .rel.sdata.* .rel.gnu.linkonce.s.*)
 *(.rela.sdata .rela.sdata.* .rela.gnu.linkonce.s.*)
 *(.rel.sbss .rel.sbss.* .rel.gnu.linkonce.sb.*)
 *(.rela.sbss .rela.sbss.* .rela.gnu.linkonce.sb.*)
 *(.rel.sdata2 .rel.sdata2.* .rel.gnu.linkonce.s2.*)
 *(.rela.sdata2 .rela.sdata2.* .rela.gnu.linkonce.s2.*)
 *(.rel.sbss2 .rel.sbss2.* .rel.gnu.linkonce.sb2.*)
 *(.rela.sbss2 .rela.sbss2.* .rela.gnu.linkonce.sb2.*)
 *(.rel.bss .rel.bss.* .rel.gnu.linkonce.b.*)
 *(.rela.bss .rela.bss.* .rela.gnu.linkonce.b.*)
 *(.rel.plt)
 *(.rela.plt)
 *(.rel.dyn)
 *(.init)
 *(.plt)
 *(.text .stub .text.* .gnu.linkonce.t.*)
 .text          0x000000000200019c       0x4c ../bsp//obj/HAL/src/crt0.o
                0x000000000200019c                _start
 .text          0x00000000020001e8     0x3b0c obj/default/Middlewares/KURS/src/kurs_core.o
                0x0000000002000470                profile_set_default
                0x00000000020004c0                profile_init
                0x0000000002000520                profile_save_prefs
                0x000000000200054c                HandleKursRdDeviceClass
                0x00000000020005f0                HandleKursEnableSetParams
                0x00000000020006b4                HandleKursRdProfile
                0x0000000002000890                HandleKursRdStrValueAndColor
                0x0000000002000db0                HandleKursSetParamValue
                0x000000000200142c                HandleKursSetColorDegradeAndFailure
                0x0000000002001888                HandleKursGetColorDegradeAndFailure
                0x0000000002001ad4                HandleKursWriteLangPackCommand
                0x0000000002001d28                HandleKursReadLangPackCommand
                0x0000000002001fa8                HandleKursUnknownCommand
                0x0000000002002050                HandleKursExtendedRdDeviceClass
                0x00000000020022fc                HandleKursExtendedEnableSetParams
                0x00000000020023fc                HandleKursExtendedConfigRdWr
                0x000000000200273c                KURS_RebootDelayed
                0x0000000002002758                GetStrParamValueItem
                0x0000000002002aa4                TestProg
                0x0000000002002f68                SetStrValueItem
                0x0000000002003570                ColorDynamicParameters
                0x00000000020035a8                get_param_by_id
                0x00000000020036c8                get_block_color
                0x00000000020037b4                profile_userget_value
                0x000000000200384c                profile_userset_value
                0x00000000020038e4                user_get_color
                0x000000000200397c                KURS_HandleRequests
 .text          0x0000000002003cf4     0x1eb0 obj/default/Middlewares/KURS/src/kurs_helper.o
                0x0000000002003cf4                sprintf_s32
                0x000000000200411c                StrToU16
                0x000000000200422c                sprintf_float
                0x0000000002004a00                StrToU32Def
                0x0000000002004b2c                Str4HexToU16
                0x0000000002004d90                UintToHexStr
                0x0000000002004e50                WordToHexStr
                0x0000000002004f14                Str2HexToU8
                0x0000000002005058                Str8HexToU32
                0x000000000200518c                StrToFloat
                0x000000000200539c                sprintf_u32
                0x000000000200579c                StrToU32
                0x00000000020058d8                StrHexToU32
                0x0000000002005a08                get_crc16_ascii
                0x0000000002005ab4                calc_crc_value
                0x0000000002005b14                calc_crc16
 .text          0x0000000002005ba4      0x534 obj/default/Middlewares/KURS/src/kurs_processor.o
                0x0000000002005c58                kurs_processor_init
                0x0000000002005ce8                kurs_processor_set_sop
                0x0000000002005d20                kurs_receive
                0x0000000002005f98                kurs_rx_ok_callback
                0x0000000002005fc0                kurs_pkt_ok_callback
                0x000000000200600c                kurs_service
                0x00000000020060b0                kurs_processor_get_context
 .text          0x00000000020060d8      0xbd0 obj/default/Middlewares/KURS/src/kurs_remote_update.o
                0x00000000020060d8                WriteToProgCopy
                0x000000000200620c                PrepareEraseProgCopy
                0x0000000002006270                MakeBLCfgAnswerHEXCRC
                0x0000000002006488                MakeAnswerHEXCRC
                0x000000000200653c                MakeAddrAnswerHEXCRC
                0x0000000002006580                HandleKursSafeReprogramming
                0x0000000002006aec                FlashCalcCRC32
                0x0000000002006c08                ValidateFlashImage
 .text          0x0000000002006ca8      0x678 obj/default/Middlewares/KURS/src/kurs_user_prefs.o
                0x0000000002006d5c                get_preferences_list_count
                0x0000000002006d84                get_preferences_list_size
                0x0000000002006dac                append_preference
                0x0000000002006ea8                list_to_array
                0x0000000002006f4c                array_to_list
                0x0000000002006ff0                commit_user_settings
                0x0000000002007118                read_user_settings
 .text          0x0000000002007320     0x1d88 obj/default/Middlewares/KURS/src/lld_S29GLxxxP.o
                0x0000000002007320                lld_GetVersion
                0x0000000002007390                lld_InitCmd
                0x00000000020073b4                lld_ResetCmd
                0x00000000020073f0                lld_SectorEraseCmd
                0x0000000002007480                lld_ChipEraseCmd
                0x0000000002007500                lld_ProgramCmd
                0x0000000002007574                lld_WriteToBufferCmd
                0x00000000020075e0                lld_ProgramBufferToFlashCmd
                0x0000000002007618                lld_WriteBufferAbortResetCmd
                0x0000000002007668                lld_CfiEntryCmd
                0x0000000002007698                lld_CfiExitCmd
                0x00000000020076c4                lld_ReadCfiWord
                0x000000000200771c                lld_UnlockBypassEntryCmd
                0x000000000200776c                lld_UnlockBypassProgramCmd
                0x00000000020077c0                lld_UnlockBypassResetCmd
                0x00000000020077f8                lld_AutoselectEntryCmd
                0x0000000002007848                lld_AutoselectExitCmd
                0x0000000002007874                lld_ProgramSuspendCmd
                0x00000000020078ac                lld_EraseSuspendCmd
                0x000000000200797c                lld_EraseResumeCmd
                0x00000000020079b8                lld_ProgramResumeCmd
                0x00000000020079f0                lld_EraseSuspendOp
                0x0000000002007a78                lld_ProgramSuspendOp
                0x0000000002007b00                lld_GetDeviceId
                0x0000000002007bc0                lld_SetConfigRegCmd
                0x0000000002007c3c                lld_ReadConfigRegCmd
                0x0000000002007ca8                lld_Poll
                0x0000000002007da4                lld_StatusGet
                0x0000000002007f84                lld_StatusClear
                0x0000000002008000                lld_StatusGetReg
                0x0000000002008168                lld_SecSiSectorExitCmd
                0x00000000020081c4                lld_SecSiSectorEntryCmd
                0x0000000002008214                lld_ReadOp
                0x0000000002008254                lld_WriteBufferProgramOp
                0x0000000002008374                lld_ProgramOp
                0x00000000020083e8                lld_SectorEraseOp
                0x0000000002008454                lld_ChipEraseOp
                0x00000000020084d0                lld_memcpy
                0x0000000002008664                lld_LockRegEntryCmd
                0x00000000020086b4                lld_LockRegBitsProgramCmd
                0x00000000020086f4                lld_LockRegBitsReadCmd
                0x0000000002008720                lld_LockRegExitCmd
                0x0000000002008758                lld_PasswordProtectionEntryCmd
                0x00000000020087a8                lld_PasswordProtectionProgramCmd
                0x00000000020087fc                lld_PasswordProtectionReadCmd
                0x0000000002008894                lld_PasswordProtectionUnlockCmd
                0x0000000002008930                lld_PasswordProtectionExitCmd
                0x0000000002008968                lld_PpbEntryCmd
                0x00000000020089b8                lld_PpbProgramCmd
                0x00000000020089fc                lld_PpbAllEraseCmd
                0x0000000002008a34                lld_PpbStatusReadCmd
                0x0000000002008a6c                lld_PpbExitCmd
                0x0000000002008aa4                lld_PpbLockBitEntryCmd
                0x0000000002008af4                lld_PpbLockBitSetCmd
                0x0000000002008b2c                lld_PpbLockBitReadCmd
                0x0000000002008b58                lld_PpbLockBitExitCmd
                0x0000000002008b90                lld_DybEntryCmd
                0x0000000002008be0                lld_DybSetCmd
                0x0000000002008c24                lld_DybClrCmd
                0x0000000002008c68                lld_DybReadCmd
                0x0000000002008ca0                lld_DybExitCmd
                0x0000000002008cd8                lld_PpbLockBitReadOp
                0x0000000002008d20                lld_PpbLockBitSetOp
                0x0000000002008dc8                lld_PpbAllEraseOp
                0x0000000002008e88                lld_PpbProgramOp
                0x0000000002008f50                lld_PpbStatusReadOp
                0x0000000002008fa8                lld_LockRegBitsReadOp
                0x0000000002008ff0                lld_LockRegBitsProgramOp
 .text          0x00000000020090a8      0x3c8 obj/default/cfi_flash.o
                0x000000000200915c                cfi_flash_init
                0x00000000020091cc                cfi_flash_write
                0x0000000002009268                cfi_flash_read
                0x0000000002009304                cfi_flash_erase
                0x00000000020093bc                cfi_flash_read_byte
                0x0000000002009428                cfi_flash_write_byte
 .text          0x0000000002009470      0x314 obj/default/common/src/ipg_als.o
                0x0000000002009524                init_als_data
                0x0000000002009564                deinit_als
                0x0000000002009598                set_als_index
                0x00000000020095c8                get_als_index
                0x00000000020095f0                als_get_state
                0x0000000002009688                als_enable
                0x0000000002009708                als_disable
 .text          0x0000000002009784       0xfc obj/default/common/src/ipg_delay.o
                0x0000000002009784                Delay_s
                0x00000000020097f4                Delay_ms
 .text          0x0000000002009880      0x970 obj/default/common/src/ipg_ge_mac.o
                0x0000000002009934                create_gemac_registers
                0x0000000002009988                map_ge_mac_regs
                0x0000000002009da0                init_ge_mac
                0x0000000002009f00                init_ge_mac_ol
                0x000000000200a050                set_ge_mac_address
                0x000000000200a0b0                enable_ge_mac_tx
                0x000000000200a0e4                enable_ge_mac_rx
                0x000000000200a118                disable_ge_mac_tx
                0x000000000200a150                disable_ge_mac_rx
                0x000000000200a188                clear_ge_counters
                0x000000000200a1bc                clear_ge_counters_ol
 .text          0x000000000200a1f0      0x51c obj/default/common/src/ipg_ge_pcs.o
                0x000000000200a2a4                create_gepcs_registers
                0x000000000200a2f8                map_ge_pcs_regs
                0x000000000200a3c8                map_ge_pcs_regs_ol
                0x000000000200a498                init_ge_pcs
                0x000000000200a540                init_ge_pcs_ol
                0x000000000200a5d4                disable_ge_pcs_an
                0x000000000200a60c                enable_ge_pcs_an
                0x000000000200a640                is_ge_pcs_an_on
                0x000000000200a678                get_ge_pcs_link
 .text          0x000000000200a70c      0x2d0 obj/default/common/src/ipg_gfp.o
                0x000000000200a7c0                create_gfp_registers
                0x000000000200a80c                init_gfp
                0x000000000200a868                map_gfp_regs
                0x000000000200a970                disable_gfp_err_flag
                0x000000000200a9a8                enable_gfp_pass_error
 .text          0x000000000200a9dc      0x20c obj/default/common/src/ipg_i2c.o
                0x000000000200aa90                open_i2c_bus
                0x000000000200ab40                set_i2c_bus_speed
                0x000000000200ab8c                select_i2c_channel_on_bus
 .text          0x000000000200abe8      0x304 obj/default/common/src/ipg_mcp9808.o
                0x000000000200ac9c                mcp9808_get_temperature
                0x000000000200ade0                ipg_mcp9808_rd
                0x000000000200ae5c                ipg_mcp9808_wr
 .text          0x000000000200aeec      0x2a8 obj/default/common/src/ipg_mdio.o
                0x000000000200aeec                MDIO_Write
                0x000000000200af7c                MDIO_Read
                0x000000000200affc                MDIO_Write_advanced
                0x000000000200b0d4                MDIO_Read_advanced
 .text          0x000000000200b194      0x124 obj/default/common/src/ipg_pca9516.o
                0x000000000200b248                unselect_all_pca9516_channels
                0x000000000200b27c                select_pca9516_channel
 .text          0x000000000200b2b8      0x180 obj/default/common/src/ipg_pca9547.o
                0x000000000200b36c                unselect_all_pca9547_channels
                0x000000000200b3d0                select_pca9547_channel
 .text          0x000000000200b438      0x998 obj/default/common/src/ipg_pfc.o
                0x000000000200b4ec                init_pfc_data
                0x000000000200b57c                deinit_pfc
                0x000000000200b5b0                set_pfc_index
                0x000000000200b5e0                get_pfc_index
                0x000000000200b6c0                reset_pfc_statistics
                0x000000000200b76c                get_pfc_timer_state
                0x000000000200b794                set_pfc_monitor_period
                0x000000000200b804                reset_pfc_statistics_callback
                0x000000000200b824                reset_pfc_hw_counters
                0x000000000200b8e8                start_pfc_monitoring
                0x000000000200b978                stop_pfc_monitoring
                0x000000000200bc18                get_pfc_bber
                0x000000000200bc58                get_pfc_esr
                0x000000000200bc98                get_pfc_sesr
                0x000000000200bcd8                get_pfc_uas
                0x000000000200bd10                get_pfc_bbe
                0x000000000200bd60                get_pfc_es
                0x000000000200bd98                get_pfc_ses
 .text          0x000000000200bdd0     0x26f0 obj/default/common/src/ipg_sfp.o
                0x000000000200c8a8                get_sfp_driver_version
                0x000000000200c8c8                get_sfp_connector_value
                0x000000000200c978                enable_sfp_sgmii
                0x000000000200ca08                enable_sfp_ge
                0x000000000200cac8                sfp_read_data
                0x000000000200cb54                sfp_read_data_block
                0x000000000200cbf0                sfp_write_data
                0x000000000200cc70                sfp_write_word
                0x000000000200cd10                get_sfp_vn
                0x000000000200cdd8                get_sfp_rn
                0x000000000200ceb0                get_sfp_sn
                0x000000000200cf78                get_sfp_pn
                0x000000000200d040                handle_user_sfp_read
                0x000000000200d0c0                handle_user_sfp_write
                0x000000000200d148                handle_user_phy_sfp_write
                0x000000000200d200                handle_user_phy_sfp_read
                0x000000000200d2a0                handle_user_sfp_read_block
                0x000000000200d324                sfp_com_check
                0x000000000200d408                init_sfp_data
                0x000000000200d498                get_sfp_id
                0x000000000200d664                get_sfp_temperature
                0x000000000200d7ac                get_sfp_optical_power_thresholds
                0x000000000200df0c                get_sfp_optical_power
                0x000000000200e1a0                get_sfp_diagnostics
                0x000000000200e23c                get_sfp_info
                0x000000000200e310                get_sfp_capabilities
 .text          0x000000000200e4c0     0x2628 obj/default/common/src/ipg_sfpp.o
                0x000000000200ef98                sfpp_select_msa
                0x000000000200efcc                get_sfpp_driver_version
                0x000000000200efec                sfpp_read_data
                0x000000000200f078                sfpp_read_data_block
                0x000000000200f114                sfpp_write_data
                0x000000000200f194                sfpp_write_block
                0x000000000200f214                sfpp_select_page
                0x000000000200f288                handle_user_sfpp_read
                0x000000000200f304                handle_user_sfpp_write
                0x000000000200f388                get_sfpp_vn
                0x000000000200f450                get_sfpp_sn
                0x000000000200f518                get_sfpp_pn
                0x000000000200f5e0                get_sfpp_rn
                0x000000000200f6b8                init_sfpp_data
                0x000000000200f748                get_sfpp_id
                0x000000000200f8f8                get_sfpp_temperature
                0x000000000200fa40                get_sfpp_optical_power_thresholds
                0x0000000002010140                get_sfpp_optical_power
                0x00000000020103d4                get_sfpp_diagnostics
                0x0000000002010454                get_sfpp_tuning_info
                0x0000000002010790                get_sfpp_capabilities
                0x0000000002010954                get_sfpp_info
                0x00000000020109d4                sfpp_com_check
 .text          0x0000000002010ae8      0x354 obj/default/common/src/ipg_si5326.o
                0x0000000002010b9c                ipg_si5326_wr
                0x0000000002010c40                ipg_si5326_rd
                0x0000000002010ce0                ipg_si5326_config
                0x0000000002010d74                handle_user_si5326_write
                0x0000000002010dc4                handle_user_si5326_read
                0x0000000002010e0c                handle_user_si5326_config
 .text          0x0000000002010e3c      0x78c obj/default/common/src/ipg_si5338.o
                0x0000000002010ef0                ipg_si5338_wr
                0x0000000002010fa4                ipg_si5338_rd
                0x000000000201104c                ipg_si5338_change_speed
                0x00000000020110e0                ipg_si5338_change_step
                0x000000000201119c                ipg_si5338_recenter
                0x00000000020111fc                ipg_si5338_hardreset
                0x0000000002011234                ipg_si5338_config
                0x000000000201134c                ipg_si5338_disable_freq_inc_dec
                0x00000000020113a0                ipg_si5338_enable_freq_inc_dec
                0x00000000020113f4                ipg_si5338_locked
                0x00000000020114c8                ipg_si5338_clr_pll_locked_bit
                0x0000000002011500                handle_user_si5338_write
                0x0000000002011550                handle_user_si5338_read
                0x0000000002011598                handle_user_si5338_config
 .text          0x00000000020115c8      0x770 obj/default/common/src/ipg_si5375.o
                0x000000000201167c                ipg_si5375_wr
                0x0000000002011728                ipg_si5375_rd
                0x00000000020117c8                ipg_si5375_config
                0x0000000002011c10                handle_user_si5375_write
                0x0000000002011c8c                handle_user_si5375_read
                0x0000000002011d00                handle_user_si5375_config
 .text          0x0000000002011d38      0x604 obj/default/common/src/ipg_uart.o
                0x0000000002011dec                init_uart
                0x0000000002011ff8                ipg_uart_clear_ORE
                0x0000000002012040                map_uart_regs
                0x00000000020120c0                ipg_uart_enable_IROE
                0x00000000020120f4                ipg_uart_disable_IROE
                0x000000000201212c                ipg_uart_enable_IRRDY
                0x0000000002012160                ipg_uart_disable_IRRDY
                0x0000000002012198                ipg_uart_enable_ITRDY
                0x00000000020121cc                ipg_uart_disable_ITRDY
                0x0000000002012204                ipg_uart_enable
                0x0000000002012238                ipg_uart_disable
                0x0000000002012270                send_reply
                0x00000000020122b4                ipg_uart_transmit
 .text          0x000000000201233c      0x278 obj/default/common/src/ipglb_interface.o
                0x00000000020123f0                init_interface_data
                0x0000000002012460                custom_init_interface_data
                0x0000000002012480                update_if_dynamic_data
 .text          0x00000000020125b4      0x574 obj/default/common/src/ipglb_port.o
                0x0000000002012668                init_port_data
                0x00000000020126e0                reset_port_statistics
                0x0000000002012700                reset_port_fec_statistics
                0x000000000201279c                reset_port_counters
                0x00000000020129fc                set_if_port_fectype
                0x0000000002012ae8                update_port_fcx_stats
 .text          0x0000000002012b28      0x75c obj/default/common/src/ipglb_prot2_processor.o
                0x0000000002012bdc                ipglb_prot2_processor_init
                0x0000000002012c58                ipglb_prot2_receive
                0x000000000201307c                ipglb_prot2_rx_ok_callback
                0x00000000020130a4                ipglb_prot2_pkt_ok_callback
                0x00000000020130f0                ipglb_prot2_service
                0x00000000020131ac                ipglb_prot2_processor_get_context
                0x00000000020131d4                ipglb_prot2_get_reply_ready
                0x00000000020131fc                ipglb_prot2_get_packet
                0x0000000002013224                ipglb_prot2_clear_reply_ready
                0x000000000201324c                ipglb_prot2_cleanup
 .text          0x0000000002013284     0x1894 obj/default/common/src/ipglb_protocol_2.o
                0x0000000002013d5c                assign_function_handlers
                0x0000000002013ddc                custom_assign_function_handlers
                0x0000000002013df8                handle_common
                0x0000000002014014                uart_calculate_crc
                0x0000000002014090                uart_crc_ok
                0x0000000002014104                handle_mmap_func
                0x00000000020144dc                handle_i2c_func
                0x00000000020146f4                handle_fw_rev_func
                0x00000000020147cc                handle_ping_func
                0x000000000201485c                handle_mdio_func
 .text          0x0000000002014b18     0x21a8 obj/default/common/src/ipglb_transceiver.o
                0x00000000020155f0                create_transceiver
                0x0000000002015774                reset_transceiver_id
                0x0000000002015870                reset_transceiver_temperature_thresholds
                0x00000000020158c8                reset_transceiver_optical_thresholds
                0x0000000002015bdc                read_if_transceiver_info
                0x0000000002015c4c                read_if_transceiver_opt_pwr_thresholds
                0x0000000002015cd0                read_if_transceiver_diagnostics
                0x0000000002015e00                is_in_monitor_state
                0x0000000002015e50                is_in_query_state
                0x0000000002015ea0                is_in_comcheck_state
                0x0000000002015ef0                is_in_absent_state
                0x0000000002015f40                is_in_booting_state
                0x0000000002015f90                is_in_fail_state
                0x000000000201655c                run_transceiver_booting_state
                0x0000000002016718                read_transceiver_dynamic_data
                0x000000000201696c                get_transceiver_los
                0x00000000020169b4                get_transceiver_txfault
                0x00000000020169fc                get_transceiver_absent
                0x0000000002016a44                set_transceiver_txdisable
                0x0000000002016ad8                get_if_transceiver_txdisable
                0x0000000002016b20                callback_on_transceiver_txdisable_set
                0x0000000002016b40                set_if_transceiver_txpower
                0x0000000002016b68                set_if_transceiver_tx_freq
                0x0000000002016bc4                set_if_transceiver_rx_freq
                0x0000000002016c24                boot_transceiver
                0x0000000002016c9c                read_if_transceiver_freq
 .text          0x0000000002016cc0      0x21c obj/default/common/src/odu2_wrapper.o
                0x0000000002016d74                init_odu2_wrapper
                0x0000000002016d94                map_odu2_wrapper_regs
                0x0000000002016dd0                map_odu2_wrapper_regs_ol
                0x0000000002016e98                create_odu2_wrapper_regs
 .text          0x0000000002016edc      0x178 obj/default/common/src/opu4_mapper.o
                0x0000000002016f90                init_opu4_mapper
                0x0000000002016fb0                map_opu4_mapper_regs
                0x0000000002016fec                map_opu4_mapper_regs_ol
 .text          0x0000000002017054      0xb4c obj/default/common/src/sls_avalon_i2c_m.o
                0x0000000002017054                sls_avalon_i2c_init
                0x0000000002017158                sls_avalon_i2c_ioctl
                0x0000000002017294                sls_avalon_i2c_write
                0x0000000002017420                sls_avalon_i2c_read
                0x00000000020178bc                checKTip
                0x0000000002017948                checKAck
                0x0000000002017994                sls_avalon_i2c_read_16_bit
 .text          0x0000000002017ba0       0xcc obj/default/common/src/sls_open.o
                0x0000000002017ba0                sls_open
 .text          0x0000000002017c6c      0x174 obj/default/common/src/sls_read.o
                0x0000000002017c6c                sls_read
                0x0000000002017d2c                sls_read_16_bit
 .text          0x0000000002017de0       0xb8 obj/default/common/src/sls_write.o
                0x0000000002017de0                sls_write
 .text          0x0000000002017e98      0x1d8 obj/default/common/src/stm1416.o
                0x0000000002017f4c                map_stm1416_regs
                0x000000000201802c                create_stm1416_registers
 .text          0x0000000002018070      0xe00 obj/default/ipg_aps.o
                0x0000000002018124                map_aps_regs
                0x000000000201819c                aps_reset
                0x00000000020181fc                aps_init
                0x0000000002018298                aps_init_callback
                0x00000000020182b8                aps_set_mode
                0x0000000002018564                aps_get_mode
                0x00000000020186e0                aps_get_protect_channel
                0x00000000020187cc                aps_get_work_channel
                0x000000000201880c                aps_get_revert_mode
                0x0000000002018850                aps_set_wtr
                0x00000000020188f4                aps_get_WTR
                0x0000000002018938                aps_set_ho
                0x00000000020189d0                aps_get_ho
                0x0000000002018a10                aps_disable
                0x0000000002018a90                aps_enable
                0x0000000002018aec                aps_set_revert_mode
                0x0000000002018b90                switch_working_line
                0x0000000002018c48                update_aps_ptr_data
 .text          0x0000000002018e70     0x7048 obj/default/ipglb_adapter.o
                0x0000000002019948                custom_init_port_data
                0x0000000002019ab0                custom_port_mmap
                0x0000000002019fc8                custom_init_transceiver_data
                0x000000000201a464                update_port_fec_stats
                0x000000000201a9ac                update_port_stmx_stats
                0x000000000201ac58                update_port_otux_stats
                0x000000000201b8c8                update_port_ethernet_stats
                0x000000000201bdb4                STATE_TEXT
                0x000000000201be7c                callback_on_transceiver_los_change
                0x000000000201be9c                get_if_port_fectype
                0x000000000201bf44                update_diagnostic_alarms
                0x000000000201c034                update_alarms
                0x000000000201c128                update_card_alarm1
                0x000000000201c340                update_card_alarm2
                0x000000000201c6bc                set_if_port_rate
                0x000000000201f1e0                read_if_port_rate
                0x000000000201f654                set_if_port_loopback
                0x000000000201fb20                callback_on_transceiver_state_change
                0x000000000201fbe8                callback_on_transceiver_plug_change
                0x000000000201fd0c                reset_if_kurs_power_threshold
 .text          0x000000000201feb8      0x15c obj/default/ipglb_otu2_brick_dual.o
                0x000000000201ff6c                map_otu2_brick_dual_regs
 .text          0x0000000002020014      0x1ac obj/default/ipglb_otu2_framer.o
                0x00000000020200c8                map_otu2_framer_regs
 .text          0x00000000020201c0      0x2b8 obj/default/logger.o
                0x0000000002020274                logger_init
                0x00000000020202d0                logger_log
                0x0000000002020398                logger_print_one
 .text          0x0000000002020478     0xd160 obj/default/main.o
                0x0000000002020f78                main
                0x0000000002021a7c                timer_kick
                0x0000000002021acc                timer_start
                0x0000000002021b1c                timer_stop
                0x0000000002021b6c                create_pfc_module
                0x0000000002021ce0                destroy_pfc_module
                0x0000000002021d54                task_ppm_adjustment
                0x0000000002021ddc                get_board_temperature
                0x0000000002021ec0                build_preferences_list
                0x00000000020229e0                IPGLB_ReadUserPrefsCallback
                0x0000000002022a20                IPGLB_ReadLngFileCallback
                0x0000000002022a60                IPGLB_WriteUserPrefsCallback
                0x0000000002022aa0                IPGLB_WriteLngFileCallback
                0x0000000002022ae0                isr_10ms
                0x0000000002022b0c                isr_100ms
                0x0000000002022b38                isr_125ms
                0x0000000002022b64                isr_1s
                0x0000000002022bac                isr_2s
                0x0000000002022bd8                isr_5s
                0x0000000002022c04                put_flash_in_rst
                0x0000000002022c60                RATE_TEXT
                0x0000000002022d58                cancel_request
                0x0000000002022d90                enable_all_line_transceivers_tx
                0x0000000002022e34                disable_all_line_transceivers_tx
                0x0000000002022ee0                disable_all_transceivers_tx
                0x0000000002022f88                enable_all_transceivers_tx
                0x0000000002023028                configure_board_clocks
                0x0000000002023840                register_mapping
                0x000000000202398c                systick_isr
                0x00000000020239c4                set_build_number
                0x0000000002023a24                read_fpga_number
                0x0000000002023a6c                inituart
                0x0000000002023ad0                handle_debug_packet
                0x0000000002023b00                handle_kurs_packet
                0x0000000002023b30                handle_mem_wr
                0x0000000002023c58                handle_mem_rd
                0x0000000002023d4c                handle_mdio_rd
                0x0000000002023d94                handle_mdio_wr
                0x0000000002023de8                handle_i2c_wr
                0x0000000002024108                handle_i2c_rd
                0x0000000002024424                handle_user_i2c_config
                0x0000000002024594                callback_update_if_dynamic_data
                0x00000000020245b4                unreset_i2c_mux
                0x00000000020245d4                select_channel_on_bus_x
                0x00000000020245f4                select_channel_on_bus_y
                0x0000000002024614                select_channel_on_bus_ln0
                0x0000000002024634                select_channel_on_bus_ln1
                0x0000000002024654                select_channel_on_rem_bus_x
                0x0000000002024674                select_channel_on_rem_bus_y
                0x0000000002024694                select_channel_on_rem_bus_ln0
                0x00000000020246b4                select_channel_on_rem_bus_ln1
                0x00000000020246d4                select_channel_on_bus4
                0x00000000020247c4                select_channel_on_rem_bus4
                0x00000000020248b4                build_i2c_tree
                0x000000000202562c                run_boot_sequence
                0x0000000002025ca4                map_rate_to_kurs_value
                0x0000000002025d90                map_als_from_kurs_value
                0x0000000002025df4                map_rate_from_kurs_value
                0x0000000002025ed4                KURS_userget_value
                0x0000000002026cbc                KURS_userset_value
                0x0000000002027538                KURS_userget_color
                0x0000000002028028                KURS_NewLngpackCallback
                0x000000000202804c                KURS_ReadLngFile
                0x0000000002028084                KURS_WriteLngFileToFlash
                0x00000000020280d8                KURS_profile_init
                0x0000000002028388                KURS_profile_set_default
                0x0000000002028ebc                kurs_handler
                0x0000000002028eec                dvt_handler
                0x0000000002028f1c                arm_handler
                0x0000000002028f7c                reset_nios
                0x0000000002028fa8                jump_to_boot_copier
                0x000000000202900c                load_new_image_if_valid
                0x000000000202909c                queue_data_to_arm
                0x0000000002029134                queue_many_to_arm
                0x00000000020291c0                set_port_als_mode
                0x00000000020293fc                report_local_los_to_fe
                0x0000000002029438                init_als_module
                0x000000000202970c                switch_to_sonet
                0x0000000002029a70                switch_to_ge
                0x0000000002029ddc                switch_to_otu1
                0x000000000202a140                switch_to_otu2
                0x000000000202a4a4                switch_to_fc1
                0x000000000202a7c8                switch_to_fc2
                0x000000000202aaec                adjust_ppm
                0x000000000202ac90                reconfigure_ge_port
                0x000000000202af80                dump_statistics
                0x000000000202b898                callback_uart_roe
                0x000000000202b924                callback_uart_trdy
                0x000000000202b9f4                callback_uart_rrdy
                0x000000000202baac                kurs_send_packet
                0x000000000202bb14                ipglb_prot2_send_packet
                0x000000000202bb70                get_slot_id
                0x000000000202bd64                get_fp_leds
                0x000000000202bf90                set_status_led
                0x000000000202c1c0                update_if_kurs_power
                0x000000000202c63c                send_9bit_uart_packet
                0x000000000202c6c0                task_2000
                0x000000000202c734                task_55
                0x000000000202ca7c                task_100
                0x000000000202cc28                task_10
 .text          0x000000000202d5d8      0x7c0 obj/default/ring_buffer.o
                0x000000000202d68c                ring_buffer_init
                0x000000000202d860                ring_buffer_put_many
                0x000000000202da44                ring_buffer_put
                0x000000000202dbd0                ring_buffer_get
                0x000000000202dd5c                ring_buffer_get_count
 .text          0x000000000202dd98     0x10c0 obj/default/scheduler.o
                0x000000000202dd98                scheduler_init
                0x000000000202de2c                scheduler
                0x000000000202dfc8                s_task_create
                0x000000000202e144                s_task_get_handle
                0x000000000202e1d0                s_task_delete
                0x000000000202e22c                s_task_get_priority
                0x000000000202e294                s_task_set_priority
                0x000000000202e2f8                s_task_suspend
                0x000000000202e354                s_task_resume
                0x000000000202e3b0                s_task_get_periodic_ticks
                0x000000000202e418                s_task_set_periodic_ticks
                0x000000000202e4c0                s_task_send_msg
                0x000000000202e5a4                s_task_flush_msgs
                0x000000000202e618                scheduler_get_stats
                0x000000000202e66c                semaphore_init
                0x000000000202e6ac                semaphore_release
                0x000000000202e700                semaphore_hold
                0x000000000202e758                semaphore_available
 .text          0x000000000202ee58        0x0 c:/altera/15.1/nios2eds/bin/gnu/h-x86_64-mingw32/bin/../lib/gcc/nios2-elf/4.9.2/../../../../../H-x86_64-mingw32/nios2-elf/lib/mhw-mulx\libm.a(lib_a-s_ceil.o)
 .text.ceil     0x000000000202ee58      0x1e0 c:/altera/15.1/nios2eds/bin/gnu/h-x86_64-mingw32/bin/../lib/gcc/nios2-elf/4.9.2/../../../../../H-x86_64-mingw32/nios2-elf/lib/mhw-mulx\libm.a(lib_a-s_ceil.o)
                0x000000000202ee58                ceil
 .text          0x000000000202f038        0x0 c:/altera/15.1/nios2eds/bin/gnu/h-x86_64-mingw32/bin/../lib/gcc/nios2-elf/4.9.2/../../../../../H-x86_64-mingw32/nios2-elf/lib/mhw-mulx\libm.a(lib_a-s_floor.o)
 .text.floor    0x000000000202f038      0x1f4 c:/altera/15.1/nios2eds/bin/gnu/h-x86_64-mingw32/bin/../lib/gcc/nios2-elf/4.9.2/../../../../../H-x86_64-mingw32/nios2-elf/lib/mhw-mulx\libm.a(lib_a-s_floor.o)
                0x000000000202f038                floor
 .text          0x000000000202f22c        0x0 c:/altera/15.1/nios2eds/bin/gnu/h-x86_64-mingw32/bin/../lib/gcc/nios2-elf/4.9.2/../../../../../H-x86_64-mingw32/nios2-elf/lib/mhw-mulx\libm.a(lib_a-sf_infinity.o)
 .text.infinityf
                0x000000000202f22c        0x8 c:/altera/15.1/nios2eds/bin/gnu/h-x86_64-mingw32/bin/../lib/gcc/nios2-elf/4.9.2/../../../../../H-x86_64-mingw32/nios2-elf/lib/mhw-mulx\libm.a(lib_a-sf_infinity.o)
                0x000000000202f22c                infinityf
 .text          0x000000000202f234        0x0 c:/altera/15.1/nios2eds/bin/gnu/h-x86_64-mingw32/bin/../lib/gcc/nios2-elf/4.9.2/../../../../../H-x86_64-mingw32/nios2-elf/lib/mhw-mulx\libm.a(lib_a-w_log10.o)
 .text.log10    0x000000000202f234      0x19c c:/altera/15.1/nios2eds/bin/gnu/h-x86_64-mingw32/bin/../lib/gcc/nios2-elf/4.9.2/../../../../../H-x86_64-mingw32/nios2-elf/lib/mhw-mulx\libm.a(lib_a-w_log10.o)
                0x000000000202f234                log10
 .text          0x000000000202f3d0        0x0 c:/altera/15.1/nios2eds/bin/gnu/h-x86_64-mingw32/bin/../lib/gcc/nios2-elf/4.9.2/../../../../../H-x86_64-mingw32/nios2-elf/lib/mhw-mulx\libm.a(lib_a-e_log10.o)
 .text.__ieee754_log10
                0x000000000202f3d0      0x1d0 c:/altera/15.1/nios2eds/bin/gnu/h-x86_64-mingw32/bin/../lib/gcc/nios2-elf/4.9.2/../../../../../H-x86_64-mingw32/nios2-elf/lib/mhw-mulx\libm.a(lib_a-e_log10.o)
                0x000000000202f3d0                __ieee754_log10
 .text          0x000000000202f5a0        0x0 c:/altera/15.1/nios2eds/bin/gnu/h-x86_64-mingw32/bin/../lib/gcc/nios2-elf/4.9.2/../../../../../H-x86_64-mingw32/nios2-elf/lib/mhw-mulx\libm.a(lib_a-s_fpclassify.o)
 .text.__fpclassifyd
                0x000000000202f5a0       0x74 c:/altera/15.1/nios2eds/bin/gnu/h-x86_64-mingw32/bin/../lib/gcc/nios2-elf/4.9.2/../../../../../H-x86_64-mingw32/nios2-elf/lib/mhw-mulx\libm.a(lib_a-s_fpclassify.o)
                0x000000000202f5a0                __fpclassifyd
 .text          0x000000000202f614        0x0 c:/altera/15.1/nios2eds/bin/gnu/h-x86_64-mingw32/bin/../lib/gcc/nios2-elf/4.9.2/../../../../../H-x86_64-mingw32/nios2-elf/lib/mhw-mulx\libm.a(lib_a-s_lib_ver.o)
 .text          0x000000000202f614        0x0 c:/altera/15.1/nios2eds/bin/gnu/h-x86_64-mingw32/bin/../lib/gcc/nios2-elf/4.9.2/../../../../../H-x86_64-mingw32/nios2-elf/lib/mhw-mulx\libm.a(lib_a-s_matherr.o)
 .text.matherr  0x000000000202f614        0x8 c:/altera/15.1/nios2eds/bin/gnu/h-x86_64-mingw32/bin/../lib/gcc/nios2-elf/4.9.2/../../../../../H-x86_64-mingw32/nios2-elf/lib/mhw-mulx\libm.a(lib_a-s_matherr.o)
                0x000000000202f614                matherr
 .text          0x000000000202f61c        0x0 c:/altera/15.1/nios2eds/bin/gnu/h-x86_64-mingw32/bin/../lib/gcc/nios2-elf/4.9.2/../../../../../H-x86_64-mingw32/nios2-elf/lib/mhw-mulx\libm.a(lib_a-s_nan.o)
 .text.nan      0x000000000202f61c        0xc c:/altera/15.1/nios2eds/bin/gnu/h-x86_64-mingw32/bin/../lib/gcc/nios2-elf/4.9.2/../../../../../H-x86_64-mingw32/nios2-elf/lib/mhw-mulx\libm.a(lib_a-s_nan.o)
                0x000000000202f61c                nan
 .text          0x000000000202f628        0x0 c:/altera/15.1/nios2eds/bin/gnu/h-x86_64-mingw32/bin/../lib/gcc/nios2-elf/4.9.2/../../../../../H-x86_64-mingw32/nios2-elf/lib/mhw-mulx\libm.a(lib_a-e_log.o)
 .text.__ieee754_log
                0x000000000202f628      0x718 c:/altera/15.1/nios2eds/bin/gnu/h-x86_64-mingw32/bin/../lib/gcc/nios2-elf/4.9.2/../../../../../H-x86_64-mingw32/nios2-elf/lib/mhw-mulx\libm.a(lib_a-e_log.o)
                0x000000000202f628                __ieee754_log
 .text          0x000000000202fd40       0x74 c:/altera/15.1/nios2eds/bin/gnu/h-x86_64-mingw32/bin/../lib/gcc/nios2-elf/4.9.2/mhw-mulx\libgcc.a(_fixunsdfsi.o)
                0x000000000202fd40                __fixunsdfsi
 .text          0x000000000202fdb4       0x9c c:/altera/15.1/nios2eds/bin/gnu/h-x86_64-mingw32/bin/../lib/gcc/nios2-elf/4.9.2/mhw-mulx\libgcc.a(_floatundisf.o)
                0x000000000202fdb4                __floatundisf
 .text          0x000000000202fe50       0x70 c:/altera/15.1/nios2eds/bin/gnu/h-x86_64-mingw32/bin/../lib/gcc/nios2-elf/4.9.2/mhw-mulx\libgcc.a(_floatundidf.o)
                0x000000000202fe50                __floatundidf
 .text          0x000000000202fec0      0x450 c:/altera/15.1/nios2eds/bin/gnu/h-x86_64-mingw32/bin/../lib/gcc/nios2-elf/4.9.2/mhw-mulx\libgcc.a(divsf3.o)
                0x000000000202fec0                __divsf3
 .text          0x0000000002030310       0xb8 c:/altera/15.1/nios2eds/bin/gnu/h-x86_64-mingw32/bin/../lib/gcc/nios2-elf/4.9.2/mhw-mulx\libgcc.a(gesf2.o)
                0x0000000002030310                __gesf2
                0x0000000002030310                __gtsf2
 .text          0x00000000020303c8       0xb8 c:/altera/15.1/nios2eds/bin/gnu/h-x86_64-mingw32/bin/../lib/gcc/nios2-elf/4.9.2/mhw-mulx\libgcc.a(lesf2.o)
                0x00000000020303c8                __ltsf2
                0x00000000020303c8                __lesf2
 .text          0x0000000002030480      0x424 c:/altera/15.1/nios2eds/bin/gnu/h-x86_64-mingw32/bin/../lib/gcc/nios2-elf/4.9.2/mhw-mulx\libgcc.a(mulsf3.o)
                0x0000000002030480                __mulsf3
 .text          0x00000000020308a4      0x4fc c:/altera/15.1/nios2eds/bin/gnu/h-x86_64-mingw32/bin/../lib/gcc/nios2-elf/4.9.2/mhw-mulx\libgcc.a(subsf3.o)
                0x00000000020308a4                __subsf3
 .text          0x0000000002030da0       0x78 c:/altera/15.1/nios2eds/bin/gnu/h-x86_64-mingw32/bin/../lib/gcc/nios2-elf/4.9.2/mhw-mulx\libgcc.a(fixsfsi.o)
                0x0000000002030da0                __fixsfsi
 .text          0x0000000002030e18      0x134 c:/altera/15.1/nios2eds/bin/gnu/h-x86_64-mingw32/bin/../lib/gcc/nios2-elf/4.9.2/mhw-mulx\libgcc.a(floatsisf.o)
                0x0000000002030e18                __floatsisf
 .text          0x0000000002030f4c      0x110 c:/altera/15.1/nios2eds/bin/gnu/h-x86_64-mingw32/bin/../lib/gcc/nios2-elf/4.9.2/mhw-mulx\libgcc.a(floatunsisf.o)
                0x0000000002030f4c                __floatunsisf
 .text          0x000000000203105c      0x89c c:/altera/15.1/nios2eds/bin/gnu/h-x86_64-mingw32/bin/../lib/gcc/nios2-elf/4.9.2/mhw-mulx\libgcc.a(adddf3.o)
                0x000000000203105c                __adddf3
 .text          0x00000000020318f8      0x8cc c:/altera/15.1/nios2eds/bin/gnu/h-x86_64-mingw32/bin/../lib/gcc/nios2-elf/4.9.2/mhw-mulx\libgcc.a(divdf3.o)
                0x00000000020318f8                __divdf3
 .text          0x00000000020321c4       0x84 c:/altera/15.1/nios2eds/bin/gnu/h-x86_64-mingw32/bin/../lib/gcc/nios2-elf/4.9.2/mhw-mulx\libgcc.a(eqdf2.o)
                0x00000000020321c4                __nedf2
                0x00000000020321c4                __eqdf2
 .text          0x0000000002032248       0xe0 c:/altera/15.1/nios2eds/bin/gnu/h-x86_64-mingw32/bin/../lib/gcc/nios2-elf/4.9.2/mhw-mulx\libgcc.a(gedf2.o)
                0x0000000002032248                __gedf2
                0x0000000002032248                __gtdf2
 .text          0x0000000002032328       0xe0 c:/altera/15.1/nios2eds/bin/gnu/h-x86_64-mingw32/bin/../lib/gcc/nios2-elf/4.9.2/mhw-mulx\libgcc.a(ledf2.o)
                0x0000000002032328                __ledf2
                0x0000000002032328                __ltdf2
 .text          0x0000000002032408      0x724 c:/altera/15.1/nios2eds/bin/gnu/h-x86_64-mingw32/bin/../lib/gcc/nios2-elf/4.9.2/mhw-mulx\libgcc.a(muldf3.o)
                0x0000000002032408                __muldf3
 .text          0x0000000002032b2c      0x8d0 c:/altera/15.1/nios2eds/bin/gnu/h-x86_64-mingw32/bin/../lib/gcc/nios2-elf/4.9.2/mhw-mulx\libgcc.a(subdf3.o)
                0x0000000002032b2c                __subdf3
 .text          0x00000000020333fc       0x88 c:/altera/15.1/nios2eds/bin/gnu/h-x86_64-mingw32/bin/../lib/gcc/nios2-elf/4.9.2/mhw-mulx\libgcc.a(fixdfsi.o)
                0x00000000020333fc                __fixdfsi
 .text          0x0000000002033484       0xd0 c:/altera/15.1/nios2eds/bin/gnu/h-x86_64-mingw32/bin/../lib/gcc/nios2-elf/4.9.2/mhw-mulx\libgcc.a(floatsidf.o)
                0x0000000002033484                __floatsidf
 .text          0x0000000002033554       0xa4 c:/altera/15.1/nios2eds/bin/gnu/h-x86_64-mingw32/bin/../lib/gcc/nios2-elf/4.9.2/mhw-mulx\libgcc.a(floatunsidf.o)
                0x0000000002033554                __floatunsidf
 .text          0x00000000020335f8      0x110 c:/altera/15.1/nios2eds/bin/gnu/h-x86_64-mingw32/bin/../lib/gcc/nios2-elf/4.9.2/mhw-mulx\libgcc.a(extendsfdf2.o)
                0x00000000020335f8                __extendsfdf2
 .text          0x0000000002033708      0x198 c:/altera/15.1/nios2eds/bin/gnu/h-x86_64-mingw32/bin/../lib/gcc/nios2-elf/4.9.2/mhw-mulx\libgcc.a(truncdfsf2.o)
                0x0000000002033708                __truncdfsf2
 .text          0x00000000020338a0       0x64 c:/altera/15.1/nios2eds/bin/gnu/h-x86_64-mingw32/bin/../lib/gcc/nios2-elf/4.9.2/mhw-mulx\libgcc.a(_clzsi2.o)
                0x00000000020338a0                __clzsi2
 .text          0x0000000002033904      0x12c c:/altera/15.1/nios2eds/bin/gnu/h-x86_64-mingw32/bin/../lib/gcc/nios2-elf/4.9.2/mhw-mulx\libgcc.a(lib2-divmod.o)
                0x0000000002033970                __divsi3
                0x00000000020339c4                __modsi3
                0x0000000002033a20                __udivsi3
                0x0000000002033a28                __umodsi3
 .text          0x0000000002033a30        0x0 c:/altera/15.1/nios2eds/bin/gnu/h-x86_64-mingw32/bin/../lib/gcc/nios2-elf/4.9.2/mhw-mulx\libgcc.a(_clz.o)
 .text          0x0000000002033a30        0x0 c:/altera/15.1/nios2eds/bin/gnu/h-x86_64-mingw32/bin/../lib/gcc/nios2-elf/4.9.2/../../../../../H-x86_64-mingw32/nios2-elf/lib/mhw-mulx\libc.a(lib_a-atof.o)
 .text.atof     0x0000000002033a30        0x8 c:/altera/15.1/nios2eds/bin/gnu/h-x86_64-mingw32/bin/../lib/gcc/nios2-elf/4.9.2/../../../../../H-x86_64-mingw32/nios2-elf/lib/mhw-mulx\libc.a(lib_a-atof.o)
                0x0000000002033a30                atof
 .text          0x0000000002033a38        0x0 c:/altera/15.1/nios2eds/bin/gnu/h-x86_64-mingw32/bin/../lib/gcc/nios2-elf/4.9.2/../../../../../H-x86_64-mingw32/nios2-elf/lib/mhw-mulx\libc.a(lib_a-atol.o)
 .text.atol     0x0000000002033a38        0xc c:/altera/15.1/nios2eds/bin/gnu/h-x86_64-mingw32/bin/../lib/gcc/nios2-elf/4.9.2/../../../../../H-x86_64-mingw32/nios2-elf/lib/mhw-mulx\libc.a(lib_a-atol.o)
                0x0000000002033a38                atol
 .text._atol_r  0x0000000002033a44        0xc c:/altera/15.1/nios2eds/bin/gnu/h-x86_64-mingw32/bin/../lib/gcc/nios2-elf/4.9.2/../../../../../H-x86_64-mingw32/nios2-elf/lib/mhw-mulx\libc.a(lib_a-atol.o)
                0x0000000002033a44                _atol_r
 .text          0x0000000002033a50        0x0 c:/altera/15.1/nios2eds/bin/gnu/h-x86_64-mingw32/bin/../lib/gcc/nios2-elf/4.9.2/../../../../../H-x86_64-mingw32/nios2-elf/lib/mhw-mulx\libc.a(lib_a-calloc.o)
 .text.calloc   0x0000000002033a50       0x1c c:/altera/15.1/nios2eds/bin/gnu/h-x86_64-mingw32/bin/../lib/gcc/nios2-elf/4.9.2/../../../../../H-x86_64-mingw32/nios2-elf/lib/mhw-mulx\libc.a(lib_a-calloc.o)
                0x0000000002033a50                calloc
 .text          0x0000000002033a6c        0x0 c:/altera/15.1/nios2eds/bin/gnu/h-x86_64-mingw32/bin/../lib/gcc/nios2-elf/4.9.2/../../../../../H-x86_64-mingw32/nios2-elf/lib/mhw-mulx\libc.a(lib_a-callocr.o)
 .text._calloc_r
                0x0000000002033a6c       0xc4 c:/altera/15.1/nios2eds/bin/gnu/h-x86_64-mingw32/bin/../lib/gcc/nios2-elf/4.9.2/../../../../../H-x86_64-mingw32/nios2-elf/lib/mhw-mulx\libc.a(lib_a-callocr.o)
                0x0000000002033a6c                _calloc_r
 .text          0x0000000002033b30        0x0 c:/altera/15.1/nios2eds/bin/gnu/h-x86_64-mingw32/bin/../lib/gcc/nios2-elf/4.9.2/../../../../../H-x86_64-mingw32/nios2-elf/lib/mhw-mulx\libc.a(lib_a-ctype_.o)
 .text          0x0000000002033b30        0x0 c:/altera/15.1/nios2eds/bin/gnu/h-x86_64-mingw32/bin/../lib/gcc/nios2-elf/4.9.2/../../../../../H-x86_64-mingw32/nios2-elf/lib/mhw-mulx\libc.a(lib_a-errno.o)
 .text.__errno  0x0000000002033b30       0x10 c:/altera/15.1/nios2eds/bin/gnu/h-x86_64-mingw32/bin/../lib/gcc/nios2-elf/4.9.2/../../../../../H-x86_64-mingw32/nios2-elf/lib/mhw-mulx\libc.a(lib_a-errno.o)
                0x0000000002033b30                __errno
 .text          0x0000000002033b40        0x0 c:/altera/15.1/nios2eds/bin/gnu/h-x86_64-mingw32/bin/../lib/gcc/nios2-elf/4.9.2/../../../../../H-x86_64-mingw32/nios2-elf/lib/mhw-mulx\libc.a(lib_a-impure.o)
 .text          0x0000000002033b40        0x0 c:/altera/15.1/nios2eds/bin/gnu/h-x86_64-mingw32/bin/../lib/gcc/nios2-elf/4.9.2/../../../../../H-x86_64-mingw32/nios2-elf/lib/mhw-mulx\libc.a(lib_a-malloc.o)
 .text.malloc   0x0000000002033b40       0x14 c:/altera/15.1/nios2eds/bin/gnu/h-x86_64-mingw32/bin/../lib/gcc/nios2-elf/4.9.2/../../../../../H-x86_64-mingw32/nios2-elf/lib/mhw-mulx\libc.a(lib_a-malloc.o)
                0x0000000002033b40                malloc
 .text.free     0x0000000002033b54       0x14 c:/altera/15.1/nios2eds/bin/gnu/h-x86_64-mingw32/bin/../lib/gcc/nios2-elf/4.9.2/../../../../../H-x86_64-mingw32/nios2-elf/lib/mhw-mulx\libc.a(lib_a-malloc.o)
                0x0000000002033b54                free
 .text          0x0000000002033b68        0x0 c:/altera/15.1/nios2eds/bin/gnu/h-x86_64-mingw32/bin/../lib/gcc/nios2-elf/4.9.2/../../../../../H-x86_64-mingw32/nios2-elf/lib/mhw-mulx\libc.a(lib_a-mallocr.o)
 .text._malloc_r
                0x0000000002033b68      0x7a8 c:/altera/15.1/nios2eds/bin/gnu/h-x86_64-mingw32/bin/../lib/gcc/nios2-elf/4.9.2/../../../../../H-x86_64-mingw32/nios2-elf/lib/mhw-mulx\libc.a(lib_a-mallocr.o)
                0x0000000002033b68                _malloc_r
 .text          0x0000000002034310        0x0 c:/altera/15.1/nios2eds/bin/gnu/h-x86_64-mingw32/bin/../lib/gcc/nios2-elf/4.9.2/../../../../../H-x86_64-mingw32/nios2-elf/lib/mhw-mulx\libc.a(lib_a-memcmp.o)
 .text.memcmp   0x0000000002034310       0x7c c:/altera/15.1/nios2eds/bin/gnu/h-x86_64-mingw32/bin/../lib/gcc/nios2-elf/4.9.2/../../../../../H-x86_64-mingw32/nios2-elf/lib/mhw-mulx\libc.a(lib_a-memcmp.o)
                0x0000000002034310                memcmp
 .text          0x000000000203438c        0x0 c:/altera/15.1/nios2eds/bin/gnu/h-x86_64-mingw32/bin/../lib/gcc/nios2-elf/4.9.2/../../../../../H-x86_64-mingw32/nios2-elf/lib/mhw-mulx\libc.a(lib_a-memcpy.o)
 .text.memcpy   0x000000000203438c      0x138 c:/altera/15.1/nios2eds/bin/gnu/h-x86_64-mingw32/bin/../lib/gcc/nios2-elf/4.9.2/../../../../../H-x86_64-mingw32/nios2-elf/lib/mhw-mulx\libc.a(lib_a-memcpy.o)
                0x000000000203438c                memcpy
 .text          0x00000000020344c4        0x0 c:/altera/15.1/nios2eds/bin/gnu/h-x86_64-mingw32/bin/../lib/gcc/nios2-elf/4.9.2/../../../../../H-x86_64-mingw32/nios2-elf/lib/mhw-mulx\libc.a(lib_a-memset.o)
 .text.memset   0x00000000020344c4      0x124 c:/altera/15.1/nios2eds/bin/gnu/h-x86_64-mingw32/bin/../lib/gcc/nios2-elf/4.9.2/../../../../../H-x86_64-mingw32/nios2-elf/lib/mhw-mulx\libc.a(lib_a-memset.o)
                0x00000000020344c4                memset
 .text          0x00000000020345e8        0x0 c:/altera/15.1/nios2eds/bin/gnu/h-x86_64-mingw32/bin/../lib/gcc/nios2-elf/4.9.2/../../../../../H-x86_64-mingw32/nios2-elf/lib/mhw-mulx\libc.a(lib_a-printf.o)
 .text._printf_r
                0x00000000020345e8       0x2c c:/altera/15.1/nios2eds/bin/gnu/h-x86_64-mingw32/bin/../lib/gcc/nios2-elf/4.9.2/../../../../../H-x86_64-mingw32/nios2-elf/lib/mhw-mulx\libc.a(lib_a-printf.o)
                0x00000000020345e8                _printf_r
 .text.printf   0x0000000002034614       0x3c c:/altera/15.1/nios2eds/bin/gnu/h-x86_64-mingw32/bin/../lib/gcc/nios2-elf/4.9.2/../../../../../H-x86_64-mingw32/nios2-elf/lib/mhw-mulx\libc.a(lib_a-printf.o)
                0x0000000002034614                printf
 .text          0x0000000002034650        0x0 c:/altera/15.1/nios2eds/bin/gnu/h-x86_64-mingw32/bin/../lib/gcc/nios2-elf/4.9.2/../../../../../H-x86_64-mingw32/nios2-elf/lib/mhw-mulx\libc.a(lib_a-puts.o)
 .text._puts_r  0x0000000002034650       0xa8 c:/altera/15.1/nios2eds/bin/gnu/h-x86_64-mingw32/bin/../lib/gcc/nios2-elf/4.9.2/../../../../../H-x86_64-mingw32/nios2-elf/lib/mhw-mulx\libc.a(lib_a-puts.o)
                0x0000000002034650                _puts_r
 .text.puts     0x00000000020346f8       0x14 c:/altera/15.1/nios2eds/bin/gnu/h-x86_64-mingw32/bin/../lib/gcc/nios2-elf/4.9.2/../../../../../H-x86_64-mingw32/nios2-elf/lib/mhw-mulx\libc.a(lib_a-puts.o)
                0x00000000020346f8                puts
 .text          0x000000000203470c        0x0 c:/altera/15.1/nios2eds/bin/gnu/h-x86_64-mingw32/bin/../lib/gcc/nios2-elf/4.9.2/../../../../../H-x86_64-mingw32/nios2-elf/lib/mhw-mulx\libc.a(lib_a-sbrkr.o)
 .text._sbrk_r  0x000000000203470c       0x54 c:/altera/15.1/nios2eds/bin/gnu/h-x86_64-mingw32/bin/../lib/gcc/nios2-elf/4.9.2/../../../../../H-x86_64-mingw32/nios2-elf/lib/mhw-mulx\libc.a(lib_a-sbrkr.o)
                0x000000000203470c                _sbrk_r
 .text          0x0000000002034760        0x0 c:/altera/15.1/nios2eds/bin/gnu/h-x86_64-mingw32/bin/../lib/gcc/nios2-elf/4.9.2/../../../../../H-x86_64-mingw32/nios2-elf/lib/mhw-mulx\libc.a(lib_a-sprintf.o)
 .text._sprintf_r
                0x0000000002034760       0x58 c:/altera/15.1/nios2eds/bin/gnu/h-x86_64-mingw32/bin/../lib/gcc/nios2-elf/4.9.2/../../../../../H-x86_64-mingw32/nios2-elf/lib/mhw-mulx\libc.a(lib_a-sprintf.o)
                0x0000000002034760                _sprintf_r
 .text.sprintf  0x00000000020347b8       0x6c c:/altera/15.1/nios2eds/bin/gnu/h-x86_64-mingw32/bin/../lib/gcc/nios2-elf/4.9.2/../../../../../H-x86_64-mingw32/nios2-elf/lib/mhw-mulx\libc.a(lib_a-sprintf.o)
                0x00000000020347b8                sprintf
 .text          0x0000000002034824        0x0 c:/altera/15.1/nios2eds/bin/gnu/h-x86_64-mingw32/bin/../lib/gcc/nios2-elf/4.9.2/../../../../../H-x86_64-mingw32/nios2-elf/lib/mhw-mulx\libc.a(lib_a-strchr.o)
 .text.strchr   0x0000000002034824      0x164 c:/altera/15.1/nios2eds/bin/gnu/h-x86_64-mingw32/bin/../lib/gcc/nios2-elf/4.9.2/../../../../../H-x86_64-mingw32/nios2-elf/lib/mhw-mulx\libc.a(lib_a-strchr.o)
                0x0000000002034824                strchr
 .text          0x0000000002034988        0x0 c:/altera/15.1/nios2eds/bin/gnu/h-x86_64-mingw32/bin/../lib/gcc/nios2-elf/4.9.2/../../../../../H-x86_64-mingw32/nios2-elf/lib/mhw-mulx\libc.a(lib_a-strcpy.o)
 .text.strcpy   0x0000000002034988       0x90 c:/altera/15.1/nios2eds/bin/gnu/h-x86_64-mingw32/bin/../lib/gcc/nios2-elf/4.9.2/../../../../../H-x86_64-mingw32/nios2-elf/lib/mhw-mulx\libc.a(lib_a-strcpy.o)
                0x0000000002034988                strcpy
 .text          0x0000000002034a18        0x0 c:/altera/15.1/nios2eds/bin/gnu/h-x86_64-mingw32/bin/../lib/gcc/nios2-elf/4.9.2/../../../../../H-x86_64-mingw32/nios2-elf/lib/mhw-mulx\libc.a(lib_a-strlen.o)
 .text.strlen   0x0000000002034a18       0x98 c:/altera/15.1/nios2eds/bin/gnu/h-x86_64-mingw32/bin/../lib/gcc/nios2-elf/4.9.2/../../../../../H-x86_64-mingw32/nios2-elf/lib/mhw-mulx\libc.a(lib_a-strlen.o)
                0x0000000002034a18                strlen
 .text          0x0000000002034ab0        0x0 c:/altera/15.1/nios2eds/bin/gnu/h-x86_64-mingw32/bin/../lib/gcc/nios2-elf/4.9.2/../../../../../H-x86_64-mingw32/nios2-elf/lib/mhw-mulx\libc.a(lib_a-strncmp.o)
 .text.strncmp  0x0000000002034ab0       0xc0 c:/altera/15.1/nios2eds/bin/gnu/h-x86_64-mingw32/bin/../lib/gcc/nios2-elf/4.9.2/../../../../../H-x86_64-mingw32/nios2-elf/lib/mhw-mulx\libc.a(lib_a-strncmp.o)
                0x0000000002034ab0                strncmp
 .text          0x0000000002034b70        0x0 c:/altera/15.1/nios2eds/bin/gnu/h-x86_64-mingw32/bin/../lib/gcc/nios2-elf/4.9.2/../../../../../H-x86_64-mingw32/nios2-elf/lib/mhw-mulx\libc.a(lib_a-strncpy.o)
 .text.strncpy  0x0000000002034b70       0xec c:/altera/15.1/nios2eds/bin/gnu/h-x86_64-mingw32/bin/../lib/gcc/nios2-elf/4.9.2/../../../../../H-x86_64-mingw32/nios2-elf/lib/mhw-mulx\libc.a(lib_a-strncpy.o)
                0x0000000002034b70                strncpy
 .text          0x0000000002034c5c        0x0 c:/altera/15.1/nios2eds/bin/gnu/h-x86_64-mingw32/bin/../lib/gcc/nios2-elf/4.9.2/../../../../../H-x86_64-mingw32/nios2-elf/lib/mhw-mulx\libc.a(lib_a-strrchr.o)
 .text.strrchr  0x0000000002034c5c       0x68 c:/altera/15.1/nios2eds/bin/gnu/h-x86_64-mingw32/bin/../lib/gcc/nios2-elf/4.9.2/../../../../../H-x86_64-mingw32/nios2-elf/lib/mhw-mulx\libc.a(lib_a-strrchr.o)
                0x0000000002034c5c                strrchr
 .text          0x0000000002034cc4        0x0 c:/altera/15.1/nios2eds/bin/gnu/h-x86_64-mingw32/bin/../lib/gcc/nios2-elf/4.9.2/../../../../../H-x86_64-mingw32/nios2-elf/lib/mhw-mulx\libc.a(lib_a-strtod.o)
 .text.sulp     0x0000000002034cc4       0x64 c:/altera/15.1/nios2eds/bin/gnu/h-x86_64-mingw32/bin/../lib/gcc/nios2-elf/4.9.2/../../../../../H-x86_64-mingw32/nios2-elf/lib/mhw-mulx\libc.a(lib_a-strtod.o)
 .text._strtod_r
                0x0000000002034d28     0x15ec c:/altera/15.1/nios2eds/bin/gnu/h-x86_64-mingw32/bin/../lib/gcc/nios2-elf/4.9.2/../../../../../H-x86_64-mingw32/nios2-elf/lib/mhw-mulx\libc.a(lib_a-strtod.o)
                0x0000000002034d28                _strtod_r
 .text.strtod   0x0000000002036314       0x1c c:/altera/15.1/nios2eds/bin/gnu/h-x86_64-mingw32/bin/../lib/gcc/nios2-elf/4.9.2/../../../../../H-x86_64-mingw32/nios2-elf/lib/mhw-mulx\libc.a(lib_a-strtod.o)
                0x0000000002036314                strtod
 .text.strtof   0x0000000002036330      0x104 c:/altera/15.1/nios2eds/bin/gnu/h-x86_64-mingw32/bin/../lib/gcc/nios2-elf/4.9.2/../../../../../H-x86_64-mingw32/nios2-elf/lib/mhw-mulx\libc.a(lib_a-strtod.o)
                0x0000000002036330                strtof
 .text          0x0000000002036434        0x0 c:/altera/15.1/nios2eds/bin/gnu/h-x86_64-mingw32/bin/../lib/gcc/nios2-elf/4.9.2/../../../../../H-x86_64-mingw32/nios2-elf/lib/mhw-mulx\libc.a(lib_a-strtol.o)
 .text._strtol_r
                0x0000000002036434      0x240 c:/altera/15.1/nios2eds/bin/gnu/h-x86_64-mingw32/bin/../lib/gcc/nios2-elf/4.9.2/../../../../../H-x86_64-mingw32/nios2-elf/lib/mhw-mulx\libc.a(lib_a-strtol.o)
                0x0000000002036434                _strtol_r
 .text.strtol   0x0000000002036674       0x24 c:/altera/15.1/nios2eds/bin/gnu/h-x86_64-mingw32/bin/../lib/gcc/nios2-elf/4.9.2/../../../../../H-x86_64-mingw32/nios2-elf/lib/mhw-mulx\libc.a(lib_a-strtol.o)
                0x0000000002036674                strtol
 .text          0x0000000002036698        0x0 c:/altera/15.1/nios2eds/bin/gnu/h-x86_64-mingw32/bin/../lib/gcc/nios2-elf/4.9.2/../../../../../H-x86_64-mingw32/nios2-elf/lib/mhw-mulx\libc.a(lib_a-svfprintf.o)
 .text.___svfprintf_internal_r
                0x0000000002036698     0x1f90 c:/altera/15.1/nios2eds/bin/gnu/h-x86_64-mingw32/bin/../lib/gcc/nios2-elf/4.9.2/../../../../../H-x86_64-mingw32/nios2-elf/lib/mhw-mulx\libc.a(lib_a-svfprintf.o)
                0x0000000002036698                ___svfprintf_internal_r
 .text          0x0000000002038628        0x0 c:/altera/15.1/nios2eds/bin/gnu/h-x86_64-mingw32/bin/../lib/gcc/nios2-elf/4.9.2/../../../../../H-x86_64-mingw32/nios2-elf/lib/mhw-mulx\libc.a(lib_a-vfprintf.o)
 .text.___vfprintf_internal_r
                0x0000000002038628     0x1f50 c:/altera/15.1/nios2eds/bin/gnu/h-x86_64-mingw32/bin/../lib/gcc/nios2-elf/4.9.2/../../../../../H-x86_64-mingw32/nios2-elf/lib/mhw-mulx\libc.a(lib_a-vfprintf.o)
                0x0000000002038628                ___vfprintf_internal_r
 .text.__vfprintf_internal
                0x000000000203a578       0x24 c:/altera/15.1/nios2eds/bin/gnu/h-x86_64-mingw32/bin/../lib/gcc/nios2-elf/4.9.2/../../../../../H-x86_64-mingw32/nios2-elf/lib/mhw-mulx\libc.a(lib_a-vfprintf.o)
                0x000000000203a578                __vfprintf_internal
 .text.__sbprintf
                0x000000000203a59c       0xbc c:/altera/15.1/nios2eds/bin/gnu/h-x86_64-mingw32/bin/../lib/gcc/nios2-elf/4.9.2/../../../../../H-x86_64-mingw32/nios2-elf/lib/mhw-mulx\libc.a(lib_a-vfprintf.o)
 .text          0x000000000203a658        0x0 c:/altera/15.1/nios2eds/bin/gnu/h-x86_64-mingw32/bin/../lib/gcc/nios2-elf/4.9.2/../../../../../H-x86_64-mingw32/nios2-elf/lib/mhw-mulx\libc.a(lib_a-vsprintf.o)
 .text._vsprintf_r
                0x000000000203a658       0x50 c:/altera/15.1/nios2eds/bin/gnu/h-x86_64-mingw32/bin/../lib/gcc/nios2-elf/4.9.2/../../../../../H-x86_64-mingw32/nios2-elf/lib/mhw-mulx\libc.a(lib_a-vsprintf.o)
                0x000000000203a658                _vsprintf_r
 .text.vsprintf
                0x000000000203a6a8       0x24 c:/altera/15.1/nios2eds/bin/gnu/h-x86_64-mingw32/bin/../lib/gcc/nios2-elf/4.9.2/../../../../../H-x86_64-mingw32/nios2-elf/lib/mhw-mulx\libc.a(lib_a-vsprintf.o)
                0x000000000203a6a8                vsprintf
 .text          0x000000000203a6cc        0x0 c:/altera/15.1/nios2eds/bin/gnu/h-x86_64-mingw32/bin/../lib/gcc/nios2-elf/4.9.2/../../../../../H-x86_64-mingw32/nios2-elf/lib/mhw-mulx\libc.a(lib_a-wsetup.o)
 .text.__swsetup_r
                0x000000000203a6cc      0x154 c:/altera/15.1/nios2eds/bin/gnu/h-x86_64-mingw32/bin/../lib/gcc/nios2-elf/4.9.2/../../../../../H-x86_64-mingw32/nios2-elf/lib/mhw-mulx\libc.a(lib_a-wsetup.o)
                0x000000000203a6cc                __swsetup_r
 .text          0x000000000203a820        0x0 c:/altera/15.1/nios2eds/bin/gnu/h-x86_64-mingw32/bin/../lib/gcc/nios2-elf/4.9.2/../../../../../H-x86_64-mingw32/nios2-elf/lib/mhw-mulx\libc.a(lib_a-dtoa.o)
 .text.quorem   0x000000000203a820      0x200 c:/altera/15.1/nios2eds/bin/gnu/h-x86_64-mingw32/bin/../lib/gcc/nios2-elf/4.9.2/../../../../../H-x86_64-mingw32/nios2-elf/lib/mhw-mulx\libc.a(lib_a-dtoa.o)
 .text._dtoa_r  0x000000000203aa20     0x1728 c:/altera/15.1/nios2eds/bin/gnu/h-x86_64-mingw32/bin/../lib/gcc/nios2-elf/4.9.2/../../../../../H-x86_64-mingw32/nios2-elf/lib/mhw-mulx\libc.a(lib_a-dtoa.o)
                0x000000000203aa20                _dtoa_r
 .text          0x000000000203c148        0x0 c:/altera/15.1/nios2eds/bin/gnu/h-x86_64-mingw32/bin/../lib/gcc/nios2-elf/4.9.2/../../../../../H-x86_64-mingw32/nios2-elf/lib/mhw-mulx\libc.a(lib_a-fflush.o)
 .text.__sflush_r
                0x000000000203c148      0x208 c:/altera/15.1/nios2eds/bin/gnu/h-x86_64-mingw32/bin/../lib/gcc/nios2-elf/4.9.2/../../../../../H-x86_64-mingw32/nios2-elf/lib/mhw-mulx\libc.a(lib_a-fflush.o)
                0x000000000203c148                __sflush_r
 .text._fflush_r
                0x000000000203c350       0x5c c:/altera/15.1/nios2eds/bin/gnu/h-x86_64-mingw32/bin/../lib/gcc/nios2-elf/4.9.2/../../../../../H-x86_64-mingw32/nios2-elf/lib/mhw-mulx\libc.a(lib_a-fflush.o)
                0x000000000203c350                _fflush_r
 .text.fflush   0x000000000203c3ac       0x30 c:/altera/15.1/nios2eds/bin/gnu/h-x86_64-mingw32/bin/../lib/gcc/nios2-elf/4.9.2/../../../../../H-x86_64-mingw32/nios2-elf/lib/mhw-mulx\libc.a(lib_a-fflush.o)
                0x000000000203c3ac                fflush
 .text          0x000000000203c3dc        0x0 c:/altera/15.1/nios2eds/bin/gnu/h-x86_64-mingw32/bin/../lib/gcc/nios2-elf/4.9.2/../../../../../H-x86_64-mingw32/nios2-elf/lib/mhw-mulx\libc.a(lib_a-findfp.o)
 .text.__fp_lock
                0x000000000203c3dc        0x8 c:/altera/15.1/nios2eds/bin/gnu/h-x86_64-mingw32/bin/../lib/gcc/nios2-elf/4.9.2/../../../../../H-x86_64-mingw32/nios2-elf/lib/mhw-mulx\libc.a(lib_a-findfp.o)
 .text.__fp_unlock
                0x000000000203c3e4        0x8 c:/altera/15.1/nios2eds/bin/gnu/h-x86_64-mingw32/bin/../lib/gcc/nios2-elf/4.9.2/../../../../../H-x86_64-mingw32/nios2-elf/lib/mhw-mulx\libc.a(lib_a-findfp.o)
 .text._cleanup_r
                0x000000000203c3ec        0xc c:/altera/15.1/nios2eds/bin/gnu/h-x86_64-mingw32/bin/../lib/gcc/nios2-elf/4.9.2/../../../../../H-x86_64-mingw32/nios2-elf/lib/mhw-mulx\libc.a(lib_a-findfp.o)
                0x000000000203c3ec                _cleanup_r
 .text.__sinit.part.1
                0x000000000203c3f8      0x19c c:/altera/15.1/nios2eds/bin/gnu/h-x86_64-mingw32/bin/../lib/gcc/nios2-elf/4.9.2/../../../../../H-x86_64-mingw32/nios2-elf/lib/mhw-mulx\libc.a(lib_a-findfp.o)
 .text.__sfmoreglue
                0x000000000203c594       0x68 c:/altera/15.1/nios2eds/bin/gnu/h-x86_64-mingw32/bin/../lib/gcc/nios2-elf/4.9.2/../../../../../H-x86_64-mingw32/nios2-elf/lib/mhw-mulx\libc.a(lib_a-findfp.o)
                0x000000000203c594                __sfmoreglue
 .text.__sfp    0x000000000203c5fc      0x118 c:/altera/15.1/nios2eds/bin/gnu/h-x86_64-mingw32/bin/../lib/gcc/nios2-elf/4.9.2/../../../../../H-x86_64-mingw32/nios2-elf/lib/mhw-mulx\libc.a(lib_a-findfp.o)
                0x000000000203c5fc                __sfp
 .text._cleanup
                0x000000000203c714       0x18 c:/altera/15.1/nios2eds/bin/gnu/h-x86_64-mingw32/bin/../lib/gcc/nios2-elf/4.9.2/../../../../../H-x86_64-mingw32/nios2-elf/lib/mhw-mulx\libc.a(lib_a-findfp.o)
                0x000000000203c714                _cleanup
 .text.__sinit  0x000000000203c72c       0x10 c:/altera/15.1/nios2eds/bin/gnu/h-x86_64-mingw32/bin/../lib/gcc/nios2-elf/4.9.2/../../../../../H-x86_64-mingw32/nios2-elf/lib/mhw-mulx\libc.a(lib_a-findfp.o)
                0x000000000203c72c                __sinit
 .text.__sfp_lock_acquire
                0x000000000203c73c        0x4 c:/altera/15.1/nios2eds/bin/gnu/h-x86_64-mingw32/bin/../lib/gcc/nios2-elf/4.9.2/../../../../../H-x86_64-mingw32/nios2-elf/lib/mhw-mulx\libc.a(lib_a-findfp.o)
                0x000000000203c73c                __sfp_lock_acquire
 .text.__sfp_lock_release
                0x000000000203c740        0x4 c:/altera/15.1/nios2eds/bin/gnu/h-x86_64-mingw32/bin/../lib/gcc/nios2-elf/4.9.2/../../../../../H-x86_64-mingw32/nios2-elf/lib/mhw-mulx\libc.a(lib_a-findfp.o)
                0x000000000203c740                __sfp_lock_release
 .text.__sinit_lock_acquire
                0x000000000203c744        0x4 c:/altera/15.1/nios2eds/bin/gnu/h-x86_64-mingw32/bin/../lib/gcc/nios2-elf/4.9.2/../../../../../H-x86_64-mingw32/nios2-elf/lib/mhw-mulx\libc.a(lib_a-findfp.o)
                0x000000000203c744                __sinit_lock_acquire
 .text.__sinit_lock_release
                0x000000000203c748        0x4 c:/altera/15.1/nios2eds/bin/gnu/h-x86_64-mingw32/bin/../lib/gcc/nios2-elf/4.9.2/../../../../../H-x86_64-mingw32/nios2-elf/lib/mhw-mulx\libc.a(lib_a-findfp.o)
                0x000000000203c748                __sinit_lock_release
 .text.__fp_lock_all
                0x000000000203c74c       0x18 c:/altera/15.1/nios2eds/bin/gnu/h-x86_64-mingw32/bin/../lib/gcc/nios2-elf/4.9.2/../../../../../H-x86_64-mingw32/nios2-elf/lib/mhw-mulx\libc.a(lib_a-findfp.o)
                0x000000000203c74c                __fp_lock_all
 .text.__fp_unlock_all
                0x000000000203c764       0x18 c:/altera/15.1/nios2eds/bin/gnu/h-x86_64-mingw32/bin/../lib/gcc/nios2-elf/4.9.2/../../../../../H-x86_64-mingw32/nios2-elf/lib/mhw-mulx\libc.a(lib_a-findfp.o)
                0x000000000203c764                __fp_unlock_all
 .text          0x000000000203c77c        0x0 c:/altera/15.1/nios2eds/bin/gnu/h-x86_64-mingw32/bin/../lib/gcc/nios2-elf/4.9.2/../../../../../H-x86_64-mingw32/nios2-elf/lib/mhw-mulx\libc.a(lib_a-freer.o)
 .text._malloc_trim_r
                0x000000000203c77c      0x124 c:/altera/15.1/nios2eds/bin/gnu/h-x86_64-mingw32/bin/../lib/gcc/nios2-elf/4.9.2/../../../../../H-x86_64-mingw32/nios2-elf/lib/mhw-mulx\libc.a(lib_a-freer.o)
                0x000000000203c77c                _malloc_trim_r
 .text._free_r  0x000000000203c8a0      0x2f0 c:/altera/15.1/nios2eds/bin/gnu/h-x86_64-mingw32/bin/../lib/gcc/nios2-elf/4.9.2/../../../../../H-x86_64-mingw32/nios2-elf/lib/mhw-mulx\libc.a(lib_a-freer.o)
                0x000000000203c8a0                _free_r
 .text          0x000000000203cb90        0x0 c:/altera/15.1/nios2eds/bin/gnu/h-x86_64-mingw32/bin/../lib/gcc/nios2-elf/4.9.2/../../../../../H-x86_64-mingw32/nios2-elf/lib/mhw-mulx\libc.a(lib_a-fvwrite.o)
 .text.__sfvwrite_r
                0x000000000203cb90      0x4c0 c:/altera/15.1/nios2eds/bin/gnu/h-x86_64-mingw32/bin/../lib/gcc/nios2-elf/4.9.2/../../../../../H-x86_64-mingw32/nios2-elf/lib/mhw-mulx\libc.a(lib_a-fvwrite.o)
                0x000000000203cb90                __sfvwrite_r
 .text          0x000000000203d050        0x0 c:/altera/15.1/nios2eds/bin/gnu/h-x86_64-mingw32/bin/../lib/gcc/nios2-elf/4.9.2/../../../../../H-x86_64-mingw32/nios2-elf/lib/mhw-mulx\libc.a(lib_a-fwalk.o)
 .text._fwalk   0x000000000203d050       0xc4 c:/altera/15.1/nios2eds/bin/gnu/h-x86_64-mingw32/bin/../lib/gcc/nios2-elf/4.9.2/../../../../../H-x86_64-mingw32/nios2-elf/lib/mhw-mulx\libc.a(lib_a-fwalk.o)
                0x000000000203d050                _fwalk
 .text._fwalk_reent
                0x000000000203d114       0xc4 c:/altera/15.1/nios2eds/bin/gnu/h-x86_64-mingw32/bin/../lib/gcc/nios2-elf/4.9.2/../../../../../H-x86_64-mingw32/nios2-elf/lib/mhw-mulx\libc.a(lib_a-fwalk.o)
                0x000000000203d114                _fwalk_reent
 .text          0x000000000203d1d8        0x0 c:/altera/15.1/nios2eds/bin/gnu/h-x86_64-mingw32/bin/../lib/gcc/nios2-elf/4.9.2/../../../../../H-x86_64-mingw32/nios2-elf/lib/mhw-mulx\libc.a(lib_a-gdtoa-gethex.o)
 .text.rshift   0x000000000203d1d8      0x100 c:/altera/15.1/nios2eds/bin/gnu/h-x86_64-mingw32/bin/../lib/gcc/nios2-elf/4.9.2/../../../../../H-x86_64-mingw32/nios2-elf/lib/mhw-mulx\libc.a(lib_a-gdtoa-gethex.o)
 .text.__gethex
                0x000000000203d2d8      0x834 c:/altera/15.1/nios2eds/bin/gnu/h-x86_64-mingw32/bin/../lib/gcc/nios2-elf/4.9.2/../../../../../H-x86_64-mingw32/nios2-elf/lib/mhw-mulx\libc.a(lib_a-gdtoa-gethex.o)
                0x000000000203d2d8                __gethex
 .text          0x000000000203db0c        0x0 c:/altera/15.1/nios2eds/bin/gnu/h-x86_64-mingw32/bin/../lib/gcc/nios2-elf/4.9.2/../../../../../H-x86_64-mingw32/nios2-elf/lib/mhw-mulx\libc.a(lib_a-gdtoa-hexnan.o)
 .text.__hexnan
                0x000000000203db0c      0x26c c:/altera/15.1/nios2eds/bin/gnu/h-x86_64-mingw32/bin/../lib/gcc/nios2-elf/4.9.2/../../../../../H-x86_64-mingw32/nios2-elf/lib/mhw-mulx\libc.a(lib_a-gdtoa-hexnan.o)
                0x000000000203db0c                __hexnan
 .text          0x000000000203dd78        0x0 c:/altera/15.1/nios2eds/bin/gnu/h-x86_64-mingw32/bin/../lib/gcc/nios2-elf/4.9.2/../../../../../H-x86_64-mingw32/nios2-elf/lib/mhw-mulx\libc.a(lib_a-int_errno.o)
 .text          0x000000000203dd78        0x0 c:/altera/15.1/nios2eds/bin/gnu/h-x86_64-mingw32/bin/../lib/gcc/nios2-elf/4.9.2/../../../../../H-x86_64-mingw32/nios2-elf/lib/mhw-mulx\libc.a(lib_a-locale.o)
 .text._setlocale_r
                0x000000000203dd78       0x7c c:/altera/15.1/nios2eds/bin/gnu/h-x86_64-mingw32/bin/../lib/gcc/nios2-elf/4.9.2/../../../../../H-x86_64-mingw32/nios2-elf/lib/mhw-mulx\libc.a(lib_a-locale.o)
                0x000000000203dd78                _setlocale_r
 .text.__locale_charset
                0x000000000203ddf4        0xc c:/altera/15.1/nios2eds/bin/gnu/h-x86_64-mingw32/bin/../lib/gcc/nios2-elf/4.9.2/../../../../../H-x86_64-mingw32/nios2-elf/lib/mhw-mulx\libc.a(lib_a-locale.o)
                0x000000000203ddf4                __locale_charset
 .text.__locale_mb_cur_max
                0x000000000203de00       0x10 c:/altera/15.1/nios2eds/bin/gnu/h-x86_64-mingw32/bin/../lib/gcc/nios2-elf/4.9.2/../../../../../H-x86_64-mingw32/nios2-elf/lib/mhw-mulx\libc.a(lib_a-locale.o)
                0x000000000203de00                __locale_mb_cur_max
 .text.__locale_msgcharset
                0x000000000203de10        0xc c:/altera/15.1/nios2eds/bin/gnu/h-x86_64-mingw32/bin/../lib/gcc/nios2-elf/4.9.2/../../../../../H-x86_64-mingw32/nios2-elf/lib/mhw-mulx\libc.a(lib_a-locale.o)
                0x000000000203de10                __locale_msgcharset
 .text.__locale_cjk_lang
                0x000000000203de1c        0x8 c:/altera/15.1/nios2eds/bin/gnu/h-x86_64-mingw32/bin/../lib/gcc/nios2-elf/4.9.2/../../../../../H-x86_64-mingw32/nios2-elf/lib/mhw-mulx\libc.a(lib_a-locale.o)
                0x000000000203de1c                __locale_cjk_lang
 .text._localeconv_r
                0x000000000203de24        0xc c:/altera/15.1/nios2eds/bin/gnu/h-x86_64-mingw32/bin/../lib/gcc/nios2-elf/4.9.2/../../../../../H-x86_64-mingw32/nios2-elf/lib/mhw-mulx\libc.a(lib_a-locale.o)
                0x000000000203de24                _localeconv_r
 .text.setlocale
                0x000000000203de30       0x1c c:/altera/15.1/nios2eds/bin/gnu/h-x86_64-mingw32/bin/../lib/gcc/nios2-elf/4.9.2/../../../../../H-x86_64-mingw32/nios2-elf/lib/mhw-mulx\libc.a(lib_a-locale.o)
                0x000000000203de30                setlocale
 .text.localeconv
                0x000000000203de4c        0xc c:/altera/15.1/nios2eds/bin/gnu/h-x86_64-mingw32/bin/../lib/gcc/nios2-elf/4.9.2/../../../../../H-x86_64-mingw32/nios2-elf/lib/mhw-mulx\libc.a(lib_a-locale.o)
                0x000000000203de4c                localeconv
 .text          0x000000000203de58        0x0 c:/altera/15.1/nios2eds/bin/gnu/h-x86_64-mingw32/bin/../lib/gcc/nios2-elf/4.9.2/../../../../../H-x86_64-mingw32/nios2-elf/lib/mhw-mulx\libc.a(lib_a-makebuf.o)
 .text.__smakebuf_r
                0x000000000203de58      0x1b8 c:/altera/15.1/nios2eds/bin/gnu/h-x86_64-mingw32/bin/../lib/gcc/nios2-elf/4.9.2/../../../../../H-x86_64-mingw32/nios2-elf/lib/mhw-mulx\libc.a(lib_a-makebuf.o)
                0x000000000203de58                __smakebuf_r
 .text          0x000000000203e010        0x0 c:/altera/15.1/nios2eds/bin/gnu/h-x86_64-mingw32/bin/../lib/gcc/nios2-elf/4.9.2/../../../../../H-x86_64-mingw32/nios2-elf/lib/mhw-mulx\libc.a(lib_a-memchr.o)
 .text.memchr   0x000000000203e010       0xe8 c:/altera/15.1/nios2eds/bin/gnu/h-x86_64-mingw32/bin/../lib/gcc/nios2-elf/4.9.2/../../../../../H-x86_64-mingw32/nios2-elf/lib/mhw-mulx\libc.a(lib_a-memchr.o)
                0x000000000203e010                memchr
 .text          0x000000000203e0f8        0x0 c:/altera/15.1/nios2eds/bin/gnu/h-x86_64-mingw32/bin/../lib/gcc/nios2-elf/4.9.2/../../../../../H-x86_64-mingw32/nios2-elf/lib/mhw-mulx\libc.a(lib_a-memmove.o)
 .text.memmove  0x000000000203e0f8      0x15c c:/altera/15.1/nios2eds/bin/gnu/h-x86_64-mingw32/bin/../lib/gcc/nios2-elf/4.9.2/../../../../../H-x86_64-mingw32/nios2-elf/lib/mhw-mulx\libc.a(lib_a-memmove.o)
                0x000000000203e0f8                memmove
 .text          0x000000000203e254        0x0 c:/altera/15.1/nios2eds/bin/gnu/h-x86_64-mingw32/bin/../lib/gcc/nios2-elf/4.9.2/../../../../../H-x86_64-mingw32/nios2-elf/lib/mhw-mulx\libc.a(lib_a-mprec.o)
 .text._Balloc  0x000000000203e254       0xa8 c:/altera/15.1/nios2eds/bin/gnu/h-x86_64-mingw32/bin/../lib/gcc/nios2-elf/4.9.2/../../../../../H-x86_64-mingw32/nios2-elf/lib/mhw-mulx\libc.a(lib_a-mprec.o)
                0x000000000203e254                _Balloc
 .text._Bfree   0x000000000203e2fc       0x28 c:/altera/15.1/nios2eds/bin/gnu/h-x86_64-mingw32/bin/../lib/gcc/nios2-elf/4.9.2/../../../../../H-x86_64-mingw32/nios2-elf/lib/mhw-mulx\libc.a(lib_a-mprec.o)
                0x000000000203e2fc                _Bfree
 .text.__multadd
                0x000000000203e324      0x120 c:/altera/15.1/nios2eds/bin/gnu/h-x86_64-mingw32/bin/../lib/gcc/nios2-elf/4.9.2/../../../../../H-x86_64-mingw32/nios2-elf/lib/mhw-mulx\libc.a(lib_a-mprec.o)
                0x000000000203e324                __multadd
 .text.__s2b    0x000000000203e444      0x104 c:/altera/15.1/nios2eds/bin/gnu/h-x86_64-mingw32/bin/../lib/gcc/nios2-elf/4.9.2/../../../../../H-x86_64-mingw32/nios2-elf/lib/mhw-mulx\libc.a(lib_a-mprec.o)
                0x000000000203e444                __s2b
 .text.__hi0bits
                0x000000000203e548       0x68 c:/altera/15.1/nios2eds/bin/gnu/h-x86_64-mingw32/bin/../lib/gcc/nios2-elf/4.9.2/../../../../../H-x86_64-mingw32/nios2-elf/lib/mhw-mulx\libc.a(lib_a-mprec.o)
                0x000000000203e548                __hi0bits
 .text.__lo0bits
                0x000000000203e5b0       0xb0 c:/altera/15.1/nios2eds/bin/gnu/h-x86_64-mingw32/bin/../lib/gcc/nios2-elf/4.9.2/../../../../../H-x86_64-mingw32/nios2-elf/lib/mhw-mulx\libc.a(lib_a-mprec.o)
                0x000000000203e5b0                __lo0bits
 .text.__i2b    0x000000000203e660       0x3c c:/altera/15.1/nios2eds/bin/gnu/h-x86_64-mingw32/bin/../lib/gcc/nios2-elf/4.9.2/../../../../../H-x86_64-mingw32/nios2-elf/lib/mhw-mulx\libc.a(lib_a-mprec.o)
                0x000000000203e660                __i2b
 .text.__multiply
                0x000000000203e69c      0x1fc c:/altera/15.1/nios2eds/bin/gnu/h-x86_64-mingw32/bin/../lib/gcc/nios2-elf/4.9.2/../../../../../H-x86_64-mingw32/nios2-elf/lib/mhw-mulx\libc.a(lib_a-mprec.o)
                0x000000000203e69c                __multiply
 .text.__pow5mult
                0x000000000203e898      0x140 c:/altera/15.1/nios2eds/bin/gnu/h-x86_64-mingw32/bin/../lib/gcc/nios2-elf/4.9.2/../../../../../H-x86_64-mingw32/nios2-elf/lib/mhw-mulx\libc.a(lib_a-mprec.o)
                0x000000000203e898                __pow5mult
 .text.__lshift
                0x000000000203e9d8      0x150 c:/altera/15.1/nios2eds/bin/gnu/h-x86_64-mingw32/bin/../lib/gcc/nios2-elf/4.9.2/../../../../../H-x86_64-mingw32/nios2-elf/lib/mhw-mulx\libc.a(lib_a-mprec.o)
                0x000000000203e9d8                __lshift
 .text.__mcmp   0x000000000203eb28       0x60 c:/altera/15.1/nios2eds/bin/gnu/h-x86_64-mingw32/bin/../lib/gcc/nios2-elf/4.9.2/../../../../../H-x86_64-mingw32/nios2-elf/lib/mhw-mulx\libc.a(lib_a-mprec.o)
                0x000000000203eb28                __mcmp
 .text.__mdiff  0x000000000203eb88      0x198 c:/altera/15.1/nios2eds/bin/gnu/h-x86_64-mingw32/bin/../lib/gcc/nios2-elf/4.9.2/../../../../../H-x86_64-mingw32/nios2-elf/lib/mhw-mulx\libc.a(lib_a-mprec.o)
                0x000000000203eb88                __mdiff
 .text.__ulp    0x000000000203ed20       0x60 c:/altera/15.1/nios2eds/bin/gnu/h-x86_64-mingw32/bin/../lib/gcc/nios2-elf/4.9.2/../../../../../H-x86_64-mingw32/nios2-elf/lib/mhw-mulx\libc.a(lib_a-mprec.o)
                0x000000000203ed20                __ulp
 .text.__b2d    0x000000000203ed80      0x11c c:/altera/15.1/nios2eds/bin/gnu/h-x86_64-mingw32/bin/../lib/gcc/nios2-elf/4.9.2/../../../../../H-x86_64-mingw32/nios2-elf/lib/mhw-mulx\libc.a(lib_a-mprec.o)
                0x000000000203ed80                __b2d
 .text.__d2b    0x000000000203ee9c      0x13c c:/altera/15.1/nios2eds/bin/gnu/h-x86_64-mingw32/bin/../lib/gcc/nios2-elf/4.9.2/../../../../../H-x86_64-mingw32/nios2-elf/lib/mhw-mulx\libc.a(lib_a-mprec.o)
                0x000000000203ee9c                __d2b
 .text.__ratio  0x000000000203efd8       0xa4 c:/altera/15.1/nios2eds/bin/gnu/h-x86_64-mingw32/bin/../lib/gcc/nios2-elf/4.9.2/../../../../../H-x86_64-mingw32/nios2-elf/lib/mhw-mulx\libc.a(lib_a-mprec.o)
                0x000000000203efd8                __ratio
 .text._mprec_log10
                0x000000000203f07c       0x74 c:/altera/15.1/nios2eds/bin/gnu/h-x86_64-mingw32/bin/../lib/gcc/nios2-elf/4.9.2/../../../../../H-x86_64-mingw32/nios2-elf/lib/mhw-mulx\libc.a(lib_a-mprec.o)
                0x000000000203f07c                _mprec_log10
 .text.__copybits
                0x000000000203f0f0       0x78 c:/altera/15.1/nios2eds/bin/gnu/h-x86_64-mingw32/bin/../lib/gcc/nios2-elf/4.9.2/../../../../../H-x86_64-mingw32/nios2-elf/lib/mhw-mulx\libc.a(lib_a-mprec.o)
                0x000000000203f0f0                __copybits
 .text.__any_on
                0x000000000203f168       0x8c c:/altera/15.1/nios2eds/bin/gnu/h-x86_64-mingw32/bin/../lib/gcc/nios2-elf/4.9.2/../../../../../H-x86_64-mingw32/nios2-elf/lib/mhw-mulx\libc.a(lib_a-mprec.o)
                0x000000000203f168                __any_on
 .text          0x000000000203f1f4        0x0 c:/altera/15.1/nios2eds/bin/gnu/h-x86_64-mingw32/bin/../lib/gcc/nios2-elf/4.9.2/../../../../../H-x86_64-mingw32/nios2-elf/lib/mhw-mulx\libc.a(lib_a-reallocr.o)
 .text._realloc_r
                0x000000000203f1f4      0x568 c:/altera/15.1/nios2eds/bin/gnu/h-x86_64-mingw32/bin/../lib/gcc/nios2-elf/4.9.2/../../../../../H-x86_64-mingw32/nios2-elf/lib/mhw-mulx\libc.a(lib_a-reallocr.o)
                0x000000000203f1f4                _realloc_r
 .text          0x000000000203f75c        0x0 c:/altera/15.1/nios2eds/bin/gnu/h-x86_64-mingw32/bin/../lib/gcc/nios2-elf/4.9.2/../../../../../H-x86_64-mingw32/nios2-elf/lib/mhw-mulx\libc.a(lib_a-stdio.o)
 .text.__sread  0x000000000203f75c       0x54 c:/altera/15.1/nios2eds/bin/gnu/h-x86_64-mingw32/bin/../lib/gcc/nios2-elf/4.9.2/../../../../../H-x86_64-mingw32/nios2-elf/lib/mhw-mulx\libc.a(lib_a-stdio.o)
                0x000000000203f75c                __sread
 .text.__seofread
                0x000000000203f7b0        0x8 c:/altera/15.1/nios2eds/bin/gnu/h-x86_64-mingw32/bin/../lib/gcc/nios2-elf/4.9.2/../../../../../H-x86_64-mingw32/nios2-elf/lib/mhw-mulx\libc.a(lib_a-stdio.o)